Archive member included to satisfy reference by file (symbol)

C:/Program Files (x86)/Arm GNU Toolchain arm-none-eabi/14.3 rel1/bin/../lib/gcc/arm-none-eabi/14.3.1/../../../../arm-none-eabi/lib/thumb/v7e-m+fp/hard\libc_nano.a(libc_a-exit.o)
                              C:/Program Files (x86)/Arm GNU Toolchain arm-none-eabi/14.3 rel1/bin/../lib/gcc/arm-none-eabi/14.3.1/../../../../arm-none-eabi/lib/thumb/v7e-m+fp/hard/crt0.o (exit)
C:/Program Files (x86)/Arm GNU Toolchain arm-none-eabi/14.3 rel1/bin/../lib/gcc/arm-none-eabi/14.3.1/../../../../arm-none-eabi/lib/thumb/v7e-m+fp/hard\libc_nano.a(libc_a-findfp.o)
                              C:/Program Files (x86)/Arm GNU Toolchain arm-none-eabi/14.3 rel1/bin/../lib/gcc/arm-none-eabi/14.3.1/../../../../arm-none-eabi/lib/thumb/v7e-m+fp/hard\libc_nano.a(libc_a-exit.o) (__stdio_exit_handler)
C:/Program Files (x86)/Arm GNU Toolchain arm-none-eabi/14.3 rel1/bin/../lib/gcc/arm-none-eabi/14.3.1/../../../../arm-none-eabi/lib/thumb/v7e-m+fp/hard\libc_nano.a(libc_a-fwalk.o)
                              C:/Program Files (x86)/Arm GNU Toolchain arm-none-eabi/14.3 rel1/bin/../lib/gcc/arm-none-eabi/14.3.1/../../../../arm-none-eabi/lib/thumb/v7e-m+fp/hard\libc_nano.a(libc_a-findfp.o) (_fwalk_sglue)
C:/Program Files (x86)/Arm GNU Toolchain arm-none-eabi/14.3 rel1/bin/../lib/gcc/arm-none-eabi/14.3.1/../../../../arm-none-eabi/lib/thumb/v7e-m+fp/hard\libc_nano.a(libc_a-printf.o)
                              build/fal.o (printf)
C:/Program Files (x86)/Arm GNU Toolchain arm-none-eabi/14.3 rel1/bin/../lib/gcc/arm-none-eabi/14.3.1/../../../../arm-none-eabi/lib/thumb/v7e-m+fp/hard\libc_nano.a(libc_a-putchar.o)
                              build/fdb.o (putchar)
C:/Program Files (x86)/Arm GNU Toolchain arm-none-eabi/14.3 rel1/bin/../lib/gcc/arm-none-eabi/14.3.1/../../../../arm-none-eabi/lib/thumb/v7e-m+fp/hard\libc_nano.a(libc_a-puts.o)
                              build/fal.o (puts)
C:/Program Files (x86)/Arm GNU Toolchain arm-none-eabi/14.3 rel1/bin/../lib/gcc/arm-none-eabi/14.3.1/../../../../arm-none-eabi/lib/thumb/v7e-m+fp/hard\libc_nano.a(libc_a-snprintf.o)
                              build/main.o (snprintf)
C:/Program Files (x86)/Arm GNU Toolchain arm-none-eabi/14.3 rel1/bin/../lib/gcc/arm-none-eabi/14.3.1/../../../../arm-none-eabi/lib/thumb/v7e-m+fp/hard\libc_nano.a(libc_a-stdio.o)
                              C:/Program Files (x86)/Arm GNU Toolchain arm-none-eabi/14.3 rel1/bin/../lib/gcc/arm-none-eabi/14.3.1/../../../../arm-none-eabi/lib/thumb/v7e-m+fp/hard\libc_nano.a(libc_a-findfp.o) (__sread)
C:/Program Files (x86)/Arm GNU Toolchain arm-none-eabi/14.3 rel1/bin/../lib/gcc/arm-none-eabi/14.3.1/../../../../arm-none-eabi/lib/thumb/v7e-m+fp/hard\libc_nano.a(libc_a-wbuf.o)
                              C:/Program Files (x86)/Arm GNU Toolchain arm-none-eabi/14.3 rel1/bin/../lib/gcc/arm-none-eabi/14.3.1/../../../../arm-none-eabi/lib/thumb/v7e-m+fp/hard\libc_nano.a(libc_a-puts.o) (__swbuf_r)
C:/Program Files (x86)/Arm GNU Toolchain arm-none-eabi/14.3 rel1/bin/../lib/gcc/arm-none-eabi/14.3.1/../../../../arm-none-eabi/lib/thumb/v7e-m+fp/hard\libc_nano.a(libc_a-wsetup.o)
                              C:/Program Files (x86)/Arm GNU Toolchain arm-none-eabi/14.3 rel1/bin/../lib/gcc/arm-none-eabi/14.3.1/../../../../arm-none-eabi/lib/thumb/v7e-m+fp/hard\libc_nano.a(libc_a-puts.o) (__swsetup_r)
C:/Program Files (x86)/Arm GNU Toolchain arm-none-eabi/14.3 rel1/bin/../lib/gcc/arm-none-eabi/14.3.1/../../../../arm-none-eabi/lib/thumb/v7e-m+fp/hard\libc_nano.a(libc_a-memset.o)
                              C:/Program Files (x86)/Arm GNU Toolchain arm-none-eabi/14.3 rel1/bin/../lib/gcc/arm-none-eabi/14.3.1/../../../../arm-none-eabi/lib/thumb/v7e-m+fp/hard/crt0.o (memset)
C:/Program Files (x86)/Arm GNU Toolchain arm-none-eabi/14.3 rel1/bin/../lib/gcc/arm-none-eabi/14.3.1/../../../../arm-none-eabi/lib/thumb/v7e-m+fp/hard\libc_nano.a(libc_a-strncmp.o)
                              build/fal_flash.o (strncmp)
C:/Program Files (x86)/Arm GNU Toolchain arm-none-eabi/14.3 rel1/bin/../lib/gcc/arm-none-eabi/14.3.1/../../../../arm-none-eabi/lib/thumb/v7e-m+fp/hard\libc_nano.a(libc_a-strncpy.o)
                              build/fdb_kvdb.o (strncpy)
C:/Program Files (x86)/Arm GNU Toolchain arm-none-eabi/14.3 rel1/bin/../lib/gcc/arm-none-eabi/14.3.1/../../../../arm-none-eabi/lib/thumb/v7e-m+fp/hard\libc_nano.a(libc_a-closer.o)
                              C:/Program Files (x86)/Arm GNU Toolchain arm-none-eabi/14.3 rel1/bin/../lib/gcc/arm-none-eabi/14.3.1/../../../../arm-none-eabi/lib/thumb/v7e-m+fp/hard\libc_nano.a(libc_a-stdio.o) (_close_r)
C:/Program Files (x86)/Arm GNU Toolchain arm-none-eabi/14.3 rel1/bin/../lib/gcc/arm-none-eabi/14.3.1/../../../../arm-none-eabi/lib/thumb/v7e-m+fp/hard\libc_nano.a(libc_a-reent.o)
[...]
Memory Configuration

Name             Origin             Length             Attributes
RAM              0x20000000         0x0000c000         xrw
RAM2             0x10000000         0x00004000         xrw
FLASH            0x08000000         0x00040000         xr
*default*        0x00000000         0xffffffff

Linker script and memory map

LOAD C:/Program Files (x86)/Arm GNU Toolchain arm-none-eabi/14.3 rel1/bin/../lib/gcc/arm-none-eabi/14.3.1/thumb/v7e-m+fp/hard/crti.o
LOAD C:/Program Files (x86)/Arm GNU Toolchain arm-none-eabi/14.3 rel1/bin/../lib/gcc/arm-none-eabi/14.3.1/thumb/v7e-m+fp/hard/crtbegin.o
LOAD C:/Program Files (x86)/Arm GNU Toolchain arm-none-eabi/14.3 rel1/bin/../lib/gcc/arm-none-eabi/14.3.1/../../../../arm-none-eabi/lib/thumb/v7e-m+fp/hard/crt0.o
LOAD build/main.o
LOAD build/fal.o
LOAD build/fal_flash.o
LOAD build/fal_partition.o
LOAD build/fdb.o
LOAD build/fdb_kvdb.o
LOAD build/fdb_tsdb.o
LOAD build/fdb_utils.o
LOAD build/fal_flash_w25q64.o
LOAD build/st7735.o
LOAD build/lcd_text.o
LOAD build/w25q64.o
LOAD build/aht30.o
LOAD build/stm32l4xx_it.o
LOAD build/stm32l4xx_hal_msp.o
LOAD build/stm32l4xx_hal_spi.o
LOAD build/stm32l4xx_hal_spi_ex.o
LOAD build/stm32l4xx_hal.o
LOAD build/stm32l4xx_hal_rcc.o
LOAD build/stm32l4xx_hal_rcc_ex.o
LOAD build/stm32l4xx_hal_flash.o
LOAD build/stm32l4xx_hal_flash_ex.o
LOAD build/stm32l4xx_hal_flash_ramfunc.o
LOAD build/stm32l4xx_hal_gpio.o
LOAD build/stm32l4xx_hal_i2c.o
LOAD build/stm32l4xx_hal_i2c_ex.o
LOAD build/stm32l4xx_hal_dma.o
LOAD build/stm32l4xx_hal_dma_ex.o
LOAD build/stm32l4xx_hal_pwr.o
LOAD build/stm32l4xx_hal_pwr_ex.o
LOAD build/stm32l4xx_hal_cortex.o
LOAD build/stm32l4xx_hal_exti.o
LOAD build/system_stm32l4xx.o
LOAD build/sysmem.o
LOAD build/syscalls.o
LOAD build/stm32l4xx_hal_uart.o
LOAD build/stm32l4xx_hal_uart_ex.o
LOAD build/gpio.o
LOAD build/i2c.o
LOAD build/spi.o
LOAD build/usart.o
LOAD build/freertos.o
LOAD build/stm32l4xx_hal_timebase_tim.o
LOAD build/stm32l4xx_hal_tim.o
LOAD build/stm32l4xx_hal_tim_ex.o
LOAD build/croutine.o
LOAD build/event_groups.o
LOAD build/list.o
LOAD build/queue.o
LOAD build/stream_buffer.o
LOAD build/tasks.o
LOAD build/timers.o
LOAD build/cmsis_os2.o
LOAD build/heap_4.o
LOAD build/port.o
LOAD build/rtc.o
LOAD build/stm32l4xx_hal_rtc.o
LOAD build/stm32l4xx_hal_rtc_ex.o
LOAD build/startup_stm32l431xx.o
LOAD C:/Program Files (x86)/Arm GNU Toolchain arm-none-eabi/14.3 rel1/bin/../lib/gcc/arm-none-eabi/14.3.1/../../../../arm-none-eabi/lib/thumb/v7e-m+fp/hard\libc_nano.a
LOAD C:/Program Files (x86)/Arm GNU Toolchain arm-none-eabi/14.3 rel1/bin/../lib/gcc/arm-none-eabi/14.3.1/../../../../arm-none-eabi/lib/thumb/v7e-m+fp/hard\libm.a
LOAD C:/Program Files (x86)/Arm GNU Toolchain arm-none-eabi/14.3 rel1/bin/../lib/gcc/arm-none-eabi/14.3.1/../../../../arm-none-eabi/lib/thumb/v7e-m+fp/hard\libnosys.a
START GROUP
LOAD C:/Program Files (x86)/Arm GNU Toolchain arm-none-eabi/14.3 rel1/bin/../lib/gcc/arm-none-eabi/14.3.1/thumb/v7e-m+fp/hard\libgcc.a
LOAD C:/Program Files (x86)/Arm GNU Toolchain arm-none-eabi/14.3 rel1/bin/../lib/gcc/arm-none-eabi/14.3.1/../../../../arm-none-eabi/lib/thumb/v7e-m+fp/hard\libc_nano.a
END GROUP
START GROUP
LOAD C:/Program Files (x86)/Arm GNU Toolchain arm-none-eabi/14.3 rel1/bin/../lib/gcc/arm-none-eabi/14.3.1/thumb/v7e-m+fp/hard\libgcc.a
LOAD C:/Program Files (x86)/Arm GNU Toolchain arm-none-eabi/14.3 rel1/bin/../lib/gcc/arm-none-eabi/14.3.1/../../../../arm-none-eabi/lib/thumb/v7e-m+fp/hard\libc_nano.a
END GROUP
LOAD C:/Program Files (x86)/Arm GNU Toolchain arm-none-eabi/14.3 rel1/bin/../lib/gcc/arm-none-eabi/14.3.1/thumb/v7e-m+fp/hard/crtend.o
LOAD C:/Program Files (x86)/Arm GNU Toolchain arm-none-eabi/14.3 rel1/bin/../lib/gcc/arm-none-eabi/14.3.1/thumb/v7e-m+fp/hard/crtn.o
                0x2000c000                        _estack = (ORIGIN (RAM) + LENGTH (RAM))
                0x00000200                        _Min_Heap_Size = 0x200
                0x00000400                        _Min_Stack_Size = 0x400

.isr_vector     0x08000000      0x190
                0x08000000                        . = ALIGN (0x8)
 *(.isr_vector)
 .isr_vector    0x08000000      0x18c build/startup_stm32l431xx.o
                0x08000000                g_pfnVectors
                0x08000190                        . = ALIGN (0x8)
 *fill*         0x0800018c        0x4 

.text           0x08000190     0x9e48
                0x08000190                        . = ALIGN (0x8)
 *(.text)
 .text          0x08000190       0x14 C:/Program Files (x86)/Arm GNU Toolchain arm-none-eabi/14.3 rel1/bin/../lib/gcc/arm-none-eabi/14.3.1/../../../../arm-none-eabi/lib/thumb/v7e-m+fp/hard\libc_nano.a(libc_a-strcmp.o)
                0x08000190                strcmp
 .text          0x080001a4       0x10 C:/Program Files (x86)/Arm GNU Toolchain arm-none-eabi/14.3 rel1/bin/../lib/gcc/arm-none-eabi/14.3.1/../../../../arm-none-eabi/lib/thumb/v7e-m+fp/hard\libc_nano.a(libc_a-strlen.o)
                0x080001a4                strlen
 *fill*         0x080001b4        0xc 
 .text          0x080001c0       0xa0 C:/Program Files (x86)/Arm GNU Toolchain arm-none-eabi/14.3 rel1/bin/../lib/gcc/arm-none-eabi/14.3.1/../../../../arm-none-eabi/lib/thumb/v7e-m+fp/hard\libc_nano.a(libc_a-memchr.o)
                0x080001c0                memchr
 .text          0x08000260       0x30 C:/Program Files (x86)/Arm GNU Toolchain arm-none-eabi/14.3 rel1/bin/../lib/gcc/arm-none-eabi/14.3.1/thumb/v7e-m+fp/hard\libgcc.a(_aeabi_uldivmod.o)
                0x08000260                __aeabi_uldivmod
 .text          0x08000290        0x4 C:/Program Files (x86)/Arm GNU Toolchain arm-none-eabi/14.3 rel1/bin/../lib/gcc/arm-none-eabi/14.3.1/thumb/v7e-m+fp/hard\libgcc.a(_dvmd_tls.o)
                0x08000290                __aeabi_idiv0
                0x08000290                __aeabi_ldiv0
 *(.text*)
 .text.deregister_tm_clones
                0x08000294       0x1c C:/Program Files (x86)/Arm GNU Toolchain arm-none-eabi/14.3 rel1/bin/../lib/gcc/arm-none-eabi/14.3.1/thumb/v7e-m+fp/hard/crtbegin.o
 .text.register_tm_clones
                0x080002b0       0x24 C:/Program Files (x86)/Arm GNU Toolchain arm-none-eabi/14.3 rel1/bin/../lib/gcc/arm-none-eabi/14.3.1/thumb/v7e-m+fp/hard/crtbegin.o
 .text.__do_global_dtors_aux
                0x080002d4       0x28 C:/Program Files (x86)/Arm GNU Toolchain arm-none-eabi/14.3 rel1/bin/../lib/gcc/arm-none-eabi/14.3.1/thumb/v7e-m+fp/hard/crtbegin.o
 .text.frame_dummy
                0x080002fc       0x24 C:/Program Files (x86)/Arm GNU Toolchain arm-none-eabi/14.3 rel1/bin/../lib/gcc/arm-none-eabi/14.3.1/thumb/v7e-m+fp/hard/crtbegin.o
 .text.HAL_TIM_PeriodElapsedCallback
                0x08000320       0x18 build/main.o
                0x08000320                HAL_TIM_PeriodElapsedCallback
 .text.Error_Handler
                0x08000338        0x4 build/main.o
                0x08000338                Error_Handler
 .text.SystemClock_Config
                0x0800033c       0x98 build/main.o
                0x0800033c                SystemClock_Config
 .text.main     0x080003d4      0x328 build/main.o
                0x080003d4                main
 .text.fal_init
                0x080006fc       0x7c build/fal.o
                0x080006fc                fal_init
 .text.fal_flash_init
                0x08000778       0x30 build/fal_flash.o
                0x08000778                fal_flash_init
 .text.fal_flash_device_find
                0x080007a8       0x24 build/fal_flash.o
                0x080007a8                fal_flash_device_find
 .text.flash_device_find_by_part
                0x080007cc       0x18 build/fal_partition.o
 .text.check_and_update_part_cache
                0x080007e4       0x78 build/fal_partition.o
 .text.fal_partition_init
                0x0800085c       0x3c build/fal_partition.o
                0x0800085c                fal_partition_init
 .text.fal_partition_find
                0x08000898       0x38 build/fal_partition.o
                0x08000898                fal_partition_find
 .text.fal_partition_read
                0x080008d0       0xa8 build/fal_partition.o
                0x080008d0                fal_partition_read
 .text.fal_partition_write
                0x08000978       0xa8 build/fal_partition.o
                0x08000978                fal_partition_write
 .text.fal_partition_erase
                0x08000a20       0xa0 build/fal_partition.o
                0x08000a20                fal_partition_erase
 .text._fdb_init_ex
                0x08000ac0      0x170 build/fdb.o
                0x08000ac0                _fdb_init_ex
 .text._fdb_db_path
                0x08000c30        0xe build/fdb.o
                0x08000c30                _fdb_db_path
 *fill*         0x08000c3e        0x2 
 .text._fdb_init_finish
                0x08000c40       0x9c build/fdb.o
                0x08000c40                _fdb_init_finish
 .text.get_sector_from_cache
                0x08000cdc       0x2c build/fdb_kvdb.o
 .text.update_sector_empty_addr_cache
                0x08000d08       0x1a build/fdb_kvdb.o
 .text.update_sector_status_store_cache
                0x08000d22        0xe build/fdb_kvdb.o
 .text.get_next_sector_addr
                0x08000d30       0x34 build/fdb_kvdb.o
 .text.fdb_is_str
                0x08000d64       0x1a build/fdb_kvdb.o
 .text.sector_statistics_cb
                0x08000d7e       0x2a build/fdb_kvdb.o
 .text.alloc_kv_cb
                0x08000da8       0x3e build/fdb_kvdb.o
 .text.gc_check_cb
                0x08000de6       0x12 build/fdb_kvdb.o
 .text.check_oldest_addr_cb
                0x08000df8       0x1e build/fdb_kvdb.o
 .text.update_kv_cache
                0x08000e16       0xd6 build/fdb_kvdb.o
 .text.find_next_kv_addr
                0x08000eec       0xb8 build/fdb_kvdb.o
 .text.get_next_kv_addr
                0x08000fa4       0x6c build/fdb_kvdb.o
 .text.get_kv_from_cache
                0x08001010       0xa8 build/fdb_kvdb.o
 .text.find_kv_cb
                0x080010b8       0x40 build/fdb_kvdb.o
 .text.read_kv  0x080010f8      0x178 build/fdb_kvdb.o
 .text.update_sec_status
                0x08001270       0x86 build/fdb_kvdb.o
 .text.update_sector_cache
                0x080012f6       0xba build/fdb_kvdb.o
 .text.read_sector_info
                0x080013b0      0x1d0 build/fdb_kvdb.o
 .text.kv_iterator
                0x08001580       0x7c build/fdb_kvdb.o
 .text.find_kv_no_cache
                0x080015fc       0x2c build/fdb_kvdb.o
 .text.find_kv  0x08001628       0x50 build/fdb_kvdb.o
 .text.get_kv   0x08001678       0x46 build/fdb_kvdb.o
 .text.sector_iterator
                0x080016be       0x72 build/fdb_kvdb.o
 .text.gc_collect_by_free_size
                0x08001730       0x9c build/fdb_kvdb.o
 .text.gc_collect
                0x080017cc        0xa build/fdb_kvdb.o
 .text.check_and_recovery_gc_cb
                0x080017d6       0x22 build/fdb_kvdb.o
 .text.alloc_kv
                0x080017f8       0xd0 build/fdb_kvdb.o
 .text.new_kv   0x080018c8       0xa8 build/fdb_kvdb.o
 .text.new_kv_ex
                0x08001970        0xc build/fdb_kvdb.o
 .text.del_kv   0x0800197c      0x140 build/fdb_kvdb.o
 .text.write_kv_hdr
                0x08001abc       0x2e build/fdb_kvdb.o
 *fill*         0x08001aea        0x2 
 .text.create_kv_blob
                0x08001aec      0x1ec build/fdb_kvdb.o
 .text.set_kv   0x08001cd8       0xa4 build/fdb_kvdb.o
 .text.move_kv  0x08001d7c      0x184 build/fdb_kvdb.o
 .text.check_and_recovery_kv_cb
                0x08001f00       0xf4 build/fdb_kvdb.o
 .text.format_sector
                0x08001ff4       0xd4 build/fdb_kvdb.o
 .text.do_gc    0x080020c8      0x15c build/fdb_kvdb.o
 .text.check_sec_hdr_cb
                0x08002224       0x68 build/fdb_kvdb.o
 .text.fdb_kv_get_blob
                0x0800228c       0x68 build/fdb_kvdb.o
                0x0800228c                fdb_kv_get_blob
 .text.fdb_kv_get
                0x080022f4       0x9c build/fdb_kvdb.o
                0x080022f4                fdb_kv_get
 .text.fdb_kv_del
                0x08002390       0x5c build/fdb_kvdb.o
                0x08002390                fdb_kv_del
 .text.fdb_kv_set_blob
                0x080023ec       0x5c build/fdb_kvdb.o
                0x080023ec                fdb_kv_set_blob
 .text.fdb_kv_set
                0x08002448       0x30 build/fdb_kvdb.o
                0x08002448                fdb_kv_set
 .text.fdb_kv_set_default
                0x08002478       0x9c build/fdb_kvdb.o
                0x08002478                fdb_kv_set_default
 .text._fdb_kv_load
                0x08002514       0xb8 build/fdb_kvdb.o
 .text.fdb_kvdb_init
                0x080025cc      0x184 build/fdb_kvdb.o
                0x080025cc                fdb_kvdb_init
 .text.get_next_sector_addr
                0x08002750       0x24 build/fdb_tsdb.o
 .text.get_next_tsl_addr
                0x08002774       0x20 build/fdb_tsdb.o
 .text.format_sector
                0x08002794       0x94 build/fdb_tsdb.o
 .text.format_all_cb
                0x08002828       0x10 build/fdb_tsdb.o
 .text.read_tsl
                0x08002838       0x44 build/fdb_tsdb.o
 .text.read_sector_info
                0x0800287c      0x190 build/fdb_tsdb.o
 .text.update_sec_status
                0x08002a0c      0x1c4 build/fdb_tsdb.o
 .text.sector_iterator
                0x08002bd0       0x72 build/fdb_tsdb.o
 .text.write_tsl
                0x08002c42       0x74 build/fdb_tsdb.o
 *fill*         0x08002cb6        0x2 
 .text.tsl_append
                0x08002cb8      0x120 build/fdb_tsdb.o
 .text.tsl_format_all
                0x08002dd8       0x64 build/fdb_tsdb.o
 .text.check_sec_hdr_cb
                0x08002e3c       0xf4 build/fdb_tsdb.o
 .text.fdb_tsl_append
                0x08002f30       0x58 build/fdb_tsdb.o
                0x08002f30                fdb_tsl_append
 .text.fdb_tsl_iter
                0x08002f88       0xe8 build/fdb_tsdb.o
                0x08002f88                fdb_tsl_iter
 .text.fdb_tsl_to_blob
                0x08003070       0x12 build/fdb_tsdb.o
                0x08003070                fdb_tsl_to_blob
 *fill*         0x08003082        0x2 
 .text.fdb_tsdb_init
                0x08003084      0x1ac build/fdb_tsdb.o
                0x08003084                fdb_tsdb_init
 .text.fdb_calc_crc32
                0x08003230       0x28 build/fdb_utils.o
                0x08003230                fdb_calc_crc32
 .text._fdb_set_status
                0x08003258       0x2c build/fdb_utils.o
                0x08003258                _fdb_set_status
 .text._fdb_get_status
                0x08003284       0x30 build/fdb_utils.o
                0x08003284                _fdb_get_status
 .text.fdb_blob_make
                0x080032b4        0x6 build/fdb_utils.o
                0x080032b4                fdb_blob_make
 .text._fdb_flash_read
                0x080032ba       0x1c build/fdb_utils.o
                0x080032ba                _fdb_flash_read
 *fill*         0x080032d6        0x2 
 .text._fdb_read_status
                0x080032d8       0x44 build/fdb_utils.o
                0x080032d8                _fdb_read_status
 .text._fdb_continue_ff_addr
                0x0800331c       0x6e build/fdb_utils.o
                0x0800331c                _fdb_continue_ff_addr
 .text.fdb_blob_read
                0x0800338a       0x1e build/fdb_utils.o
                0x0800338a                fdb_blob_read
 .text._fdb_flash_erase
                0x080033a8       0x1c build/fdb_utils.o
                0x080033a8                _fdb_flash_erase
 .text._fdb_flash_write
                0x080033c4       0x1c build/fdb_utils.o
                0x080033c4                _fdb_flash_write
 .text._fdb_write_status
                0x080033e0       0x80 build/fdb_utils.o
                0x080033e0                _fdb_write_status
 .text._fdb_flash_write_align
                0x08003460       0x1c build/fdb_utils.o
                0x08003460                _fdb_flash_write_align
 .text.erase    0x0800347c       0x22 build/fal_flash_w25q64.o
 .text.write    0x0800349e       0x12 build/fal_flash_w25q64.o
 .text.read     0x080034b0       0x12 build/fal_flash_w25q64.o
 .text.init     0x080034c2        0xa build/fal_flash_w25q64.o
 .text.ST7735_WriteData
                0x080034cc       0x40 build/st7735.o
 .text.ST7735_WriteCommand
                0x0800350c       0x48 build/st7735.o
 .text.ST7735_WriteDataByte
                0x08003554       0x48 build/st7735.o
 .text.ST7735_Reset
                0x0800359c       0x3c build/st7735.o
 .text.ST7735_SetAddressWindow
                0x080035d8       0x64 build/st7735.o
                0x080035d8                ST7735_SetAddressWindow
 .text.ST7735_DrawPixel
                0x0800363c       0x30 build/st7735.o
                0x0800363c                ST7735_DrawPixel
 .text.ST7735_FillRect
                0x0800366c       0x94 build/st7735.o
                0x0800366c                ST7735_FillRect
 .text.ST7735_FillScreen
                0x08003700       0x18 build/st7735.o
                0x08003700                ST7735_FillScreen
 .text.ST7735_Init
                0x08003718      0x198 build/st7735.o
                0x08003718                ST7735_Init
 .text.font_index
                0x080038b0       0xa8 build/lcd_text.o
 .text.lcd_char_supported
                0x08003958       0x44 build/lcd_text.o
 .text.LCD_ClearArea
                0x0800399c       0x1e build/lcd_text.o
                0x0800399c                LCD_ClearArea
 *fill*         0x080039ba        0x2 
 .text.LCD_ShowCharEx
                0x080039bc       0x84 build/lcd_text.o
                0x080039bc                LCD_ShowCharEx
 .text.LCD_ShowStringEx
                0x08003a40       0x86 build/lcd_text.o
                0x08003a40                LCD_ShowStringEx
 .text.LCD_ShowString
                0x08003ac6       0x16 build/lcd_text.o
                0x08003ac6                LCD_ShowString
 .text.LCD_ShowUInt
                0x08003adc       0x34 build/lcd_text.o
                0x08003adc                LCD_ShowUInt
 .text.W25Q64_Init
                0x08003b10       0x10 build/w25q64.o
                0x08003b10                W25Q64_Init
 .text.W25Q64_ReadWriteByte
                0x08003b20       0x34 build/w25q64.o
                0x08003b20                W25Q64_ReadWriteByte
 .text.W25Q64_ReadJEDECID
                0x08003b54       0x40 build/w25q64.o
                0x08003b54                W25Q64_ReadJEDECID
 .text.W25Q64_WriteEnable
                0x08003b94       0x22 build/w25q64.o
                0x08003b94                W25Q64_WriteEnable
 .text.W25Q64_WaitBusy
                0x08003bb6       0x2e build/w25q64.o
                0x08003bb6                W25Q64_WaitBusy
 .text.W25Q64_Read
                0x08003be4       0x50 build/w25q64.o
                0x08003be4                W25Q64_Read
 .text.W25Q64_EraseSector
                0x08003c34       0x42 build/w25q64.o
                0x08003c34                W25Q64_EraseSector
 .text.W25Q64_Write
                0x08003c76       0x76 build/w25q64.o
                0x08003c76                W25Q64_Write
 .text.NMI_Handler
                0x08003cec        0x2 build/stm32l4xx_it.o
                0x08003cec                NMI_Handler
 .text.HardFault_Handler
                0x08003cee        0x2 build/stm32l4xx_it.o
                0x08003cee                HardFault_Handler
 .text.MemManage_Handler
                0x08003cf0        0x2 build/stm32l4xx_it.o
                0x08003cf0                MemManage_Handler
 .text.BusFault_Handler
                0x08003cf2        0x2 build/stm32l4xx_it.o
                0x08003cf2                BusFault_Handler
 .text.UsageFault_Handler
                0x08003cf4        0x2 build/stm32l4xx_it.o
                0x08003cf4                UsageFault_Handler
 .text.DebugMon_Handler
                0x08003cf6        0x2 build/stm32l4xx_it.o
                0x08003cf6                DebugMon_Handler
 .text.TIM1_BRK_TIM15_IRQHandler
                0x08003cf8       0x10 build/stm32l4xx_it.o
                0x08003cf8                TIM1_BRK_TIM15_IRQHandler
 .text.HAL_MspInit
                0x08003d08       0x40 build/stm32l4xx_hal_msp.o
                0x08003d08                HAL_MspInit
 .text.SPI_WaitFlagStateUntilTimeout
                0x08003d48       0xc8 build/stm32l4xx_hal_spi.o
 .text.SPI_WaitFifoStateUntilTimeout
                0x08003e10       0xf0 build/stm32l4xx_hal_spi.o
 .text.SPI_EndRxTxTransaction
                0x08003f00       0x62 build/stm32l4xx_hal_spi.o
 .text.HAL_SPI_Init
                0x08003f62       0xde build/stm32l4xx_hal_spi.o
                0x08003f62                HAL_SPI_Init
 .text.HAL_SPI_Transmit
                0x08004040      0x20a build/stm32l4xx_hal_spi.o
                0x08004040                HAL_SPI_Transmit
 .text.HAL_SPI_TransmitReceive
                0x0800424a      0x2fc build/stm32l4xx_hal_spi.o
                0x0800424a                HAL_SPI_TransmitReceive
 .text.HAL_Init
                0x08004546       0x1e build/stm32l4xx_hal.o
                0x08004546                HAL_Init
 .text.HAL_IncTick
                0x08004564       0x18 build/stm32l4xx_hal.o
                0x08004564                HAL_IncTick
 .text.HAL_GetTick
                0x0800457c        0xc build/stm32l4xx_hal.o
                0x0800457c                HAL_GetTick
 .text.HAL_Delay
                0x08004588       0x28 build/stm32l4xx_hal.o
                0x08004588                HAL_Delay
 .text.RCC_SetFlashLatencyFromMSIRange
                0x080045b0       0x90 build/stm32l4xx_hal_rcc.o
 .text.HAL_RCC_GetSysClockFreq
                0x08004640       0xa8 build/stm32l4xx_hal_rcc.o
                0x08004640                HAL_RCC_GetSysClockFreq
 .text.HAL_RCC_OscConfig
                0x080046e8      0x66c build/stm32l4xx_hal_rcc.o
                0x080046e8                HAL_RCC_OscConfig
 .text.HAL_RCC_ClockConfig
                0x08004d54      0x188 build/stm32l4xx_hal_rcc.o
                0x08004d54                HAL_RCC_ClockConfig
 .text.HAL_RCC_GetHCLKFreq
                0x08004edc        0xc build/stm32l4xx_hal_rcc.o
                0x08004edc                HAL_RCC_GetHCLKFreq
 .text.HAL_RCC_GetPCLK1Freq
                0x08004ee8       0x24 build/stm32l4xx_hal_rcc.o
                0x08004ee8                HAL_RCC_GetPCLK1Freq
 .text.HAL_RCC_GetPCLK2Freq
                0x08004f0c       0x24 build/stm32l4xx_hal_rcc.o
                0x08004f0c                HAL_RCC_GetPCLK2Freq
 .text.HAL_RCC_GetClockConfig
                0x08004f30       0x3c build/stm32l4xx_hal_rcc.o
                0x08004f30                HAL_RCC_GetClockConfig
 .text.RCCEx_PLLSAI1_Config
                0x08004f6c      0x170 build/stm32l4xx_hal_rcc_ex.o
 .text.HAL_RCCEx_PeriphCLKConfig
                0x080050dc      0x31c build/stm32l4xx_hal_rcc_ex.o
                0x080050dc                HAL_RCCEx_PeriphCLKConfig
 .text.HAL_GPIO_Init
                0x080053f8      0x1c8 build/stm32l4xx_hal_gpio.o
                0x080053f8                HAL_GPIO_Init
 .text.HAL_GPIO_WritePin
                0x080055c0        0xa build/stm32l4xx_hal_gpio.o
                0x080055c0                HAL_GPIO_WritePin
 .text.HAL_GPIO_TogglePin
                0x080055ca       0x12 build/stm32l4xx_hal_gpio.o
                0x080055ca                HAL_GPIO_TogglePin
 .text.HAL_I2C_Init
                0x080055dc       0xc8 build/stm32l4xx_hal_i2c.o
                0x080055dc                HAL_I2C_Init
 .text.HAL_I2CEx_ConfigAnalogFilter
                0x080056a4       0x5a build/stm32l4xx_hal_i2c_ex.o
                0x080056a4                HAL_I2CEx_ConfigAnalogFilter
 .text.HAL_I2CEx_ConfigDigitalFilter
                0x080056fe       0x56 build/stm32l4xx_hal_i2c_ex.o
                0x080056fe                HAL_I2CEx_ConfigDigitalFilter
 .text.HAL_PWR_EnableBkUpAccess
                0x08005754       0x10 build/stm32l4xx_hal_pwr.o
                0x08005754                HAL_PWR_EnableBkUpAccess
 .text.HAL_PWREx_GetVoltageRange
                0x08005764       0x10 build/stm32l4xx_hal_pwr_ex.o
                0x08005764                HAL_PWREx_GetVoltageRange
 .text.HAL_PWREx_ControlVoltageScaling
                0x08005774       0x90 build/stm32l4xx_hal_pwr_ex.o
                0x08005774                HAL_PWREx_ControlVoltageScaling
 .text.__NVIC_EnableIRQ
                0x08005804       0x1c build/stm32l4xx_hal_cortex.o
 .text.__NVIC_SetPriority
                0x08005820       0x28 build/stm32l4xx_hal_cortex.o
 .text.NVIC_EncodePriority
                0x08005848       0x3e build/stm32l4xx_hal_cortex.o
 *fill*         0x08005886        0x2 
 .text.HAL_NVIC_SetPriorityGrouping
                0x08005888       0x24 build/stm32l4xx_hal_cortex.o
                0x08005888                HAL_NVIC_SetPriorityGrouping
 .text.HAL_NVIC_SetPriority
                0x080058ac       0x20 build/stm32l4xx_hal_cortex.o
                0x080058ac                HAL_NVIC_SetPriority
 .text.HAL_NVIC_EnableIRQ
                0x080058cc        0x8 build/stm32l4xx_hal_cortex.o
                0x080058cc                HAL_NVIC_EnableIRQ
 .text.SystemInit
                0x080058d4       0x14 build/system_stm32l4xx.o
                0x080058d4                SystemInit
 .text._sbrk    0x080058e8       0x48 build/sysmem.o
                0x080058e8                _sbrk
 .text._read    0x08005930       0x20 build/syscalls.o
                0x08005930                _read
 .text._write   0x08005950       0x1c build/syscalls.o
                0x08005950                _write
 .text._close   0x0800596c        0x6 build/syscalls.o
                0x0800596c                _close
 .text._fstat   0x08005972        0xa build/syscalls.o
                0x08005972                _fstat
 .text._isatty  0x0800597c        0x4 build/syscalls.o
                0x0800597c                _isatty
 .text._lseek   0x08005980        0x4 build/syscalls.o
                0x08005980                _lseek
 .text.UART_EndRxTransfer
                0x08005984       0x52 build/stm32l4xx_hal_uart.o
 *fill*         0x080059d6        0x2 
 .text.UART_SetConfig
                0x080059d8      0x29c build/stm32l4xx_hal_uart.o
                0x080059d8                UART_SetConfig
 .text.UART_AdvFeatureConfig
                0x08005c74       0xca build/stm32l4xx_hal_uart.o
                0x08005c74                UART_AdvFeatureConfig
 .text.UART_WaitOnFlagUntilTimeout
                0x08005d3e       0x9e build/stm32l4xx_hal_uart.o
                0x08005d3e                UART_WaitOnFlagUntilTimeout
 .text.HAL_UART_Transmit
                0x08005ddc       0xd6 build/stm32l4xx_hal_uart.o
                0x08005ddc                HAL_UART_Transmit
 .text.UART_CheckIdleState
                0x08005eb2       0xc6 build/stm32l4xx_hal_uart.o
                0x08005eb2                UART_CheckIdleState
 .text.HAL_UART_Init
                0x08005f78       0x62 build/stm32l4xx_hal_uart.o
                0x08005f78                HAL_UART_Init
 *fill*         0x08005fda        0x2 
 .text.MX_GPIO_Init
                0x08005fdc       0x9c build/gpio.o
                0x08005fdc                MX_GPIO_Init
 .text.MX_I2C2_Init
                0x08006078       0x60 build/i2c.o
                0x08006078                MX_I2C2_Init
 .text.HAL_I2C_MspInit
                0x080060d8       0x8c build/i2c.o
                0x080060d8                HAL_I2C_MspInit
 .text.MX_SPI1_Init
                0x08006164       0x4c build/spi.o
                0x08006164                MX_SPI1_Init
 .text.MX_SPI2_Init
                0x080061b0       0x4c build/spi.o
                0x080061b0                MX_SPI2_Init
 .text.HAL_SPI_MspInit
                0x080061fc       0xb8 build/spi.o
                0x080061fc                HAL_SPI_MspInit
 .text.MX_USART1_UART_Init
                0x080062b4       0x38 build/usart.o
                0x080062b4                MX_USART1_UART_Init
 .text.HAL_UART_MspInit
                0x080062ec       0x88 build/usart.o
                0x080062ec                HAL_UART_MspInit
 .text.tsdb_get_time
                0x08006374       0x4c build/freertos.o
 .text.MX_TSDB_Init
                0x080063c0       0x30 build/freertos.o
 .text.TSDB_Read_All
                0x080063f0       0x18 build/freertos.o
 .text.StartDefaultTask
                0x08006408      0x180 build/freertos.o
                0x08006408                StartDefaultTask
 .text.tsdb_query_cb
                0x08006588       0x5c build/freertos.o
 .text.StartTask02
                0x080065e4       0x18 build/freertos.o
                0x080065e4                StartTask02
 .text.MX_FREERTOS_Init
                0x080065fc       0x38 build/freertos.o
                0x080065fc                MX_FREERTOS_Init
 .text.HAL_InitTick
                0x08006634       0x94 build/stm32l4xx_hal_timebase_tim.o
                0x08006634                HAL_InitTick
 .text.HAL_TIM_Base_MspInit
                0x080066c8        0x2 build/stm32l4xx_hal_tim.o
                0x080066c8                HAL_TIM_Base_MspInit
 *fill*         0x080066ca        0x2 
 .text.HAL_TIM_Base_Start_IT
                0x080066cc       0x6c build/stm32l4xx_hal_tim.o
                0x080066cc                HAL_TIM_Base_Start_IT
 .text.HAL_TIM_OC_DelayElapsedCallback
                0x08006738        0x2 build/stm32l4xx_hal_tim.o
                0x08006738                HAL_TIM_OC_DelayElapsedCallback
 .text.HAL_TIM_IC_CaptureCallback
                0x0800673a        0x2 build/stm32l4xx_hal_tim.o
                0x0800673a                HAL_TIM_IC_CaptureCallback
 .text.HAL_TIM_PWM_PulseFinishedCallback
                0x0800673c        0x2 build/stm32l4xx_hal_tim.o
                0x0800673c                HAL_TIM_PWM_PulseFinishedCallback
 .text.HAL_TIM_TriggerCallback
                0x0800673e        0x2 build/stm32l4xx_hal_tim.o
                0x0800673e                HAL_TIM_TriggerCallback
 .text.HAL_TIM_IRQHandler
                0x08006740      0x17a build/stm32l4xx_hal_tim.o
                0x08006740                HAL_TIM_IRQHandler
 *fill*         0x080068ba        0x2 
 .text.TIM_Base_SetConfig
                0x080068bc       0x78 build/stm32l4xx_hal_tim.o
                0x080068bc                TIM_Base_SetConfig
 .text.HAL_TIM_Base_Init
                0x08006934       0x60 build/stm32l4xx_hal_tim.o
                0x08006934                HAL_TIM_Base_Init
 .text.HAL_TIMEx_CommutCallback
                0x08006994        0x2 build/stm32l4xx_hal_tim_ex.o
                0x08006994                HAL_TIMEx_CommutCallback
 .text.HAL_TIMEx_BreakCallback
                0x08006996        0x2 build/stm32l4xx_hal_tim_ex.o
                0x08006996                HAL_TIMEx_BreakCallback
 .text.HAL_TIMEx_Break2Callback
                0x08006998        0x2 build/stm32l4xx_hal_tim_ex.o
                0x08006998                HAL_TIMEx_Break2Callback
 .text.vListInitialise
                0x0800699a       0x16 build/list.o
                0x0800699a                vListInitialise
 .text.vListInitialiseItem
                0x080069b0        0x6 build/list.o
                0x080069b0                vListInitialiseItem
 .text.vListInsertEnd
                0x080069b6       0x16 build/list.o
                0x080069b6                vListInsertEnd
 .text.vListInsert
                0x080069cc       0x32 build/list.o
                0x080069cc                vListInsert
 .text.uxListRemove
                0x080069fe       0x26 build/list.o
                0x080069fe                uxListRemove
 .text.prvIsQueueFull
                0x08006a24       0x1e build/queue.o
 .text.prvIsQueueEmpty
                0x08006a42       0x1a build/queue.o
 .text.prvCopyDataToQueue
                0x08006a5c       0x76 build/queue.o
 .text.prvCopyDataFromQueue
                0x08006ad2       0x24 build/queue.o
 .text.prvUnlockQueue
                0x08006af6       0x6e build/queue.o
 .text.xQueueGenericReset
                0x08006b64       0x84 build/queue.o
                0x08006b64                xQueueGenericReset
 .text.prvInitialiseNewQueue
                0x08006be8       0x22 build/queue.o
 .text.xQueueGenericCreateStatic
                0x08006c0a       0x94 build/queue.o
                0x08006c0a                xQueueGenericCreateStatic
 .text.xQueueGenericSend
                0x08006c9e      0x188 build/queue.o
                0x08006c9e                xQueueGenericSend
 .text.xQueueGenericSendFromISR
                0x08006e26       0xce build/queue.o
                0x08006e26                xQueueGenericSendFromISR
 .text.xQueueReceive
                0x08006ef4      0x15e build/queue.o
                0x08006ef4                xQueueReceive
 *fill*         0x08007052        0x2 
 .text.vQueueAddToRegistry
                0x08007054       0x28 build/queue.o
                0x08007054                vQueueAddToRegistry
 .text.vQueueWaitForMessageRestricted
                0x0800707c       0x52 build/queue.o
                0x0800707c                vQueueWaitForMessageRestricted
 *fill*         0x080070ce        0x2 
 .text.prvResetNextTaskUnblockTime
                0x080070d0       0x2c build/tasks.o
 .text.prvInitialiseNewTask
                0x080070fc       0xa2 build/tasks.o
 *fill*         0x0800719e        0x2 
 .text.prvInitialiseTaskLists
                0x080071a0       0x68 build/tasks.o
 .text.prvAddNewTaskToReadyList
                0x08007208       0xac build/tasks.o
 .text.prvDeleteTCB
                0x080072b4       0x38 build/tasks.o
 .text.prvCheckTasksWaitingTermination
                0x080072ec       0x4c build/tasks.o
 .text.prvIdleTask
                0x08007338       0x28 build/tasks.o
 .text.prvAddCurrentTaskToDelayedList
                0x08007360       0x7c build/tasks.o
 .text.xTaskCreateStatic
                0x080073dc       0x76 build/tasks.o
                0x080073dc                xTaskCreateStatic
 .text.xTaskCreate
                0x08007452       0x64 build/tasks.o
                0x08007452                xTaskCreate
 *fill*         0x080074b6        0x2 
 .text.vTaskStartScheduler
                0x080074b8       0x98 build/tasks.o
                0x080074b8                vTaskStartScheduler
 .text.vTaskSuspendAll
                0x08007550       0x10 build/tasks.o
                0x08007550                vTaskSuspendAll
 .text.xTaskGetTickCount
                0x08007560        0xc build/tasks.o
                0x08007560                xTaskGetTickCount
 .text.xTaskIncrementTick
                0x0800756c      0x118 build/tasks.o
                0x0800756c                xTaskIncrementTick
 .text.xTaskResumeAll
                0x08007684       0xf8 build/tasks.o
                0x08007684                xTaskResumeAll
 .text.vTaskDelay
                0x0800777c       0x4c build/tasks.o
                0x0800777c                vTaskDelay
 .text.vTaskSwitchContext
                0x080077c8       0x98 build/tasks.o
                0x080077c8                vTaskSwitchContext
 .text.vTaskPlaceOnEventList
                0x08007860       0x30 build/tasks.o
                0x08007860                vTaskPlaceOnEventList
 .text.vTaskPlaceOnEventListRestricted
                0x08007890       0x38 build/tasks.o
                0x08007890                vTaskPlaceOnEventListRestricted
 .text.xTaskRemoveFromEventList
                0x080078c8       0x8c build/tasks.o
                0x080078c8                xTaskRemoveFromEventList
 .text.vTaskInternalSetTimeOutState
                0x08007954       0x18 build/tasks.o
                0x08007954                vTaskInternalSetTimeOutState
 .text.xTaskCheckForTimeOut
                0x0800796c       0x88 build/tasks.o
                0x0800796c                xTaskCheckForTimeOut
 .text.vTaskMissedYield
                0x080079f4        0xc build/tasks.o
                0x080079f4                vTaskMissedYield
 .text.xTaskGetSchedulerState
                0x08007a00       0x20 build/tasks.o
                0x08007a00                xTaskGetSchedulerState
 .text.xTaskPriorityDisinherit
                0x08007a20       0x90 build/tasks.o
                0x08007a20                xTaskPriorityDisinherit
 .text.prvGetNextExpireTime
                0x08007ab0       0x20 build/timers.o
 .text.prvInsertTimerInActiveList
                0x08007ad0       0x48 build/timers.o
 .text.prvCheckForValidListAndQueue
                0x08007b18       0x70 build/timers.o
 .text.xTimerCreateTimerTask
                0x08007b88       0x64 build/timers.o
                0x08007b88                xTimerCreateTimerTask
 .text.xTimerGenericCommand
                0x08007bec       0x6c build/timers.o
                0x08007bec                xTimerGenericCommand
 .text.prvSwitchTimerLists
                0x08007c58       0x7c build/timers.o
 .text.prvSampleTimeNow
                0x08007cd4       0x2c build/timers.o
 .text.prvProcessExpiredTimer
                0x08007d00       0x6c build/timers.o
 .text.prvProcessTimerOrBlockTask
                0x08007d6c       0x74 build/timers.o
 .text.prvProcessReceivedCommands
                0x08007de0      0x10c build/timers.o
 .text.prvTimerTask
                0x08007eec       0x16 build/timers.o
 .text.SysTick_Handler
                0x08007f02       0x18 build/cmsis_os2.o
                0x08007f02                SysTick_Handler
 *fill*         0x08007f1a        0x2 
 .text.osKernelInitialize
                0x08007f1c       0x24 build/cmsis_os2.o
                0x08007f1c                osKernelInitialize
 .text.osKernelStart
                0x08007f40       0x38 build/cmsis_os2.o
                0x08007f40                osKernelStart
 .text.osThreadNew
                0x08007f78       0xb4 build/cmsis_os2.o
                0x08007f78                osThreadNew
 .text.osDelay  0x0800802c       0x1c build/cmsis_os2.o
                0x0800802c                osDelay
 .text.vApplicationGetIdleTaskMemory
                0x08008048       0x18 build/cmsis_os2.o
                0x08008048                vApplicationGetIdleTaskMemory
 .text.vApplicationGetTimerTaskMemory
                0x08008060       0x18 build/cmsis_os2.o
                0x08008060                vApplicationGetTimerTaskMemory
 .text.prvHeapInit
                0x08008078       0x68 build/heap_4.o
 .text.prvInsertBlockIntoFreeList
                0x080080e0       0x64 build/heap_4.o
 .text.pvPortMalloc
                0x08008144      0x104 build/heap_4.o
                0x08008144                pvPortMalloc
 .text.vPortFree
                0x08008248       0x7c build/heap_4.o
                0x08008248                vPortFree
 .text.prvTaskExitError
                0x080082c4       0x40 build/port.o
 .text.prvPortStartFirstTask
                0x08008304       0x28 build/port.o
 .text.vPortEnableVFP
                0x0800832c       0x14 build/port.o
 .text.pxPortInitialiseStack
                0x08008340       0x2c build/port.o
                0x08008340                pxPortInitialiseStack
 *fill*         0x0800836c        0x4 
 .text.SVC_Handler
                0x08008370       0x24 build/port.o
                0x08008370                SVC_Handler
 .text.vPortEnterCritical
                0x08008394       0x44 build/port.o
                0x08008394                vPortEnterCritical
 .text.vPortExitCritical
                0x080083d8       0x2c build/port.o
                0x080083d8                vPortExitCritical
 *fill*         0x08008404        0xc 
 .text.PendSV_Handler
                0x08008410       0x64 build/port.o
                0x08008410                PendSV_Handler
 .text.xPortSysTickHandler
                0x08008474       0x2c build/port.o
                0x08008474                xPortSysTickHandler
 .text.vPortSetupTimerInterrupt
                0x080084a0       0x28 build/port.o
                0x080084a0                vPortSetupTimerInterrupt
 .text.xPortStartScheduler
                0x080084c8      0x118 build/port.o
                0x080084c8                xPortStartScheduler
 .text.vPortValidateInterruptPriority
                0x080085e0       0x5c build/port.o
                0x080085e0                vPortValidateInterruptPriority
 .text.MX_RTC_Init
                0x0800863c       0x34 build/rtc.o
                0x0800863c                MX_RTC_Init
 .text.HAL_RTC_MspInit
                0x08008670       0x50 build/rtc.o
                0x08008670                HAL_RTC_MspInit
 .text.HAL_RTC_WaitForSynchro
                0x080086c0       0x34 build/stm32l4xx_hal_rtc.o
                0x080086c0                HAL_RTC_WaitForSynchro
 .text.RTC_EnterInitMode
                0x080086f4       0x44 build/stm32l4xx_hal_rtc.o
                0x080086f4                RTC_EnterInitMode
 .text.RTC_ExitInitMode
                0x08008738       0x4c build/stm32l4xx_hal_rtc.o
                0x08008738                RTC_ExitInitMode
 .text.HAL_RTC_Init
                0x08008784       0xa6 build/stm32l4xx_hal_rtc.o
                0x08008784                HAL_RTC_Init
 .text.RTC_Bcd2ToByte
                0x0800882a       0x12 build/stm32l4xx_hal_rtc.o
                0x0800882a                RTC_Bcd2ToByte
 .text.HAL_RTC_GetTime
                0x0800883c       0x4c build/stm32l4xx_hal_rtc.o
                0x0800883c                HAL_RTC_GetTime
 .text.HAL_RTC_GetDate
                0x08008888       0x3c build/stm32l4xx_hal_rtc.o
                0x08008888                HAL_RTC_GetDate
 .text.Reset_Handler
                0x080088c4       0x50 build/startup_stm32l431xx.o
                0x080088c4                Reset_Handler
 .text.Default_Handler
                0x08008914        0x2 build/startup_stm32l431xx.o
                0x08008914                RTC_Alarm_IRQHandler
                0x08008914                EXTI2_IRQHandler
                0x08008914                TIM1_CC_IRQHandler
                0x08008914                TSC_IRQHandler
                0x08008914                TAMP_STAMP_IRQHandler
                0x08008914                EXTI3_IRQHandler
                0x08008914                LPTIM2_IRQHandler
                0x08008914                I2C3_ER_IRQHandler
                0x08008914                EXTI0_IRQHandler
                0x08008914                I2C2_EV_IRQHandler
                0x08008914                CAN1_RX0_IRQHandler
                0x08008914                FPU_IRQHandler
                0x08008914                TIM1_UP_TIM16_IRQHandler
                0x08008914                SPI1_IRQHandler
                0x08008914                TIM6_DAC_IRQHandler
                0x08008914                DMA2_Channel2_IRQHandler
                0x08008914                DMA1_Channel4_IRQHandler
                0x08008914                ADC1_IRQHandler
                0x08008914                USART3_IRQHandler
                0x08008914                DMA1_Channel7_IRQHandler
                0x08008914                CAN1_RX1_IRQHandler
                0x08008914                DMA2_Channel1_IRQHandler
                0x08008914                QUADSPI_IRQHandler
                0x08008914                I2C1_EV_IRQHandler
                0x08008914                DMA1_Channel6_IRQHandler
                0x08008914                DMA2_Channel4_IRQHandler
                0x08008914                RCC_IRQHandler
                0x08008914                TIM1_TRG_COM_IRQHandler
                0x08008914                DMA1_Channel1_IRQHandler
                0x08008914                Default_Handler
                0x08008914                DMA2_Channel7_IRQHandler
                0x08008914                EXTI15_10_IRQHandler
                0x08008914                TIM7_IRQHandler
                0x08008914                SDMMC1_IRQHandler
                0x08008914                I2C3_EV_IRQHandler
                0x08008914                EXTI9_5_IRQHandler
                0x08008914                RTC_WKUP_IRQHandler
                0x08008914                PVD_PVM_IRQHandler
                0x08008914                SPI2_IRQHandler
                0x08008914                CAN1_TX_IRQHandler
                0x08008914                DMA2_Channel5_IRQHandler
                0x08008914                CRS_IRQHandler
                0x08008914                DMA1_Channel5_IRQHandler
                0x08008914                EXTI4_IRQHandler
                0x08008914                RNG_IRQHandler
                0x08008914                DMA1_Channel3_IRQHandler
                0x08008914                COMP_IRQHandler
                0x08008914                WWDG_IRQHandler
                0x08008914                LPUART1_IRQHandler
                0x08008914                DMA2_Channel6_IRQHandler
                0x08008914                TIM2_IRQHandler
                0x08008914                EXTI1_IRQHandler
                0x08008914                USART2_IRQHandler
                0x08008914                I2C2_ER_IRQHandler
                0x08008914                DMA1_Channel2_IRQHandler
                0x08008914                CAN1_SCE_IRQHandler
                0x08008914                FLASH_IRQHandler
                0x08008914                USART1_IRQHandler
                0x08008914                SPI3_IRQHandler
                0x08008914                I2C1_ER_IRQHandler
                0x08008914                SWPMI1_IRQHandler
                0x08008914                LPTIM1_IRQHandler
                0x08008914                SAI1_IRQHandler
                0x08008914                DMA2_Channel3_IRQHandler
 *fill*         0x08008916        0x2 
 .text.std      0x08008918       0x6c C:/Program Files (x86)/Arm GNU Toolchain arm-none-eabi/14.3 rel1/bin/../lib/gcc/arm-none-eabi/14.3.1/../../../../arm-none-eabi/lib/thumb/v7e-m+fp/hard\libc_nano.a(libc_a-findfp.o)
 .text.stdio_exit_handler
                0x08008984       0x18 C:/Program Files (x86)/Arm GNU Toolchain arm-none-eabi/14.3 rel1/bin/../lib/gcc/arm-none-eabi/14.3.1/../../../../arm-none-eabi/lib/thumb/v7e-m+fp/hard\libc_nano.a(libc_a-findfp.o)
 .text.cleanup_stdio
                0x0800899c       0x40 C:/Program Files (x86)/Arm GNU Toolchain arm-none-eabi/14.3 rel1/bin/../lib/gcc/arm-none-eabi/14.3.1/../../../../arm-none-eabi/lib/thumb/v7e-m+fp/hard\libc_nano.a(libc_a-findfp.o)
 .text.global_stdio_init.part.0
                0x080089dc       0x40 C:/Program Files (x86)/Arm GNU Toolchain arm-none-eabi/14.3 rel1/bin/../lib/gcc/arm-none-eabi/14.3.1/../../../../arm-none-eabi/lib/thumb/v7e-m+fp/hard\libc_nano.a(libc_a-findfp.o)
 .text.__sfp_lock_acquire
                0x08008a1c        0xc C:/Program Files (x86)/Arm GNU Toolchain arm-none-eabi/14.3 rel1/bin/../lib/gcc/arm-none-eabi/14.3.1/../../../../arm-none-eabi/lib/thumb/v7e-m+fp/hard\libc_nano.a(libc_a-findfp.o)
                0x08008a1c                __sfp_lock_acquire
 .text.__sfp_lock_release
                0x08008a28        0xc C:/Program Files (x86)/Arm GNU Toolchain arm-none-eabi/14.3 rel1/bin/../lib/gcc/arm-none-eabi/14.3.1/../../../../arm-none-eabi/lib/thumb/v7e-m+fp/hard\libc_nano.a(libc_a-findfp.o)
                0x08008a28                __sfp_lock_release
 .text.__sinit  0x08008a34       0x30 C:/Program Files (x86)/Arm GNU Toolchain arm-none-eabi/14.3 rel1/bin/../lib/gcc/arm-none-eabi/14.3.1/../../../../arm-none-eabi/lib/thumb/v7e-m+fp/hard\libc_nano.a(libc_a-findfp.o)
                0x08008a34                __sinit
 .text._fwalk_sglue
                0x08008a64       0x3c C:/Program Files (x86)/Arm GNU Toolchain arm-none-eabi/14.3 rel1/bin/../lib/gcc/arm-none-eabi/14.3.1/../../../../arm-none-eabi/lib/thumb/v7e-m+fp/hard\libc_nano.a(libc_a-fwalk.o)
                0x08008a64                _fwalk_sglue
 .text.printf   0x08008aa0       0x24 C:/Program Files (x86)/Arm GNU Toolchain arm-none-eabi/14.3 rel1/bin/../lib/gcc/arm-none-eabi/14.3.1/../../../../arm-none-eabi/lib/thumb/v7e-m+fp/hard\libc_nano.a(libc_a-printf.o)
                0x08008aa0                iprintf
                0x08008aa0                printf
 .text.putchar  0x08008ac4       0x10 C:/Program Files (x86)/Arm GNU Toolchain arm-none-eabi/14.3 rel1/bin/../lib/gcc/arm-none-eabi/14.3.1/../../../../arm-none-eabi/lib/thumb/v7e-m+fp/hard\libc_nano.a(libc_a-putchar.o)
                0x08008ac4                putchar
 .text._puts_r  0x08008ad4       0xaa C:/Program Files (x86)/Arm GNU Toolchain arm-none-eabi/14.3 rel1/bin/../lib/gcc/arm-none-eabi/14.3.1/../../../../arm-none-eabi/lib/thumb/v7e-m+fp/hard\libc_nano.a(libc_a-puts.o)
                0x08008ad4                _puts_r
 *fill*         0x08008b7e        0x2 
 .text.puts     0x08008b80       0x10 C:/Program Files (x86)/Arm GNU Toolchain arm-none-eabi/14.3 rel1/bin/../lib/gcc/arm-none-eabi/14.3.1/../../../../arm-none-eabi/lib/thumb/v7e-m+fp/hard\libc_nano.a(libc_a-puts.o)
                0x08008b80                puts
 .text.snprintf
                0x08008b90       0x6c C:/Program Files (x86)/Arm GNU Toolchain arm-none-eabi/14.3 rel1/bin/../lib/gcc/arm-none-eabi/14.3.1/../../../../arm-none-eabi/lib/thumb/v7e-m+fp/hard\libc_nano.a(libc_a-snprintf.o)
                0x08008b90                sniprintf
                0x08008b90                snprintf
 .text.__sread  0x08008bfc       0x22 C:/Program Files (x86)/Arm GNU Toolchain arm-none-eabi/14.3 rel1/bin/../lib/gcc/arm-none-eabi/14.3.1/../../../../arm-none-eabi/lib/thumb/v7e-m+fp/hard\libc_nano.a(libc_a-stdio.o)
                0x08008bfc                __sread
 .text.__swrite
                0x08008c1e       0x38 C:/Program Files (x86)/Arm GNU Toolchain arm-none-eabi/14.3 rel1/bin/../lib/gcc/arm-none-eabi/14.3.1/../../../../arm-none-eabi/lib/thumb/v7e-m+fp/hard\libc_nano.a(libc_a-stdio.o)
                0x08008c1e                __swrite
 .text.__sseek  0x08008c56       0x26 C:/Program Files (x86)/Arm GNU Toolchain arm-none-eabi/14.3 rel1/bin/../lib/gcc/arm-none-eabi/14.3.1/../../../../arm-none-eabi/lib/thumb/v7e-m+fp/hard\libc_nano.a(libc_a-stdio.o)
                0x08008c56                __sseek
 .text.__sclose
                0x08008c7c        0x8 C:/Program Files (x86)/Arm GNU Toolchain arm-none-eabi/14.3 rel1/bin/../lib/gcc/arm-none-eabi/14.3.1/../../../../arm-none-eabi/lib/thumb/v7e-m+fp/hard\libc_nano.a(libc_a-stdio.o)
                0x08008c7c                __sclose
 .text.__swbuf_r
                0x08008c84       0x7c C:/Program Files (x86)/Arm GNU Toolchain arm-none-eabi/14.3 rel1/bin/../lib/gcc/arm-none-eabi/14.3.1/../../../../arm-none-eabi/lib/thumb/v7e-m+fp/hard\libc_nano.a(libc_a-wbuf.o)
                0x08008c84                __swbuf_r
 .text.__swsetup_r
                0x08008d00       0xa8 C:/Program Files (x86)/Arm GNU Toolchain arm-none-eabi/14.3 rel1/bin/../lib/gcc/arm-none-eabi/14.3.1/../../../../arm-none-eabi/lib/thumb/v7e-m+fp/hard\libc_nano.a(libc_a-wsetup.o)
                0x08008d00                __swsetup_r
 .text.memset   0x08008da8       0x10 C:/Program Files (x86)/Arm GNU Toolchain arm-none-eabi/14.3 rel1/bin/../lib/gcc/arm-none-eabi/14.3.1/../../../../arm-none-eabi/lib/thumb/v7e-m+fp/hard\libc_nano.a(libc_a-memset.o)
                0x08008da8                memset
 .text.strncmp  0x08008db8       0x24 C:/Program Files (x86)/Arm GNU Toolchain arm-none-eabi/14.3 rel1/bin/../lib/gcc/arm-none-eabi/14.3.1/../../../../arm-none-eabi/lib/thumb/v7e-m+fp/hard\libc_nano.a(libc_a-strncmp.o)
                0x08008db8                strncmp
 .text.strncpy  0x08008ddc       0x26 C:/Program Files (x86)/Arm GNU Toolchain arm-none-eabi/14.3 rel1/bin/../lib/gcc/arm-none-eabi/14.3.1/../../../../arm-none-eabi/lib/thumb/v7e-m+fp/hard\libc_nano.a(libc_a-strncpy.o)
                0x08008ddc                strncpy
 *fill*         0x08008e02        0x2 
 .text._close_r
                0x08008e04       0x20 C:/Program Files (x86)/Arm GNU Toolchain arm-none-eabi/14.3 rel1/bin/../lib/gcc/arm-none-eabi/14.3.1/../../../../arm-none-eabi/lib/thumb/v7e-m+fp/hard\libc_nano.a(libc_a-closer.o)
                0x08008e04                _close_r
 .text._lseek_r
                0x08008e24       0x24 C:/Program Files (x86)/Arm GNU Toolchain arm-none-eabi/14.3 rel1/bin/../lib/gcc/arm-none-eabi/14.3.1/../../../../arm-none-eabi/lib/thumb/v7e-m+fp/hard\libc_nano.a(libc_a-lseekr.o)
                0x08008e24                _lseek_r
 .text._read_r  0x08008e48       0x24 C:/Program Files (x86)/Arm GNU Toolchain arm-none-eabi/14.3 rel1/bin/../lib/gcc/arm-none-eabi/14.3.1/../../../../arm-none-eabi/lib/thumb/v7e-m+fp/hard\libc_nano.a(libc_a-readr.o)
                0x08008e48                _read_r
 .text._write_r
                0x08008e6c       0x24 C:/Program Files (x86)/Arm GNU Toolchain arm-none-eabi/14.3 rel1/bin/../lib/gcc/arm-none-eabi/14.3.1/../../../../arm-none-eabi/lib/thumb/v7e-m+fp/hard\libc_nano.a(libc_a-writer.o)
                0x08008e6c                _write_r
 .text.__errno  0x08008e90        0xc C:/Program Files (x86)/Arm GNU Toolchain arm-none-eabi/14.3 rel1/bin/../lib/gcc/arm-none-eabi/14.3.1/../../../../arm-none-eabi/lib/thumb/v7e-m+fp/hard\libc_nano.a(libc_a-errno.o)
                0x08008e90                __errno
 .text.__libc_init_array
                0x08008e9c       0x48 C:/Program Files (x86)/Arm GNU Toolchain arm-none-eabi/14.3 rel1/bin/../lib/gcc/arm-none-eabi/14.3.1/../../../../arm-none-eabi/lib/thumb/v7e-m+fp/hard\libc_nano.a(libc_a-init.o)
                0x08008e9c                __libc_init_array
 .text.__retarget_lock_init_recursive
                0x08008ee4        0x2 C:/Program Files (x86)/Arm GNU Toolchain arm-none-eabi/14.3 rel1/bin/../lib/gcc/arm-none-eabi/14.3.1/../../../../arm-none-eabi/lib/thumb/v7e-m+fp/hard\libc_nano.a(libc_a-lock.o)
                0x08008ee4                __retarget_lock_init_recursive
 .text.__retarget_lock_acquire_recursive
                0x08008ee6        0x2 C:/Program Files (x86)/Arm GNU Toolchain arm-none-eabi/14.3 rel1/bin/../lib/gcc/arm-none-eabi/14.3.1/../../../../arm-none-eabi/lib/thumb/v7e-m+fp/hard\libc_nano.a(libc_a-lock.o)
                0x08008ee6                __retarget_lock_acquire_recursive
 .text.__retarget_lock_release_recursive
                0x08008ee8        0x2 C:/Program Files (x86)/Arm GNU Toolchain arm-none-eabi/14.3 rel1/bin/../lib/gcc/arm-none-eabi/14.3.1/../../../../arm-none-eabi/lib/thumb/v7e-m+fp/hard\libc_nano.a(libc_a-lock.o)
                0x08008ee8                __retarget_lock_release_recursive
 .text.memcpy   0x08008eea       0x1c C:/Program Files (x86)/Arm GNU Toolchain arm-none-eabi/14.3 rel1/bin/../lib/gcc/arm-none-eabi/14.3.1/../../../../arm-none-eabi/lib/thumb/v7e-m+fp/hard\libc_nano.a(libc_a-memcpy-stub.o)
                0x08008eea                memcpy
 *fill*         0x08008f06        0x2 
 .text._free_r  0x08008f08       0x94 C:/Program Files (x86)/Arm GNU Toolchain arm-none-eabi/14.3 rel1/bin/../lib/gcc/arm-none-eabi/14.3.1/../../../../arm-none-eabi/lib/thumb/v7e-m+fp/hard\libc_nano.a(libc_a-freer.o)
                0x08008f08                _free_r
 .text.sbrk_aligned
                0x08008f9c       0x44 C:/Program Files (x86)/Arm GNU Toolchain arm-none-eabi/14.3 rel1/bin/../lib/gcc/arm-none-eabi/14.3.1/../../../../arm-none-eabi/lib/thumb/v7e-m+fp/hard\libc_nano.a(libc_a-mallocr.o)
 .text._malloc_r
                0x08008fe0      0x100 C:/Program Files (x86)/Arm GNU Toolchain arm-none-eabi/14.3 rel1/bin/../lib/gcc/arm-none-eabi/14.3.1/../../../../arm-none-eabi/lib/thumb/v7e-m+fp/hard\libc_nano.a(libc_a-mallocr.o)
                0x08008fe0                _malloc_r
 .text.__malloc_lock
                0x080090e0        0xc C:/Program Files (x86)/Arm GNU Toolchain arm-none-eabi/14.3 rel1/bin/../lib/gcc/arm-none-eabi/14.3.1/../../../../arm-none-eabi/lib/thumb/v7e-m+fp/hard\libc_nano.a(libc_a-mlock.o)
                0x080090e0                __malloc_lock
 .text.__malloc_unlock
                0x080090ec        0xc C:/Program Files (x86)/Arm GNU Toolchain arm-none-eabi/14.3 rel1/bin/../lib/gcc/arm-none-eabi/14.3.1/../../../../arm-none-eabi/lib/thumb/v7e-m+fp/hard\libc_nano.a(libc_a-mlock.o)
                0x080090ec                __malloc_unlock
 .text.__ssputs_r
                0x080090f8       0xc0 C:/Program Files (x86)/Arm GNU Toolchain arm-none-eabi/14.3 rel1/bin/../lib/gcc/arm-none-eabi/14.3.1/../../../../arm-none-eabi/lib/thumb/v7e-m+fp/hard\libc_nano.a(libc_a-nano-svfprintf.o)
                0x080090f8                __ssputs_r
 .text._svfprintf_r
                0x080091b8      0x1f0 C:/Program Files (x86)/Arm GNU Toolchain arm-none-eabi/14.3 rel1/bin/../lib/gcc/arm-none-eabi/14.3.1/../../../../arm-none-eabi/lib/thumb/v7e-m+fp/hard\libc_nano.a(libc_a-nano-svfprintf.o)
                0x080091b8                _svfiprintf_r
                0x080091b8                _svfprintf_r
 .text.__sfputc_r
                0x080093a8       0x2e C:/Program Files (x86)/Arm GNU Toolchain arm-none-eabi/14.3 rel1/bin/../lib/gcc/arm-none-eabi/14.3.1/../../../../arm-none-eabi/lib/thumb/v7e-m+fp/hard\libc_nano.a(libc_a-nano-vfprintf.o)
 .text.__sfputs_r
                0x080093d6       0x24 C:/Program Files (x86)/Arm GNU Toolchain arm-none-eabi/14.3 rel1/bin/../lib/gcc/arm-none-eabi/14.3.1/../../../../arm-none-eabi/lib/thumb/v7e-m+fp/hard\libc_nano.a(libc_a-nano-vfprintf.o)
                0x080093d6                __sfputs_r
 *fill*         0x080093fa        0x2 
 .text._vfprintf_r
                0x080093fc      0x228 C:/Program Files (x86)/Arm GNU Toolchain arm-none-eabi/14.3 rel1/bin/../lib/gcc/arm-none-eabi/14.3.1/../../../../arm-none-eabi/lib/thumb/v7e-m+fp/hard\libc_nano.a(libc_a-nano-vfprintf.o)
                0x080093fc                _vfprintf_r
                0x080093fc                _vfiprintf_r
 .text._printf_common
                0x08009624       0xda C:/Program Files (x86)/Arm GNU Toolchain arm-none-eabi/14.3 rel1/bin/../lib/gcc/arm-none-eabi/14.3.1/../../../../arm-none-eabi/lib/thumb/v7e-m+fp/hard\libc_nano.a(libc_a-nano-vfprintf_i.o)
                0x08009624                _printf_common
 *fill*         0x080096fe        0x2 
 .text._printf_i
                0x08009700      0x24c C:/Program Files (x86)/Arm GNU Toolchain arm-none-eabi/14.3 rel1/bin/../lib/gcc/arm-none-eabi/14.3.1/../../../../arm-none-eabi/lib/thumb/v7e-m+fp/hard\libc_nano.a(libc_a-nano-vfprintf_i.o)
                0x08009700                _printf_i
 .text.__sflush_r
                0x0800994c      0x104 C:/Program Files (x86)/Arm GNU Toolchain arm-none-eabi/14.3 rel1/bin/../lib/gcc/arm-none-eabi/14.3.1/../../../../arm-none-eabi/lib/thumb/v7e-m+fp/hard\libc_nano.a(libc_a-fflush.o)
                0x0800994c                __sflush_r
 .text._fflush_r
                0x08009a50       0x50 C:/Program Files (x86)/Arm GNU Toolchain arm-none-eabi/14.3 rel1/bin/../lib/gcc/arm-none-eabi/14.3.1/../../../../arm-none-eabi/lib/thumb/v7e-m+fp/hard\libc_nano.a(libc_a-fflush.o)
                0x08009a50                _fflush_r
 .text.__swhatbuf_r
                0x08009aa0       0x48 C:/Program Files (x86)/Arm GNU Toolchain arm-none-eabi/14.3 rel1/bin/../lib/gcc/arm-none-eabi/14.3.1/../../../../arm-none-eabi/lib/thumb/v7e-m+fp/hard\libc_nano.a(libc_a-makebuf.o)
                0x08009aa0                __swhatbuf_r
 .text.__smakebuf_r
                0x08009ae8       0x72 C:/Program Files (x86)/Arm GNU Toolchain arm-none-eabi/14.3 rel1/bin/../lib/gcc/arm-none-eabi/14.3.1/../../../../arm-none-eabi/lib/thumb/v7e-m+fp/hard\libc_nano.a(libc_a-makebuf.o)
                0x08009ae8                __smakebuf_r
 .text._putc_r  0x08009b5a       0x68 C:/Program Files (x86)/Arm GNU Toolchain arm-none-eabi/14.3 rel1/bin/../lib/gcc/arm-none-eabi/14.3.1/../../../../arm-none-eabi/lib/thumb/v7e-m+fp/hard\libc_nano.a(libc_a-putc.o)
                0x08009b5a                _putc_r
 .text.memmove  0x08009bc2       0x32 C:/Program Files (x86)/Arm GNU Toolchain arm-none-eabi/14.3 rel1/bin/../lib/gcc/arm-none-eabi/14.3.1/../../../../arm-none-eabi/lib/thumb/v7e-m+fp/hard\libc_nano.a(libc_a-memmove.o)
                0x08009bc2                memmove
 .text._fstat_r
                0x08009bf4       0x24 C:/Program Files (x86)/Arm GNU Toolchain arm-none-eabi/14.3 rel1/bin/../lib/gcc/arm-none-eabi/14.3.1/../../../../arm-none-eabi/lib/thumb/v7e-m+fp/hard\libc_nano.a(libc_a-fstatr.o)
                0x08009bf4                _fstat_r
 .text._isatty_r
                0x08009c18       0x20 C:/Program Files (x86)/Arm GNU Toolchain arm-none-eabi/14.3 rel1/bin/../lib/gcc/arm-none-eabi/14.3.1/../../../../arm-none-eabi/lib/thumb/v7e-m+fp/hard\libc_nano.a(libc_a-isattyr.o)
                0x08009c18                _isatty_r
 .text._sbrk_r  0x08009c38       0x20 C:/Program Files (x86)/Arm GNU Toolchain arm-none-eabi/14.3 rel1/bin/../lib/gcc/arm-none-eabi/14.3.1/../../../../arm-none-eabi/lib/thumb/v7e-m+fp/hard\libc_nano.a(libc_a-sbrkr.o)
                0x08009c38                _sbrk_r
 .text._realloc_r
                0x08009c58       0x5c C:/Program Files (x86)/Arm GNU Toolchain arm-none-eabi/14.3 rel1/bin/../lib/gcc/arm-none-eabi/14.3.1/../../../../arm-none-eabi/lib/thumb/v7e-m+fp/hard\libc_nano.a(libc_a-reallocr.o)
                0x08009c58                _realloc_r
 .text._malloc_usable_size_r
                0x08009cb4       0x10 C:/Program Files (x86)/Arm GNU Toolchain arm-none-eabi/14.3 rel1/bin/../lib/gcc/arm-none-eabi/14.3.1/../../../../arm-none-eabi/lib/thumb/v7e-m+fp/hard\libc_nano.a(libc_a-msizer.o)
                0x08009cb4                _malloc_usable_size_r
 .text.__udivmoddi4
                0x08009cc4      0x2f8 C:/Program Files (x86)/Arm GNU Toolchain arm-none-eabi/14.3 rel1/bin/../lib/gcc/arm-none-eabi/14.3.1/thumb/v7e-m+fp/hard\libgcc.a(_udivmoddi4.o)
                0x08009cc4                __udivmoddi4
 *(.glue_7)
 .glue_7        0x08009fbc        0x0 linker stubs
 *(.glue_7t)
 .glue_7t       0x08009fbc        0x0 linker stubs
 *(.eh_frame)
 .eh_frame      0x08009fbc        0x0 C:/Program Files (x86)/Arm GNU Toolchain arm-none-eabi/14.3 rel1/bin/../lib/gcc/arm-none-eabi/14.3.1/thumb/v7e-m+fp/hard/crtbegin.o
 *(.init)
 .init          0x08009fbc        0x4 C:/Program Files (x86)/Arm GNU Toolchain arm-none-eabi/14.3 rel1/bin/../lib/gcc/arm-none-eabi/14.3.1/thumb/v7e-m+fp/hard/crti.o
                0x08009fbc                _init
 .init          0x08009fc0        0x8 C:/Program Files (x86)/Arm GNU Toolchain arm-none-eabi/14.3 rel1/bin/../lib/gcc/arm-none-eabi/14.3.1/thumb/v7e-m+fp/hard/crtn.o
 *(.fini)
 .fini          0x08009fc8        0x4 C:/Program Files (x86)/Arm GNU Toolchain arm-none-eabi/14.3 rel1/bin/../lib/gcc/arm-none-eabi/14.3.1/thumb/v7e-m+fp/hard/crti.o
                0x08009fc8                _fini
 .fini          0x08009fcc        0x8 C:/Program Files (x86)/Arm GNU Toolchain arm-none-eabi/14.3 rel1/bin/../lib/gcc/arm-none-eabi/14.3.1/thumb/v7e-m+fp/hard/crtn.o
                0x08009fd8                        . = ALIGN (0x8)
 *fill*         0x08009fd4        0x4 
                0x08009fd8                        _etext = .

.vfp11_veneer   0x08009fd8        0x0
 .vfp11_veneer  0x08009fd8        0x0 linker stubs

.v4_bx          0x08009fd8        0x0
 .v4_bx         0x08009fd8        0x0 linker stubs

.iplt           0x08009fd8        0x0
 .iplt          0x08009fd8        0x0 C:/Program Files (x86)/Arm GNU Toolchain arm-none-eabi/14.3 rel1/bin/../lib/gcc/arm-none-eabi/14.3.1/thumb/v7e-m+fp/hard/crtbegin.o

.rodata         0x08009fd8     0x1998
                0x08009fd8                        . = ALIGN (0x8)
 *(.rodata)
 .rodata        0x08009fd8       0x10 build/main.o
 .rodata        0x08009fe8       0x20 build/st7735.o
 *(.rodata*)
 .rodata.main.str1.4
                0x0800a008      0xf98 build/main.o
                                0x13d (size before relaxing)
 .rodata.str1.4
                0x0800afa0       0x12 build/main.o
 .rodata.fal_init.str1.4
                0x0800afa0       0xa5 build/fal.o
 .rodata.__func__.0
                0x0800afa0        0x9 build/fal.o
 .rodata.check_and_update_part_cache.str1.4
                0x0800afa9       0x71 build/fal_partition.o
 .rodata.fal_partition_read.str1.4
                0x0800afa9       0xb7 build/fal_partition.o
 .rodata.fal_partition_write.str1.4
                0x0800afa9       0xb9 build/fal_partition.o
 .rodata.fal_partition_erase.str1.4
                0x0800afa9       0xb9 build/fal_partition.o
 *fill*         0x0800afa9        0x3 
 .rodata.__func__.0
                0x0800afac       0x14 build/fal_partition.o
 .rodata.__func__.1
                0x0800afc0       0x14 build/fal_partition.o
 .rodata.__func__.2
                0x0800afd4       0x13 build/fal_partition.o
 *fill*         0x0800afe7        0x1 
 .rodata.__func__.3
                0x0800afe8       0x1c build/fal_partition.o
 .rodata.partition_table_def
                0x0800b004       0x80 build/fal_partition.o
 .rodata._fdb_init_ex.str1.4
                0x0800b084      0x15c build/fdb.o
 .rodata._fdb_init_finish.str1.4
                0x0800b084       0xb0 build/fdb.o
 .rodata.__func__.2
                0x0800b084        0xd build/fdb.o
 .rodata.read_kv.str1.4
                0x0800b091       0x83 build/fdb_kvdb.o
 .rodata.read_sector_info.str1.4
                0x0800b091       0x43 build/fdb_kvdb.o
 .rodata.gc_collect_by_free_size.str1.4
                0x0800b091       0x56 build/fdb_kvdb.o
 .rodata.alloc_kv.str1.4
                0x0800b091       0x2a build/fdb_kvdb.o
 .rodata.new_kv.str1.4
                0x0800b091       0x7d build/fdb_kvdb.o
 .rodata.del_kv.str1.4
                0x0800b091       0x17 build/fdb_kvdb.o
 .rodata.create_kv_blob.str1.4
                0x0800b091       0x71 build/fdb_kvdb.o
 .rodata.move_kv.str1.4
                0x0800b091       0x2e build/fdb_kvdb.o
 .rodata.check_and_recovery_kv_cb.str1.4
                0x0800b091       0xb7 build/fdb_kvdb.o
 .rodata.do_gc.str1.4
                0x0800b091       0x7b build/fdb_kvdb.o
 .rodata.check_sec_hdr_cb.str1.4
                0x0800b091       0x45 build/fdb_kvdb.o
 .rodata.fdb_kv_get_obj.str1.4
                0x0800b091       0x25 build/fdb_kvdb.o
 .rodata.fdb_kv_get.str1.4
                0x0800b091       0x8a build/fdb_kvdb.o
 .rodata._fdb_kv_load.str1.4
                0x0800b091       0x33 build/fdb_kvdb.o
 .rodata.fdb_kvdb_init.str1.4
                0x0800b091       0x85 build/fdb_kvdb.o
 *fill*         0x0800b091        0x3 
 .rodata.__func__.0
                0x0800b094        0xe build/fdb_kvdb.o
 *fill*         0x0800b0a2        0x2 
 .rodata.__func__.2
                0x0800b0a4        0xe build/fdb_kvdb.o
 *fill*         0x0800b0b2        0x2 
 .rodata.__func__.4
                0x0800b0b4       0x11 build/fdb_kvdb.o
 .rodata.format_sector.str1.4
                0x0800b0c5       0x57 build/fdb_tsdb.o
 .rodata.read_sector_info.str1.4
                0x0800b0c5       0x43 build/fdb_tsdb.o
 .rodata.tsl_append.str1.4
                0x0800b0c5      0x121 build/fdb_tsdb.o
 .rodata.tsl_format_all.str1.4
                0x0800b0c5       0x1c build/fdb_tsdb.o
 .rodata.check_sec_hdr_cb.str1.4
                0x0800b0c5       0x70 build/fdb_tsdb.o
 .rodata.fdb_tsl_append.str1.4
                0x0800b0c5       0x26 build/fdb_tsdb.o
 .rodata.fdb_tsdb_init.str1.4
                0x0800b0c5       0x8f build/fdb_tsdb.o
 *fill*         0x0800b0c5        0x3 
 .rodata.__func__.0
                0x0800b0c8        0xe build/fdb_tsdb.o
 *fill*         0x0800b0d6        0x2 
 .rodata.__func__.2
                0x0800b0d8       0x11 build/fdb_tsdb.o
 *fill*         0x0800b0e9        0x3 
 .rodata.__func__.3
                0x0800b0ec        0xe build/fdb_tsdb.o
 .rodata._fdb_read_status.str1.4
                0x0800b0fa       0x43 build/fdb_utils.o
 .rodata._fdb_write_status.str1.4
                0x0800b0fa       0x1a build/fdb_utils.o
 *fill*         0x0800b0fa        0x2 
 .rodata.__func__.0
                0x0800b0fc       0x11 build/fdb_utils.o
 *fill*         0x0800b10d        0x3 
 .rodata.__func__.1
                0x0800b110       0x12 build/fdb_utils.o
 *fill*         0x0800b122        0x2 
 .rodata.crc32_table
                0x0800b124      0x400 build/fdb_utils.o
 .rodata.nor_flash0
                0x0800b524       0x38 build/fal_flash_w25q64.o
                0x0800b524                nor_flash0
 .rodata.ST7735_Init.str1.4
                0x0800b55c       0x10 build/st7735.o
 .rodata.LCD_ShowUInt.str1.4
                0x0800b55c        0x4 build/lcd_text.o
 .rodata.font8x16
                0x0800b55c      0x350 build/lcd_text.o
 .rodata.MSIRangeTable
                0x0800b8ac       0x30 build/system_stm32l4xx.o
                0x0800b8ac                MSIRangeTable
 .rodata.APBPrescTable
                0x0800b8dc        0x8 build/system_stm32l4xx.o
                0x0800b8dc                APBPrescTable
 .rodata.AHBPrescTable
                0x0800b8e4       0x10 build/system_stm32l4xx.o
                0x0800b8e4                AHBPrescTable
 .rodata.MX_TSDB_Init.str1.4
                0x0800b8f4        0xe build/freertos.o
 .rodata.StartDefaultTask.str1.4
                0x0800b8f4       0x74 build/freertos.o
 .rodata.tsdb_query_cb.str1.4
                0x0800b8f4       0x1f build/freertos.o
 .rodata.str1.4
                0x0800b8f4       0x18 build/freertos.o
 .rodata.myTask02_attributes
                0x0800b8f4       0x24 build/freertos.o
                0x0800b8f4                myTask02_attributes
 .rodata.defaultTask_attributes
                0x0800b918       0x24 build/freertos.o
                0x0800b918                defaultTask_attributes
 .rodata.vTaskStartScheduler.str1.4
                0x0800b93c        0x5 build/tasks.o
 .rodata.prvCheckForValidListAndQueue.str1.4
                0x0800b93c        0x5 build/timers.o
 .rodata.xTimerCreateTimerTask.str1.4
                0x0800b93c        0x8 build/timers.o
 .rodata._svfprintf_r.str1.1
                0x0800b93c       0x33 C:/Program Files (x86)/Arm GNU Toolchain arm-none-eabi/14.3 rel1/bin/../lib/gcc/arm-none-eabi/14.3.1/../../../../arm-none-eabi/lib/thumb/v7e-m+fp/hard\libc_nano.a(libc_a-nano-svfprintf.o)
                                 0x11 (size before relaxing)
 .rodata._vfprintf_r.str1.1
                0x0800b96f       0x11 C:/Program Files (x86)/Arm GNU Toolchain arm-none-eabi/14.3 rel1/bin/../lib/gcc/arm-none-eabi/14.3.1/../../../../arm-none-eabi/lib/thumb/v7e-m+fp/hard\libc_nano.a(libc_a-nano-vfprintf.o)
 .rodata._printf_i.str1.1
                0x0800b96f       0x22 C:/Program Files (x86)/Arm GNU Toolchain arm-none-eabi/14.3 rel1/bin/../lib/gcc/arm-none-eabi/14.3.1/../../../../arm-none-eabi/lib/thumb/v7e-m+fp/hard\libc_nano.a(libc_a-nano-vfprintf_i.o)
                0x0800b998                        . = ALIGN (0x8)
 *fill*         0x0800b96f        0x1 

.ARM.extab      0x0800b970        0x0
                0x0800b970                        . = ALIGN (0x8)
 *(.ARM.extab* .gnu.linkonce.armextab.*)
                0x0800b970                        . = ALIGN (0x8)

.ARM            0x0800b970        0x8
                0x0800b970                        . = ALIGN (0x8)
                0x0800b970                        __exidx_start = .
 *(.ARM.exidx*)
 .ARM.exidx     0x0800b970        0x8 C:/Program Files (x86)/Arm GNU Toolchain arm-none-eabi/14.3 rel1/bin/../lib/gcc/arm-none-eabi/14.3.1/../../../../arm-none-eabi/lib/thumb/v7e-m+fp/hard\libc_nano.a(libc_a-strcmp.o)
 .ARM.exidx     0x0800b978        0x0 C:/Program Files (x86)/Arm GNU Toolchain arm-none-eabi/14.3 rel1/bin/../lib/gcc/arm-none-eabi/14.3.1/../../../../arm-none-eabi/lib/thumb/v7e-m+fp/hard\libc_nano.a(libc_a-strlen.o)
                                  0x8 (size before relaxing)
 .ARM.exidx     0x0800b978        0x0 C:/Program Files (x86)/Arm GNU Toolchain arm-none-eabi/14.3 rel1/bin/../lib/gcc/arm-none-eabi/14.3.1/../../../../arm-none-eabi/lib/thumb/v7e-m+fp/hard\libc_nano.a(libc_a-memchr.o)
                                  0x8 (size before relaxing)
 .ARM.exidx.text.__udivmoddi4
                0x0800b978        0x0 C:/Program Files (x86)/Arm GNU Toolchain arm-none-eabi/14.3 rel1/bin/../lib/gcc/arm-none-eabi/14.3.1/thumb/v7e-m+fp/hard\libgcc.a(_udivmoddi4.o)
                                  0x8 (size before relaxing)
                0x0800b978                        __exidx_end = .
                0x0800b978                        . = ALIGN (0x8)

.preinit_array  0x0800b978        0x0
                0x0800b978                        . = ALIGN (0x8)
                0x0800b978                        PROVIDE (__preinit_array_start = .)
 *(.preinit_array*)
                0x0800b978                        PROVIDE (__preinit_array_end = .)
                0x0800b978                        . = ALIGN (0x8)

.init_array     0x0800b978        0x8
                0x0800b978                        . = ALIGN (0x8)
                0x0800b978                        PROVIDE (__init_array_start = .)
 *(SORT_BY_NAME(.init_array.*))
 *(.init_array*)
 .init_array    0x0800b978        0x4 C:/Program Files (x86)/Arm GNU Toolchain arm-none-eabi/14.3 rel1/bin/../lib/gcc/arm-none-eabi/14.3.1/thumb/v7e-m+fp/hard/crtbegin.o
                0x0800b97c                        PROVIDE (__init_array_end = .)
                0x0800b980                        . = ALIGN (0x8)
 *fill*         0x0800b97c        0x4 

.fini_array     0x0800b980        0x8
                0x0800b980                        . = ALIGN (0x8)
                [!provide]                        PROVIDE (__fini_array_start = .)
 *(SORT_BY_NAME(.fini_array.*))
 *(.fini_array*)
 .fini_array    0x0800b980        0x4 C:/Program Files (x86)/Arm GNU Toolchain arm-none-eabi/14.3 rel1/bin/../lib/gcc/arm-none-eabi/14.3.1/thumb/v7e-m+fp/hard/crtbegin.o
                [!provide]                        PROVIDE (__fini_array_end = .)
                0x0800b988                        . = ALIGN (0x8)
 *fill*         0x0800b984        0x4 
                0x0800b988                        _sidata = LOADADDR (.data)

.rel.dyn        0x0800b988        0x0
 .rel.iplt      0x0800b988        0x0 C:/Program Files (x86)/Arm GNU Toolchain arm-none-eabi/14.3 rel1/bin/../lib/gcc/arm-none-eabi/14.3.1/thumb/v7e-m+fp/hard/crtbegin.o

.data           0x20000000       0x90 load address 0x0800b988
                0x20000000                        . = ALIGN (0x8)
                0x20000000                        _sdata = .
 *(.data)
 *(.data*)
 .data.default_kv_table
                0x20000000        0x8 build/main.o
 .data.default_kv_nodes
                0x20000008       0x18 build/main.o
 .data.uwTickFreq
                0x20000020        0x1 build/stm32l4xx_hal.o
                0x20000020                uwTickFreq
 *fill*         0x20000021        0x3 
 .data.uwTickPrio
                0x20000024        0x4 build/stm32l4xx_hal.o
                0x20000024                uwTickPrio
 .data.SystemCoreClock
                0x20000028        0x4 build/system_stm32l4xx.o
                0x20000028                SystemCoreClock
 .data.uxCriticalNesting
                0x2000002c        0x4 build/port.o
 .data.__sglue  0x20000030        0xc C:/Program Files (x86)/Arm GNU Toolchain arm-none-eabi/14.3 rel1/bin/../lib/gcc/arm-none-eabi/14.3.1/../../../../arm-none-eabi/lib/thumb/v7e-m+fp/hard\libc_nano.a(libc_a-findfp.o)
                0x20000030                __sglue
 .data._impure_ptr
                0x2000003c        0x4 C:/Program Files (x86)/Arm GNU Toolchain arm-none-eabi/14.3 rel1/bin/../lib/gcc/arm-none-eabi/14.3.1/../../../../arm-none-eabi/lib/thumb/v7e-m+fp/hard\libc_nano.a(libc_a-impure.o)
                0x2000003c                _impure_ptr
 .data._impure_data
                0x20000040       0x4c C:/Program Files (x86)/Arm GNU Toolchain arm-none-eabi/14.3 rel1/bin/../lib/gcc/arm-none-eabi/14.3.1/../../../../arm-none-eabi/lib/thumb/v7e-m+fp/hard\libc_nano.a(libc_a-impure.o)
                0x20000040                _impure_data
 *(.RamFunc)
 *(.RamFunc*)
                0x20000090                        . = ALIGN (0x8)
 *fill*         0x2000008c        0x4 
                0x20000090                        _edata = .

.tm_clone_table
                0x20000090        0x0 load address 0x0800ba18
 .tm_clone_table
                0x20000090        0x0 C:/Program Files (x86)/Arm GNU Toolchain arm-none-eabi/14.3 rel1/bin/../lib/gcc/arm-none-eabi/14.3.1/thumb/v7e-m+fp/hard/crtbegin.o
 .tm_clone_table
                0x20000090        0x0 C:/Program Files (x86)/Arm GNU Toolchain arm-none-eabi/14.3 rel1/bin/../lib/gcc/arm-none-eabi/14.3.1/thumb/v7e-m+fp/hard/crtend.o

.igot.plt       0x20000090        0x0 load address 0x0800ba18
 .igot.plt      0x20000090        0x0 C:/Program Files (x86)/Arm GNU Toolchain arm-none-eabi/14.3 rel1/bin/../lib/gcc/arm-none-eabi/14.3.1/thumb/v7e-m+fp/hard/crtbegin.o
                0x20000090                        . = ALIGN (0x4)

.bss            0x20000090     0x2108 load address 0x0800ba18
                0x20000090                        _sbss = .
                0x20000090                        __bss_start__ = _sbss
 *(.bss)
 *(.bss*)
 .bss.completed.1
                0x20000090        0x1 C:/Program Files (x86)/Arm GNU Toolchain arm-none-eabi/14.3 rel1/bin/../lib/gcc/arm-none-eabi/14.3.1/thumb/v7e-m+fp/hard/crtbegin.o
 *fill*         0x20000091        0x3 
 .bss.object.0  0x20000094       0x18 C:/Program Files (x86)/Arm GNU Toolchain arm-none-eabi/14.3 rel1/bin/../lib/gcc/arm-none-eabi/14.3.1/thumb/v7e-m+fp/hard/crtbegin.o
 .bss.kvdb      0x200000ac      0x36c build/main.o
 .bss.init_ok   0x20000418        0x1 build/fal.o
 .bss.init_ok   0x20000419        0x1 build/fal_flash.o
 *fill*         0x2000041a        0x2 
 .bss.partition_table_len
                0x2000041c        0x4 build/fal_partition.o
 .bss.init_ok   0x20000420        0x1 build/fal_partition.o
 *fill*         0x20000421        0x3 
 .bss.part_flash_cache
                0x20000424        0x8 build/fal_partition.o
 .bss.partition_table
                0x2000042c        0x4 build/fal_partition.o
 .bss.log_is_show.1
                0x20000430        0x1 build/fdb.o
 *fill*         0x20000431        0x3 
 .bss.value.3   0x20000434       0x81 build/fdb_kvdb.o
 *fill*         0x200004b5        0x3 
 .bss.uwTick    0x200004b8        0x4 build/stm32l4xx_hal.o
                0x200004b8                uwTick
 .bss.__sbrk_heap_end
                0x200004bc        0x4 build/sysmem.o
 .bss.hi2c2     0x200004c0       0x54 build/i2c.o
                0x200004c0                hi2c2
 .bss.hspi2     0x20000514       0x64 build/spi.o
                0x20000514                hspi2
 .bss.hspi1     0x20000578       0x64 build/spi.o
                0x20000578                hspi1
 .bss.huart1    0x200005dc       0x88 build/usart.o
                0x200005dc                huart1
 .bss.myTask02Handle
                0x20000664        0x4 build/freertos.o
                0x20000664                myTask02Handle
 .bss.defaultTaskHandle
                0x20000668        0x4 build/freertos.o
                0x20000668                defaultTaskHandle
 .bss.tsdb_inited
                0x2000066c        0x1 build/freertos.o
 *fill*         0x2000066d        0x3 
 .bss.tsdb      0x20000670       0x64 build/freertos.o
 .bss.htim15    0x200006d4       0x4c build/stm32l4xx_hal_timebase_tim.o
                0x200006d4                htim15
 .bss.xQueueRegistry
                0x20000720       0x40 build/queue.o
                0x20000720                xQueueRegistry
 .bss.uxSchedulerSuspended
                0x20000760        0x4 build/tasks.o
 .bss.xIdleTaskHandle
                0x20000764        0x4 build/tasks.o
 .bss.xNextTaskUnblockTime
                0x20000768        0x4 build/tasks.o
 .bss.uxTaskNumber
                0x2000076c        0x4 build/tasks.o
 .bss.xNumOfOverflows
                0x20000770        0x4 build/tasks.o
 .bss.xYieldPending
                0x20000774        0x4 build/tasks.o
 .bss.xPendedTicks
                0x20000778        0x4 build/tasks.o
 .bss.xSchedulerRunning
                0x2000077c        0x4 build/tasks.o
 .bss.uxTopReadyPriority
                0x20000780        0x4 build/tasks.o
 .bss.xTickCount
                0x20000784        0x4 build/tasks.o
 .bss.uxCurrentNumberOfTasks
                0x20000788        0x4 build/tasks.o
 .bss.xSuspendedTaskList
                0x2000078c       0x14 build/tasks.o
 .bss.uxDeletedTasksWaitingCleanUp
                0x200007a0        0x4 build/tasks.o
 .bss.xTasksWaitingTermination
                0x200007a4       0x14 build/tasks.o
 .bss.xPendingReadyList
                0x200007b8       0x14 build/tasks.o
 .bss.pxOverflowDelayedTaskList
                0x200007cc        0x4 build/tasks.o
 .bss.pxDelayedTaskList
                0x200007d0        0x4 build/tasks.o
 .bss.xDelayedTaskList2
                0x200007d4       0x14 build/tasks.o
 .bss.xDelayedTaskList1
                0x200007e8       0x14 build/tasks.o
 .bss.pxReadyTasksLists
                0x200007fc      0x460 build/tasks.o
 .bss.pxCurrentTCB
                0x20000c5c        0x4 build/tasks.o
                0x20000c5c                pxCurrentTCB
 .bss.xStaticTimerQueue.0
                0x20000c60       0x50 build/timers.o
 .bss.ucStaticTimerQueueStorage.1
                0x20000cb0       0xa0 build/timers.o
 .bss.xLastTime.2
                0x20000d50        0x4 build/timers.o
 .bss.xTimerTaskHandle
                0x20000d54        0x4 build/timers.o
 .bss.xTimerQueue
                0x20000d58        0x4 build/timers.o
 .bss.pxOverflowTimerList
                0x20000d5c        0x4 build/timers.o
 .bss.pxCurrentTimerList
                0x20000d60        0x4 build/timers.o
 .bss.xActiveTimerList2
                0x20000d64       0x14 build/timers.o
 .bss.xActiveTimerList1
                0x20000d78       0x14 build/timers.o
 .bss.Timer_Stack.0
                0x20000d8c      0x400 build/cmsis_os2.o
 .bss.Timer_TCB.1
                0x2000118c       0x5c build/cmsis_os2.o
 .bss.Idle_Stack.2
                0x200011e8      0x200 build/cmsis_os2.o
 .bss.Idle_TCB.3
                0x200013e8       0x5c build/cmsis_os2.o
 .bss.KernelState
                0x20001444        0x4 build/cmsis_os2.o
 .bss.xBlockAllocatedBit
                0x20001448        0x4 build/heap_4.o
 .bss.xNumberOfSuccessfulFrees
                0x2000144c        0x4 build/heap_4.o
 .bss.xNumberOfSuccessfulAllocations
                0x20001450        0x4 build/heap_4.o
 .bss.xMinimumEverFreeBytesRemaining
                0x20001454        0x4 build/heap_4.o
 .bss.xFreeBytesRemaining
                0x20001458        0x4 build/heap_4.o
 .bss.pxEnd     0x2000145c        0x4 build/heap_4.o
 .bss.xStart    0x20001460        0x8 build/heap_4.o
 .bss.ucHeap    0x20001468      0xbb8 build/heap_4.o
 .bss.ulMaxPRIGROUPValue
                0x20002020        0x4 build/port.o
 .bss.ucMaxSysCallPriority
                0x20002024        0x1 build/port.o
 *fill*         0x20002025        0x3 
 .bss.hrtc      0x20002028       0x24 build/rtc.o
                0x20002028                hrtc
 .bss.__sf      0x2000204c      0x138 C:/Program Files (x86)/Arm GNU Toolchain arm-none-eabi/14.3 rel1/bin/../lib/gcc/arm-none-eabi/14.3.1/../../../../arm-none-eabi/lib/thumb/v7e-m+fp/hard\libc_nano.a(libc_a-findfp.o)
                0x2000204c                __sf
 .bss.__stdio_exit_handler
                0x20002184        0x4 C:/Program Files (x86)/Arm GNU Toolchain arm-none-eabi/14.3 rel1/bin/../lib/gcc/arm-none-eabi/14.3.1/../../../../arm-none-eabi/lib/thumb/v7e-m+fp/hard\libc_nano.a(libc_a-findfp.o)
                0x20002184                __stdio_exit_handler
 .bss.errno     0x20002188        0x4 C:/Program Files (x86)/Arm GNU Toolchain arm-none-eabi/14.3 rel1/bin/../lib/gcc/arm-none-eabi/14.3.1/../../../../arm-none-eabi/lib/thumb/v7e-m+fp/hard\libc_nano.a(libc_a-reent.o)
                0x20002188                errno
 .bss.__lock___malloc_recursive_mutex
                0x2000218c        0x1 C:/Program Files (x86)/Arm GNU Toolchain arm-none-eabi/14.3 rel1/bin/../lib/gcc/arm-none-eabi/14.3.1/../../../../arm-none-eabi/lib/thumb/v7e-m+fp/hard\libc_nano.a(libc_a-lock.o)
                0x2000218c                __lock___malloc_recursive_mutex
 .bss.__lock___sfp_recursive_mutex
                0x2000218d        0x1 C:/Program Files (x86)/Arm GNU Toolchain arm-none-eabi/14.3 rel1/bin/../lib/gcc/arm-none-eabi/14.3.1/../../../../arm-none-eabi/lib/thumb/v7e-m+fp/hard\libc_nano.a(libc_a-lock.o)
                0x2000218d                __lock___sfp_recursive_mutex
 *fill*         0x2000218e        0x2 
 .bss.__malloc_sbrk_start
                0x20002190        0x4 C:/Program Files (x86)/Arm GNU Toolchain arm-none-eabi/14.3 rel1/bin/../lib/gcc/arm-none-eabi/14.3.1/../../../../arm-none-eabi/lib/thumb/v7e-m+fp/hard\libc_nano.a(libc_a-mallocr.o)
                0x20002190                __malloc_sbrk_start
 .bss.__malloc_free_list
                0x20002194        0x4 C:/Program Files (x86)/Arm GNU Toolchain arm-none-eabi/14.3 rel1/bin/../lib/gcc/arm-none-eabi/14.3.1/../../../../arm-none-eabi/lib/thumb/v7e-m+fp/hard\libc_nano.a(libc_a-mallocr.o)
                0x20002194                __malloc_free_list
 *(COMMON)
                0x20002198                        . = ALIGN (0x4)
                0x20002198                        _ebss = .
                0x20002198                        __bss_end__ = _ebss

._user_heap_stack
                0x20002198      0x600 load address 0x0800ba18
                0x20002198                        . = ALIGN (0x8)
                [!provide]                        PROVIDE (end = .)
                0x20002198                        PROVIDE (_end = .)
                0x20002398                        . = (. + _Min_Heap_Size)
 *fill*         0x20002198      0x200 
                0x20002798                        . = (. + _Min_Stack_Size)
 *fill*         0x20002398      0x400 
                0x20002798                        . = ALIGN (0x8)

/DISCARD/
 libc.a(*)
 libm.a(*)
 libgcc.a(*)
OUTPUT(build/L4.elf elf32-littlearm)
LOAD linker stubs
LOAD C:/Program Files (x86)/Arm GNU Toolchain arm-none-eabi/14.3 rel1/bin/../lib/gcc/arm-none-eabi/14.3.1/../../../../arm-none-eabi/lib/thumb/v7e-m+fp/hard\libc.a
LOAD C:/Program Files (x86)/Arm GNU Toolchain arm-none-eabi/14.3 rel1/bin/../lib/gcc/arm-none-eabi/14.3.1/../../../../arm-none-eabi/lib/thumb/v7e-m+fp/hard\libm.a
LOAD C:/Program Files (x86)/Arm GNU Toolchain arm-none-eabi/14.3 rel1/bin/../lib/gcc/arm-none-eabi/14.3.1/thumb/v7e-m+fp/hard\libgcc.a

.ARM.attributes
                0x00000000       0x30
 .ARM.attributes
                0x00000000       0x22 C:/Program Files (x86)/Arm GNU Toolchain arm-none-eabi/14.3 rel1/bin/../lib/gcc/arm-none-eabi/14.3.1/thumb/v7e-m+fp/hard/crti.o
 .ARM.attributes
                0x00000022       0x34 C:/Program Files (x86)/Arm GNU Toolchain arm-none-eabi/14.3 rel1/bin/../lib/gcc/arm-none-eabi/14.3.1/thumb/v7e-m+fp/hard/crtbegin.o
 .ARM.attributes
                0x00000056       0x34 build/main.o
 .ARM.attributes
                0x0000008a       0x34 build/fal.o
 .ARM.attributes
                0x000000be       0x34 build/fal_flash.o
 .ARM.attributes
                0x000000f2       0x34 build/fal_partition.o
 .ARM.attributes
                0x00000126       0x34 build/fdb.o
 .ARM.attributes
                0x0000015a       0x34 build/fdb_kvdb.o
 .ARM.attributes
                0x0000018e       0x34 build/fdb_tsdb.o
 .ARM.attributes
                0x000001c2       0x34 build/fdb_utils.o
 .ARM.attributes
                0x000001f6       0x34 build/fal_flash_w25q64.o
 .ARM.attributes
                0x0000022a       0x34 build/st7735.o
 .ARM.attributes
                0x0000025e       0x34 build/lcd_text.o
 .ARM.attributes
                0x00000292       0x34 build/w25q64.o
 .ARM.attributes
                0x000002c6       0x34 build/stm32l4xx_it.o
 .ARM.attributes
                0x000002fa       0x34 build/stm32l4xx_hal_msp.o
 .ARM.attributes
                0x0000032e       0x34 build/stm32l4xx_hal_spi.o
 .ARM.attributes
                0x00000362       0x34 build/stm32l4xx_hal.o
 .ARM.attributes
                0x00000396       0x34 build/stm32l4xx_hal_rcc.o
 .ARM.attributes
                0x000003ca       0x34 build/stm32l4xx_hal_rcc_ex.o
 .ARM.attributes
                0x000003fe       0x34 build/stm32l4xx_hal_gpio.o
 .ARM.attributes
                0x00000432       0x34 build/stm32l4xx_hal_i2c.o
 .ARM.attributes
                0x00000466       0x34 build/stm32l4xx_hal_i2c_ex.o
 .ARM.attributes
                0x0000049a       0x34 build/stm32l4xx_hal_pwr.o
 .ARM.attributes
                0x000004ce       0x34 build/stm32l4xx_hal_pwr_ex.o
 .ARM.attributes
                0x00000502       0x34 build/stm32l4xx_hal_cortex.o
 .ARM.attributes
                0x00000536       0x34 build/system_stm32l4xx.o
 .ARM.attributes
                0x0000056a       0x34 build/sysmem.o
 .ARM.attributes
                0x0000059e       0x34 build/syscalls.o
 .ARM.attributes
                0x000005d2       0x34 build/stm32l4xx_hal_uart.o
 .ARM.attributes
                0x00000606       0x34 build/gpio.o
 .ARM.attributes
                0x0000063a       0x34 build/i2c.o
 .ARM.attributes
                0x0000066e       0x34 build/spi.o
 .ARM.attributes
                0x000006a2       0x34 build/usart.o
 .ARM.attributes
                0x000006d6       0x34 build/freertos.o
 .ARM.attributes
                0x0000070a       0x34 build/stm32l4xx_hal_timebase_tim.o
 .ARM.attributes
                0x0000073e       0x34 build/stm32l4xx_hal_tim.o
 .ARM.attributes
                0x00000772       0x34 build/stm32l4xx_hal_tim_ex.o
 .ARM.attributes
                0x000007a6       0x34 build/list.o
 .ARM.attributes
                0x000007da       0x34 build/queue.o
 .ARM.attributes
                0x0000080e       0x34 build/tasks.o
 .ARM.attributes
                0x00000842       0x34 build/timers.o
 .ARM.attributes
                0x00000876       0x34 build/cmsis_os2.o
 .ARM.attributes
                0x000008aa       0x34 build/heap_4.o
 .ARM.attributes
                0x000008de       0x34 build/port.o
 .ARM.attributes
                0x00000912       0x34 build/rtc.o
 .ARM.attributes
                0x00000946       0x34 build/stm32l4xx_hal_rtc.o
 .ARM.attributes
                0x0000097a       0x21 build/startup_stm32l431xx.o
 .ARM.attributes
                0x0000099b       0x34 C:/Program Files (x86)/Arm GNU Toolchain arm-none-eabi/14.3 rel1/bin/../lib/gcc/arm-none-eabi/14.3.1/../../../../arm-none-eabi/lib/thumb/v7e-m+fp/hard\libc_nano.a(libc_a-findfp.o)
 .ARM.attributes
                0x000009cf       0x34 C:/Program Files (x86)/Arm GNU Toolchain arm-none-eabi/14.3 rel1/bin/../lib/gcc/arm-none-eabi/14.3.1/../../../../arm-none-eabi/lib/thumb/v7e-m+fp/hard\libc_nano.a(libc_a-fwalk.o)
 .ARM.attributes
                0x00000a03       0x34 C:/Program Files (x86)/Arm GNU Toolchain arm-none-eabi/14.3 rel1/bin/../lib/gcc/arm-none-eabi/14.3.1/../../../../arm-none-eabi/lib/thumb/v7e-m+fp/hard\libc_nano.a(libc_a-printf.o)
 .ARM.attributes
                0x00000a37       0x34 C:/Program Files (x86)/Arm GNU Toolchain arm-none-eabi/14.3 rel1/bin/../lib/gcc/arm-none-eabi/14.3.1/../../../../arm-none-eabi/lib/thumb/v7e-m+fp/hard\libc_nano.a(libc_a-putchar.o)
 .ARM.attributes
                0x00000a6b       0x34 C:/Program Files (x86)/Arm GNU Toolchain arm-none-eabi/14.3 rel1/bin/../lib/gcc/arm-none-eabi/14.3.1/../../../../arm-none-eabi/lib/thumb/v7e-m+fp/hard\libc_nano.a(libc_a-puts.o)
 .ARM.attributes
                0x00000a9f       0x34 C:/Program Files (x86)/Arm GNU Toolchain arm-none-eabi/14.3 rel1/bin/../lib/gcc/arm-none-eabi/14.3.1/../../../../arm-none-eabi/lib/thumb/v7e-m+fp/hard\libc_nano.a(libc_a-snprintf.o)
 .ARM.attributes
                0x00000ad3       0x34 C:/Program Files (x86)/Arm GNU Toolchain arm-none-eabi/14.3 rel1/bin/../lib/gcc/arm-none-eabi/14.3.1/../../../../arm-none-eabi/lib/thumb/v7e-m+fp/hard\libc_nano.a(libc_a-stdio.o)
 .ARM.attributes
                0x00000b07       0x34 C:/Program Files (x86)/Arm GNU Toolchain arm-none-eabi/14.3 rel1/bin/../lib/gcc/arm-none-eabi/14.3.1/../../../../arm-none-eabi/lib/thumb/v7e-m+fp/hard\libc_nano.a(libc_a-wbuf.o)
 .ARM.attributes
                0x00000b3b       0x34 C:/Program Files (x86)/Arm GNU Toolchain arm-none-eabi/14.3 rel1/bin/../lib/gcc/arm-none-eabi/14.3.1/../../../../arm-none-eabi/lib/thumb/v7e-m+fp/hard\libc_nano.a(libc_a-wsetup.o)
 .ARM.attributes
                0x00000b6f       0x34 C:/Program Files (x86)/Arm GNU Toolchain arm-none-eabi/14.3 rel1/bin/../lib/gcc/arm-none-eabi/14.3.1/../../../../arm-none-eabi/lib/thumb/v7e-m+fp/hard\libc_nano.a(libc_a-memset.o)
 .ARM.attributes
                0x00000ba3       0x34 C:/Program Files (x86)/Arm GNU Toolchain arm-none-eabi/14.3 rel1/bin/../lib/gcc/arm-none-eabi/14.3.1/../../../../arm-none-eabi/lib/thumb/v7e-m+fp/hard\libc_nano.a(libc_a-strncmp.o)
 .ARM.attributes
                0x00000bd7       0x34 C:/Program Files (x86)/Arm GNU Toolchain arm-none-eabi/14.3 rel1/bin/../lib/gcc/arm-none-eabi/14.3.1/../../../../arm-none-eabi/lib/thumb/v7e-m+fp/hard\libc_nano.a(libc_a-strncpy.o)
 .ARM.attributes
                0x00000c0b       0x34 C:/Program Files (x86)/Arm GNU Toolchain arm-none-eabi/14.3 rel1/bin/../lib/gcc/arm-none-eabi/14.3.1/../../../../arm-none-eabi/lib/thumb/v7e-m+fp/hard\libc_nano.a(libc_a-closer.o)
 .ARM.attributes
                0x00000c3f       0x34 C:/Program Files (x86)/Arm GNU Toolchain arm-none-eabi/14.3 rel1/bin/../lib/gcc/arm-none-eabi/14.3.1/../../../../arm-none-eabi/lib/thumb/v7e-m+fp/hard\libc_nano.a(libc_a-reent.o)
 .ARM.attributes
                0x00000c73       0x34 C:/Program Files (x86)/Arm GNU Toolchain arm-none-eabi/14.3 rel1/bin/../lib/gcc/arm-none-eabi/14.3.1/../../../../arm-none-eabi/lib/thumb/v7e-m+fp/hard\libc_nano.a(libc_a-impure.o)
 .ARM.attributes
                0x00000ca7       0x34 C:/Program Files (x86)/Arm GNU Toolchain arm-none-eabi/14.3 rel1/bin/../lib/gcc/arm-none-eabi/14.3.1/../../../../arm-none-eabi/lib/thumb/v7e-m+fp/hard\libc_nano.a(libc_a-lseekr.o)
 .ARM.attributes
                0x00000cdb       0x34 C:/Program Files (x86)/Arm GNU Toolchain arm-none-eabi/14.3 rel1/bin/../lib/gcc/arm-none-eabi/14.3.1/../../../../arm-none-eabi/lib/thumb/v7e-m+fp/hard\libc_nano.a(libc_a-readr.o)
 .ARM.attributes