Archive member included to satisfy reference by file (symbol)

C:/Program Files (x86)/Arm GNU Toolchain arm-none-eabi/14.3 rel1/bin/../lib/gcc/arm-none-eabi/14.3.1/../../../../arm-none-eabi/lib/thumb/v7e-m+fp/hard\libc_nano.a(libc_a-exit.o)
                              C:/Program Files (x86)/Arm GNU Toolchain arm-none-eabi/14.3 rel1/bin/../lib/gcc/arm-none-eabi/14.3.1/../../../../arm-none-eabi/lib/thumb/v7e-m+fp/hard/crt0.o (exit)
C:/Program Files (x86)/Arm GNU Toolchain arm-none-eabi/14.3 rel1/bin/../lib/gcc/arm-none-eabi/14.3.1/../../../../arm-none-eabi/lib/thumb/v7e-m+fp/hard\libc_nano.a(libc_a-findfp.o)
                              C:/Program Files (x86)/Arm GNU Toolchain arm-none-eabi/14.3 rel1/bin/../lib/gcc/arm-none-eabi/14.3.1/../../../../arm-none-eabi/lib/thumb/v7e-m+fp/hard\libc_nano.a(libc_a-exit.o) (__stdio_exit_handler)
C:/Program Files (x86)/Arm GNU Toolchain arm-none-eabi/14.3 rel1/bin/../lib/gcc/arm-none-eabi/14.3.1/../../../../arm-none-eabi/lib/thumb/v7e-m+fp/hard\libc_nano.a(libc_a-fwalk.o)
                              C:/Program Files (x86)/Arm GNU Toolchain arm-none-eabi/14.3 rel1/bin/../lib/gcc/arm-none-eabi/14.3.1/../../../../arm-none-eabi/lib/thumb/v7e-m+fp/hard\libc_nano.a(libc_a-findfp.o) (_fwalk_sglue)
C:/Program Files (x86)/Arm GNU Toolchain arm-none-eabi/14.3 rel1/bin/../lib/gcc/arm-none-eabi/14.3.1/../../../../arm-none-eabi/lib/thumb/v7e-m+fp/hard\libc_nano.a(libc_a-printf.o)
                              build/fal.o (printf)
C:/Program Files (x86)/Arm GNU Toolchain arm-none-eabi/14.3 rel1/bin/../lib/gcc/arm-none-eabi/14.3.1/../../../../arm-none-eabi/lib/thumb/v7e-m+fp/hard\libc_nano.a(libc_a-putchar.o)
                              build/fdb.o (putchar)
C:/Program Files (x86)/Arm GNU Toolchain arm-none-eabi/14.3 rel1/bin/../lib/gcc/arm-none-eabi/14.3.1/../../../../arm-none-eabi/lib/thumb/v7e-m+fp/hard\libc_nano.a(libc_a-puts.o)
                              build/fal.o (puts)
C:/Program Files (x86)/Arm GNU Toolchain arm-none-eabi/14.3 rel1/bin/../lib/gcc/arm-none-eabi/14.3.1/../../../../arm-none-eabi/lib/thumb/v7e-m+fp/hard\libc_nano.a(libc_a-snprintf.o)
                              build/main.o (snprintf)
C:/Program Files (x86)/Arm GNU Toolchain arm-none-eabi/14.3 rel1/bin/../lib/gcc/arm-none-eabi/14.3.1/../../../../arm-none-eabi/lib/thumb/v7e-m+fp/hard\libc_nano.a(libc_a-stdio.o)
                              C:/Program Files (x86)/Arm GNU Toolchain arm-none-eabi/14.3 rel1/bin/../lib/gcc/arm-none-eabi/14.3.1/../../../../arm-none-eabi/lib/thumb/v7e-m+fp/hard\libc_nano.a(libc_a-findfp.o) (__sread)
C:/Program Files (x86)/Arm GNU Toolchain arm-none-eabi/14.3 rel1/bin/../lib/gcc/arm-none-eabi/14.3.1/../../../../arm-none-eabi/lib/thumb/v7e-m+fp/hard\libc_nano.a(libc_a-wbuf.o)
                              C:/Program Files (x86)/Arm GNU Toolchain arm-none-eabi/14.3 rel1/bin/../lib/gcc/arm-none-eabi/14.3.1/../../../../arm-none-eabi/lib/thumb/v7e-m+fp/hard\libc_nano.a(libc_a-puts.o) (__swbuf_r)
C:/Program Files (x86)/Arm GNU Toolchain arm-none-eabi/14.3 rel1/bin/../lib/gcc/arm-none-eabi/14.3.1/../../../../arm-none-eabi/lib/thumb/v7e-m+fp/hard\libc_nano.a(libc_a-wsetup.o)
                              C:/Program Files (x86)/Arm GNU Toolchain arm-none-eabi/14.3 rel1/bin/../lib/gcc/arm-none-eabi/14.3.1/../../../../arm-none-eabi/lib/thumb/v7e-m+fp/hard\libc_nano.a(libc_a-puts.o) (__swsetup_r)
C:/Program Files (x86)/Arm GNU Toolchain arm-none-eabi/14.3 rel1/bin/../lib/gcc/arm-none-eabi/14.3.1/../../../../arm-none-eabi/lib/thumb/v7e-m+fp/hard\libc_nano.a(libc_a-memset.o)
                              C:/Program Files (x86)/Arm GNU Toolchain arm-none-eabi/14.3 rel1/bin/../lib/gcc/arm-none-eabi/14.3.1/../../../../arm-none-eabi/lib/thumb/v7e-m+fp/hard/crt0.o (memset)
C:/Program Files (x86)/Arm GNU Toolchain arm-none-eabi/14.3 rel1/bin/../lib/gcc/arm-none-eabi/14.3.1/../../../../arm-none-eabi/lib/thumb/v7e-m+fp/hard\libc_nano.a(libc_a-strncmp.o)
                              build/fal_flash.o (strncmp)
C:/Program Files (x86)/Arm GNU Toolchain arm-none-eabi/14.3 rel1/bin/../lib/gcc/arm-none-eabi/14.3.1/../../../../arm-none-eabi/lib/thumb/v7e-m+fp/hard\libc_nano.a(libc_a-strncpy.o)
                              build/fdb_kvdb.o (strncpy)
C:/Program Files (x86)/Arm GNU Toolchain arm-none-eabi/14.3 rel1/bin/../lib/gcc/arm-none-eabi/14.3.1/../../../../arm-none-eabi/lib/thumb/v7e-m+fp/hard\libc_nano.a(libc_a-closer.o)
                              C:/Program Files (x86)/Arm GNU Toolchain arm-none-eabi/14.3 rel1/bin/../lib/gcc/arm-none-eabi/14.3.1/../../../../arm-none-eabi/lib/thumb/v7e-m+fp/hard\libc_nano.a(libc_a-stdio.o) (_close_r)
C:/Program Files (x86)/Arm GNU Toolchain arm-none-eabi/14.3 rel1/bin/../lib/gcc/arm-none-eabi/14.3.1/../../../../arm-none-eabi/lib/thumb/v7e-m+fp/hard\libc_nano.a(libc_a-reent.o)
[...]
Memory Configuration

Name             Origin             Length             Attributes
RAM              0x20000000         0x0000c000         xrw
RAM2             0x10000000         0x00004000         xrw
FLASH            0x08000000         0x00040000         xr
*default*        0x00000000         0xffffffff

Linker script and memory map

LOAD C:/Program Files (x86)/Arm GNU Toolchain arm-none-eabi/14.3 rel1/bin/../lib/gcc/arm-none-eabi/14.3.1/thumb/v7e-m+fp/hard/crti.o
LOAD C:/Program Files (x86)/Arm GNU Toolchain arm-none-eabi/14.3 rel1/bin/../lib/gcc/arm-none-eabi/14.3.1/thumb/v7e-m+fp/hard/crtbegin.o
LOAD C:/Program Files (x86)/Arm GNU Toolchain arm-none-eabi/14.3 rel1/bin/../lib/gcc/arm-none-eabi/14.3.1/../../../../arm-none-eabi/lib/thumb/v7e-m+fp/hard/crt0.o
LOAD build/main.o
LOAD build/fal.o
LOAD build/fal_flash.o
LOAD build/fal_partition.o
LOAD build/fdb.o
LOAD build/fdb_kvdb.o
LOAD build/fdb_utils.o
LOAD build/fal_flash_w25q64.o
LOAD build/st7735.o
LOAD build/lcd_text.o
LOAD build/w25q64.o
LOAD build/aht30.o
LOAD build/stm32l4xx_it.o
LOAD build/stm32l4xx_hal_msp.o
LOAD build/stm32l4xx_hal_spi.o
LOAD build/stm32l4xx_hal_spi_ex.o
LOAD build/stm32l4xx_hal.o
LOAD build/stm32l4xx_hal_rcc.o
LOAD build/stm32l4xx_hal_rcc_ex.o
LOAD build/stm32l4xx_hal_flash.o
LOAD build/stm32l4xx_hal_flash_ex.o
LOAD build/stm32l4xx_hal_flash_ramfunc.o
LOAD build/stm32l4xx_hal_gpio.o
LOAD build/stm32l4xx_hal_i2c.o
LOAD build/stm32l4xx_hal_i2c_ex.o
LOAD build/stm32l4xx_hal_dma.o
LOAD build/stm32l4xx_hal_dma_ex.o
LOAD build/stm32l4xx_hal_pwr.o
LOAD build/stm32l4xx_hal_pwr_ex.o
LOAD build/stm32l4xx_hal_cortex.o
LOAD build/stm32l4xx_hal_exti.o
LOAD build/system_stm32l4xx.o
LOAD build/sysmem.o
LOAD build/syscalls.o
LOAD build/stm32l4xx_hal_uart.o
LOAD build/stm32l4xx_hal_uart_ex.o
LOAD build/gpio.o
LOAD build/i2c.o
LOAD build/spi.o
LOAD build/usart.o
LOAD build/freertos.o
LOAD build/stm32l4xx_hal_timebase_tim.o
LOAD build/stm32l4xx_hal_tim.o
LOAD build/stm32l4xx_hal_tim_ex.o
LOAD build/croutine.o
LOAD build/event_groups.o
LOAD build/list.o
LOAD build/queue.o
LOAD build/stream_buffer.o
LOAD build/tasks.o
LOAD build/timers.o
LOAD build/cmsis_os2.o
LOAD build/heap_4.o
LOAD build/port.o
LOAD build/rtc.o
LOAD build/stm32l4xx_hal_rtc.o
LOAD build/stm32l4xx_hal_rtc_ex.o
LOAD build/startup_stm32l431xx.o
LOAD C:/Program Files (x86)/Arm GNU Toolchain arm-none-eabi/14.3 rel1/bin/../lib/gcc/arm-none-eabi/14.3.1/../../../../arm-none-eabi/lib/thumb/v7e-m+fp/hard\libc_nano.a
LOAD C:/Program Files (x86)/Arm GNU Toolchain arm-none-eabi/14.3 rel1/bin/../lib/gcc/arm-none-eabi/14.3.1/../../../../arm-none-eabi/lib/thumb/v7e-m+fp/hard\libm.a
LOAD C:/Program Files (x86)/Arm GNU Toolchain arm-none-eabi/14.3 rel1/bin/../lib/gcc/arm-none-eabi/14.3.1/../../../../arm-none-eabi/lib/thumb/v7e-m+fp/hard\libnosys.a
START GROUP
LOAD C:/Program Files (x86)/Arm GNU Toolchain arm-none-eabi/14.3 rel1/bin/../lib/gcc/arm-none-eabi/14.3.1/thumb/v7e-m+fp/hard\libgcc.a
LOAD C:/Program Files (x86)/Arm GNU Toolchain arm-none-eabi/14.3 rel1/bin/../lib/gcc/arm-none-eabi/14.3.1/../../../../arm-none-eabi/lib/thumb/v7e-m+fp/hard\libc_nano.a
END GROUP
START GROUP
LOAD C:/Program Files (x86)/Arm GNU Toolchain arm-none-eabi/14.3 rel1/bin/../lib/gcc/arm-none-eabi/14.3.1/thumb/v7e-m+fp/hard\libgcc.a
LOAD C:/Program Files (x86)/Arm GNU Toolchain arm-none-eabi/14.3 rel1/bin/../lib/gcc/arm-none-eabi/14.3.1/../../../../arm-none-eabi/lib/thumb/v7e-m+fp/hard\libc_nano.a
END GROUP
LOAD C:/Program Files (x86)/Arm GNU Toolchain arm-none-eabi/14.3 rel1/bin/../lib/gcc/arm-none-eabi/14.3.1/thumb/v7e-m+fp/hard/crtend.o
LOAD C:/Program Files (x86)/Arm GNU Toolchain arm-none-eabi/14.3 rel1/bin/../lib/gcc/arm-none-eabi/14.3.1/thumb/v7e-m+fp/hard/crtn.o
                0x2000c000                        _estack = (ORIGIN (RAM) + LENGTH (RAM))
                0x00000200                        _Min_Heap_Size = 0x200
                0x00000400                        _Min_Stack_Size = 0x400

.isr_vector     0x08000000      0x190
                0x08000000                        . = ALIGN (0x8)
 *(.isr_vector)
 .isr_vector    0x08000000      0x18c build/startup_stm32l431xx.o
                0x08000000                g_pfnVectors
                0x08000190                        . = ALIGN (0x8)
 *fill*         0x0800018c        0x4 

.text           0x08000190     0x92a0
                0x08000190                        . = ALIGN (0x8)
 *(.text)
 .text          0x08000190       0x14 C:/Program Files (x86)/Arm GNU Toolchain arm-none-eabi/14.3 rel1/bin/../lib/gcc/arm-none-eabi/14.3.1/../../../../arm-none-eabi/lib/thumb/v7e-m+fp/hard\libc_nano.a(libc_a-strcmp.o)
                0x08000190                strcmp
 .text          0x080001a4       0x10 C:/Program Files (x86)/Arm GNU Toolchain arm-none-eabi/14.3 rel1/bin/../lib/gcc/arm-none-eabi/14.3.1/../../../../arm-none-eabi/lib/thumb/v7e-m+fp/hard\libc_nano.a(libc_a-strlen.o)
                0x080001a4                strlen
 *fill*         0x080001b4        0xc 
 .text          0x080001c0       0xa0 C:/Program Files (x86)/Arm GNU Toolchain arm-none-eabi/14.3 rel1/bin/../lib/gcc/arm-none-eabi/14.3.1/../../../../arm-none-eabi/lib/thumb/v7e-m+fp/hard\libc_nano.a(libc_a-memchr.o)
                0x080001c0                memchr
 .text          0x08000260       0x30 C:/Program Files (x86)/Arm GNU Toolchain arm-none-eabi/14.3 rel1/bin/../lib/gcc/arm-none-eabi/14.3.1/thumb/v7e-m+fp/hard\libgcc.a(_aeabi_uldivmod.o)
                0x08000260                __aeabi_uldivmod
 .text          0x08000290        0x4 C:/Program Files (x86)/Arm GNU Toolchain arm-none-eabi/14.3 rel1/bin/../lib/gcc/arm-none-eabi/14.3.1/thumb/v7e-m+fp/hard\libgcc.a(_dvmd_tls.o)
                0x08000290                __aeabi_idiv0
                0x08000290                __aeabi_ldiv0
 *(.text*)
 .text.deregister_tm_clones
                0x08000294       0x1c C:/Program Files (x86)/Arm GNU Toolchain arm-none-eabi/14.3 rel1/bin/../lib/gcc/arm-none-eabi/14.3.1/thumb/v7e-m+fp/hard/crtbegin.o
 .text.register_tm_clones
                0x080002b0       0x24 C:/Program Files (x86)/Arm GNU Toolchain arm-none-eabi/14.3 rel1/bin/../lib/gcc/arm-none-eabi/14.3.1/thumb/v7e-m+fp/hard/crtbegin.o
 .text.__do_global_dtors_aux
                0x080002d4       0x28 C:/Program Files (x86)/Arm GNU Toolchain arm-none-eabi/14.3 rel1/bin/../lib/gcc/arm-none-eabi/14.3.1/thumb/v7e-m+fp/hard/crtbegin.o
 .text.frame_dummy
                0x080002fc       0x24 C:/Program Files (x86)/Arm GNU Toolchain arm-none-eabi/14.3 rel1/bin/../lib/gcc/arm-none-eabi/14.3.1/thumb/v7e-m+fp/hard/crtbegin.o
 .text.HAL_TIM_PeriodElapsedCallback
                0x08000320       0x18 build/main.o
                0x08000320                HAL_TIM_PeriodElapsedCallback
 .text.Error_Handler
                0x08000338        0x4 build/main.o
                0x08000338                Error_Handler
 .text.SystemClock_Config
                0x0800033c       0x98 build/main.o
                0x0800033c                SystemClock_Config
 .text.main     0x080003d4      0x2c8 build/main.o
                0x080003d4                main
 .text.fal_init
                0x0800069c       0x7c build/fal.o
                0x0800069c                fal_init
 .text.fal_flash_init
                0x08000718       0x30 build/fal_flash.o
                0x08000718                fal_flash_init
 .text.fal_flash_device_find
                0x08000748       0x24 build/fal_flash.o
                0x08000748                fal_flash_device_find
 .text.flash_device_find_by_part
                0x0800076c       0x18 build/fal_partition.o
 .text.check_and_update_part_cache
                0x08000784       0x78 build/fal_partition.o
 .text.fal_partition_init
                0x080007fc       0x3c build/fal_partition.o
                0x080007fc                fal_partition_init
 .text.fal_partition_find
                0x08000838       0x38 build/fal_partition.o
                0x08000838                fal_partition_find
 .text.fal_partition_read
                0x08000870       0xa8 build/fal_partition.o
                0x08000870                fal_partition_read
 .text.fal_partition_write
                0x08000918       0xa8 build/fal_partition.o
                0x08000918                fal_partition_write
 .text.fal_partition_erase
                0x080009c0       0xa0 build/fal_partition.o
                0x080009c0                fal_partition_erase
 .text._fdb_init_ex
                0x08000a60      0x170 build/fdb.o
                0x08000a60                _fdb_init_ex
 .text._fdb_db_path
                0x08000bd0        0xe build/fdb.o
                0x08000bd0                _fdb_db_path
 *fill*         0x08000bde        0x2 
 .text._fdb_init_finish
                0x08000be0       0x9c build/fdb.o
                0x08000be0                _fdb_init_finish
 .text.get_sector_from_cache
                0x08000c7c       0x2c build/fdb_kvdb.o
 .text.update_sector_empty_addr_cache
                0x08000ca8       0x1a build/fdb_kvdb.o
 .text.update_sector_status_store_cache
                0x08000cc2        0xe build/fdb_kvdb.o
 .text.get_next_sector_addr
                0x08000cd0       0x34 build/fdb_kvdb.o
 .text.fdb_is_str
                0x08000d04       0x1a build/fdb_kvdb.o
 .text.sector_statistics_cb
                0x08000d1e       0x2a build/fdb_kvdb.o
 .text.alloc_kv_cb
                0x08000d48       0x3e build/fdb_kvdb.o
 .text.gc_check_cb
                0x08000d86       0x12 build/fdb_kvdb.o
 .text.check_oldest_addr_cb
                0x08000d98       0x1e build/fdb_kvdb.o
 .text.update_kv_cache
                0x08000db6       0xd6 build/fdb_kvdb.o
 .text.find_next_kv_addr
                0x08000e8c       0xb8 build/fdb_kvdb.o
 .text.get_next_kv_addr
                0x08000f44       0x6c build/fdb_kvdb.o
 .text.get_kv_from_cache
                0x08000fb0       0xa8 build/fdb_kvdb.o
 .text.find_kv_cb
                0x08001058       0x40 build/fdb_kvdb.o
 .text.read_kv  0x08001098      0x178 build/fdb_kvdb.o
 .text.update_sec_status
                0x08001210       0x86 build/fdb_kvdb.o
 .text.update_sector_cache
                0x08001296       0xba build/fdb_kvdb.o
 .text.read_sector_info
                0x08001350      0x1d0 build/fdb_kvdb.o
 .text.kv_iterator
                0x08001520       0x7c build/fdb_kvdb.o
 .text.find_kv_no_cache
                0x0800159c       0x2c build/fdb_kvdb.o
 .text.find_kv  0x080015c8       0x50 build/fdb_kvdb.o
 .text.get_kv   0x08001618       0x46 build/fdb_kvdb.o
 .text.sector_iterator
                0x0800165e       0x72 build/fdb_kvdb.o
 .text.gc_collect_by_free_size
                0x080016d0       0x9c build/fdb_kvdb.o
 .text.gc_collect
                0x0800176c        0xa build/fdb_kvdb.o
 .text.check_and_recovery_gc_cb
                0x08001776       0x22 build/fdb_kvdb.o
 .text.alloc_kv
                0x08001798       0xd0 build/fdb_kvdb.o
 .text.new_kv   0x08001868       0xa8 build/fdb_kvdb.o
 .text.new_kv_ex
                0x08001910        0xc build/fdb_kvdb.o
 .text.del_kv   0x0800191c      0x140 build/fdb_kvdb.o
 .text.write_kv_hdr
                0x08001a5c       0x2e build/fdb_kvdb.o
 *fill*         0x08001a8a        0x2 
 .text.create_kv_blob
                0x08001a8c      0x1ec build/fdb_kvdb.o
 .text.set_kv   0x08001c78       0xa4 build/fdb_kvdb.o
 .text.move_kv  0x08001d1c      0x184 build/fdb_kvdb.o
 .text.check_and_recovery_kv_cb
                0x08001ea0       0xf4 build/fdb_kvdb.o
 .text.format_sector
                0x08001f94       0xd4 build/fdb_kvdb.o
 .text.do_gc    0x08002068      0x15c build/fdb_kvdb.o
 .text.check_sec_hdr_cb
                0x080021c4       0x68 build/fdb_kvdb.o
 .text.fdb_kv_get_blob
                0x0800222c       0x68 build/fdb_kvdb.o
                0x0800222c                fdb_kv_get_blob
 .text.fdb_kv_get
                0x08002294       0x9c build/fdb_kvdb.o
                0x08002294                fdb_kv_get
 .text.fdb_kv_del
                0x08002330       0x5c build/fdb_kvdb.o
                0x08002330                fdb_kv_del
 .text.fdb_kv_set_blob
                0x0800238c       0x5c build/fdb_kvdb.o
                0x0800238c                fdb_kv_set_blob
 .text.fdb_kv_set
                0x080023e8       0x30 build/fdb_kvdb.o
                0x080023e8                fdb_kv_set
 .text.fdb_kv_set_default
                0x08002418       0x9c build/fdb_kvdb.o
                0x08002418                fdb_kv_set_default
 .text._fdb_kv_load
                0x080024b4       0xb8 build/fdb_kvdb.o
 .text.fdb_kvdb_init
                0x0800256c      0x184 build/fdb_kvdb.o
                0x0800256c                fdb_kvdb_init
 .text.fdb_calc_crc32
                0x080026f0       0x28 build/fdb_utils.o
                0x080026f0                fdb_calc_crc32
 .text._fdb_set_status
                0x08002718       0x2c build/fdb_utils.o
                0x08002718                _fdb_set_status
 .text._fdb_get_status
                0x08002744       0x30 build/fdb_utils.o
                0x08002744                _fdb_get_status
 .text.fdb_blob_make
                0x08002774        0x6 build/fdb_utils.o
                0x08002774                fdb_blob_make
 .text._fdb_flash_read
                0x0800277a       0x1c build/fdb_utils.o
                0x0800277a                _fdb_flash_read
 *fill*         0x08002796        0x2 
 .text._fdb_read_status
                0x08002798       0x44 build/fdb_utils.o
                0x08002798                _fdb_read_status
 .text._fdb_continue_ff_addr
                0x080027dc       0x6e build/fdb_utils.o
                0x080027dc                _fdb_continue_ff_addr
 .text._fdb_flash_erase
                0x0800284a       0x1c build/fdb_utils.o
                0x0800284a                _fdb_flash_erase
 .text._fdb_flash_write
                0x08002866       0x1c build/fdb_utils.o
                0x08002866                _fdb_flash_write
 *fill*         0x08002882        0x2 
 .text._fdb_write_status
                0x08002884       0x80 build/fdb_utils.o
                0x08002884                _fdb_write_status
 .text._fdb_flash_write_align
                0x08002904       0x1c build/fdb_utils.o
                0x08002904                _fdb_flash_write_align
 .text.erase    0x08002920       0x22 build/fal_flash_w25q64.o
 .text.write    0x08002942       0x12 build/fal_flash_w25q64.o
 .text.read     0x08002954       0x12 build/fal_flash_w25q64.o
 .text.init     0x08002966        0xa build/fal_flash_w25q64.o
 .text.ST7735_WriteData
                0x08002970       0x40 build/st7735.o
 .text.ST7735_WriteCommand
                0x080029b0       0x48 build/st7735.o
 .text.ST7735_WriteDataByte
                0x080029f8       0x48 build/st7735.o
 .text.ST7735_Reset
                0x08002a40       0x3c build/st7735.o
 .text.ST7735_SetAddressWindow
                0x08002a7c       0x64 build/st7735.o
                0x08002a7c                ST7735_SetAddressWindow
 .text.ST7735_DrawPixel
                0x08002ae0       0x30 build/st7735.o
                0x08002ae0                ST7735_DrawPixel
 .text.ST7735_FillRect
                0x08002b10       0x94 build/st7735.o
                0x08002b10                ST7735_FillRect
 .text.ST7735_FillScreen
                0x08002ba4       0x18 build/st7735.o
                0x08002ba4                ST7735_FillScreen
 .text.ST7735_Init
                0x08002bbc      0x198 build/st7735.o
                0x08002bbc                ST7735_Init
 .text.font_index
                0x08002d54       0xa8 build/lcd_text.o
 .text.lcd_char_supported
                0x08002dfc       0x44 build/lcd_text.o
 .text.LCD_ClearArea
                0x08002e40       0x1e build/lcd_text.o
                0x08002e40                LCD_ClearArea
 *fill*         0x08002e5e        0x2 
 .text.LCD_ShowCharEx
                0x08002e60       0x84 build/lcd_text.o
                0x08002e60                LCD_ShowCharEx
 .text.LCD_ShowStringEx
                0x08002ee4       0x86 build/lcd_text.o
                0x08002ee4                LCD_ShowStringEx
 .text.LCD_ShowString
                0x08002f6a       0x16 build/lcd_text.o
                0x08002f6a                LCD_ShowString
 .text.LCD_ShowUInt
                0x08002f80       0x34 build/lcd_text.o
                0x08002f80                LCD_ShowUInt
 .text.W25Q64_Init
                0x08002fb4       0x10 build/w25q64.o
                0x08002fb4                W25Q64_Init
 .text.W25Q64_ReadWriteByte
                0x08002fc4       0x34 build/w25q64.o
                0x08002fc4                W25Q64_ReadWriteByte
 .text.W25Q64_ReadJEDECID
                0x08002ff8       0x40 build/w25q64.o
                0x08002ff8                W25Q64_ReadJEDECID
 .text.W25Q64_WriteEnable
                0x08003038       0x22 build/w25q64.o
                0x08003038                W25Q64_WriteEnable
 .text.W25Q64_WaitBusy
                0x0800305a       0x2e build/w25q64.o
                0x0800305a                W25Q64_WaitBusy
 .text.W25Q64_Read
                0x08003088       0x50 build/w25q64.o
                0x08003088                W25Q64_Read
 .text.W25Q64_EraseSector
                0x080030d8       0x42 build/w25q64.o
                0x080030d8                W25Q64_EraseSector
 .text.W25Q64_Write
                0x0800311a       0x76 build/w25q64.o
                0x0800311a                W25Q64_Write
 .text.NMI_Handler
                0x08003190        0x2 build/stm32l4xx_it.o
                0x08003190                NMI_Handler
 .text.HardFault_Handler
                0x08003192        0x2 build/stm32l4xx_it.o
                0x08003192                HardFault_Handler
 .text.MemManage_Handler
                0x08003194        0x2 build/stm32l4xx_it.o
                0x08003194                MemManage_Handler
 .text.BusFault_Handler
                0x08003196        0x2 build/stm32l4xx_it.o
                0x08003196                BusFault_Handler
 .text.UsageFault_Handler
                0x08003198        0x2 build/stm32l4xx_it.o
                0x08003198                UsageFault_Handler
 .text.DebugMon_Handler
                0x0800319a        0x2 build/stm32l4xx_it.o
                0x0800319a                DebugMon_Handler
 .text.TIM1_BRK_TIM15_IRQHandler
                0x0800319c       0x10 build/stm32l4xx_it.o
                0x0800319c                TIM1_BRK_TIM15_IRQHandler
 .text.HAL_MspInit
                0x080031ac       0x40 build/stm32l4xx_hal_msp.o
                0x080031ac                HAL_MspInit
 .text.SPI_WaitFlagStateUntilTimeout
                0x080031ec       0xc8 build/stm32l4xx_hal_spi.o
 .text.SPI_WaitFifoStateUntilTimeout
                0x080032b4       0xf0 build/stm32l4xx_hal_spi.o
 .text.SPI_EndRxTxTransaction
                0x080033a4       0x62 build/stm32l4xx_hal_spi.o
 .text.HAL_SPI_Init
                0x08003406       0xde build/stm32l4xx_hal_spi.o
                0x08003406                HAL_SPI_Init
 .text.HAL_SPI_Transmit
                0x080034e4      0x20a build/stm32l4xx_hal_spi.o
                0x080034e4                HAL_SPI_Transmit
 .text.HAL_SPI_TransmitReceive
                0x080036ee      0x2fc build/stm32l4xx_hal_spi.o
                0x080036ee                HAL_SPI_TransmitReceive
 .text.HAL_Init
                0x080039ea       0x1e build/stm32l4xx_hal.o
                0x080039ea                HAL_Init
 .text.HAL_IncTick
                0x08003a08       0x18 build/stm32l4xx_hal.o
                0x08003a08                HAL_IncTick
 .text.HAL_GetTick
                0x08003a20        0xc build/stm32l4xx_hal.o
                0x08003a20                HAL_GetTick
 .text.HAL_Delay
                0x08003a2c       0x28 build/stm32l4xx_hal.o
                0x08003a2c                HAL_Delay
 .text.RCC_SetFlashLatencyFromMSIRange
                0x08003a54       0x90 build/stm32l4xx_hal_rcc.o
 .text.HAL_RCC_GetSysClockFreq
                0x08003ae4       0xa8 build/stm32l4xx_hal_rcc.o
                0x08003ae4                HAL_RCC_GetSysClockFreq
 .text.HAL_RCC_OscConfig
                0x08003b8c      0x66c build/stm32l4xx_hal_rcc.o
                0x08003b8c                HAL_RCC_OscConfig
 .text.HAL_RCC_ClockConfig
                0x080041f8      0x188 build/stm32l4xx_hal_rcc.o
                0x080041f8                HAL_RCC_ClockConfig
 .text.HAL_RCC_GetHCLKFreq
                0x08004380        0xc build/stm32l4xx_hal_rcc.o
                0x08004380                HAL_RCC_GetHCLKFreq
 .text.HAL_RCC_GetPCLK1Freq
                0x0800438c       0x24 build/stm32l4xx_hal_rcc.o
                0x0800438c                HAL_RCC_GetPCLK1Freq
 .text.HAL_RCC_GetPCLK2Freq
                0x080043b0       0x24 build/stm32l4xx_hal_rcc.o
                0x080043b0                HAL_RCC_GetPCLK2Freq
 .text.HAL_RCC_GetClockConfig
                0x080043d4       0x3c build/stm32l4xx_hal_rcc.o
                0x080043d4                HAL_RCC_GetClockConfig
 .text.RCCEx_PLLSAI1_Config
                0x08004410      0x170 build/stm32l4xx_hal_rcc_ex.o
 .text.HAL_RCCEx_PeriphCLKConfig
                0x08004580      0x31c build/stm32l4xx_hal_rcc_ex.o
                0x08004580                HAL_RCCEx_PeriphCLKConfig
 .text.HAL_GPIO_Init
                0x0800489c      0x1c8 build/stm32l4xx_hal_gpio.o
                0x0800489c                HAL_GPIO_Init
 .text.HAL_GPIO_WritePin
                0x08004a64        0xa build/stm32l4xx_hal_gpio.o
                0x08004a64                HAL_GPIO_WritePin
 .text.HAL_GPIO_TogglePin
                0x08004a6e       0x12 build/stm32l4xx_hal_gpio.o
                0x08004a6e                HAL_GPIO_TogglePin
 .text.HAL_I2C_Init
                0x08004a80       0xc8 build/stm32l4xx_hal_i2c.o
                0x08004a80                HAL_I2C_Init
 .text.HAL_I2CEx_ConfigAnalogFilter
                0x08004b48       0x5a build/stm32l4xx_hal_i2c_ex.o
                0x08004b48                HAL_I2CEx_ConfigAnalogFilter
 .text.HAL_I2CEx_ConfigDigitalFilter
                0x08004ba2       0x56 build/stm32l4xx_hal_i2c_ex.o
                0x08004ba2                HAL_I2CEx_ConfigDigitalFilter
 .text.HAL_PWR_EnableBkUpAccess
                0x08004bf8       0x10 build/stm32l4xx_hal_pwr.o
                0x08004bf8                HAL_PWR_EnableBkUpAccess
 .text.HAL_PWREx_GetVoltageRange
                0x08004c08       0x10 build/stm32l4xx_hal_pwr_ex.o
                0x08004c08                HAL_PWREx_GetVoltageRange
 .text.HAL_PWREx_ControlVoltageScaling
                0x08004c18       0x90 build/stm32l4xx_hal_pwr_ex.o
                0x08004c18                HAL_PWREx_ControlVoltageScaling
 .text.__NVIC_EnableIRQ
                0x08004ca8       0x1c build/stm32l4xx_hal_cortex.o
 .text.__NVIC_SetPriority
                0x08004cc4       0x28 build/stm32l4xx_hal_cortex.o
 .text.NVIC_EncodePriority
                0x08004cec       0x3e build/stm32l4xx_hal_cortex.o
 *fill*         0x08004d2a        0x2 
 .text.HAL_NVIC_SetPriorityGrouping
                0x08004d2c       0x24 build/stm32l4xx_hal_cortex.o
                0x08004d2c                HAL_NVIC_SetPriorityGrouping
 .text.HAL_NVIC_SetPriority
                0x08004d50       0x20 build/stm32l4xx_hal_cortex.o
                0x08004d50                HAL_NVIC_SetPriority
 .text.HAL_NVIC_EnableIRQ
                0x08004d70        0x8 build/stm32l4xx_hal_cortex.o
                0x08004d70                HAL_NVIC_EnableIRQ
 .text.SystemInit
                0x08004d78       0x14 build/system_stm32l4xx.o
                0x08004d78                SystemInit
 .text._sbrk    0x08004d8c       0x48 build/sysmem.o
                0x08004d8c                _sbrk
 .text._read    0x08004dd4       0x20 build/syscalls.o
                0x08004dd4                _read
 .text._write   0x08004df4       0x1c build/syscalls.o
                0x08004df4                _write
 .text._close   0x08004e10        0x6 build/syscalls.o
                0x08004e10                _close
 .text._fstat   0x08004e16        0xa build/syscalls.o
                0x08004e16                _fstat
 .text._isatty  0x08004e20        0x4 build/syscalls.o
                0x08004e20                _isatty
 .text._lseek   0x08004e24        0x4 build/syscalls.o
                0x08004e24                _lseek
 .text.UART_EndRxTransfer
                0x08004e28       0x52 build/stm32l4xx_hal_uart.o
 *fill*         0x08004e7a        0x2 
 .text.UART_SetConfig
                0x08004e7c      0x29c build/stm32l4xx_hal_uart.o
                0x08004e7c                UART_SetConfig
 .text.UART_AdvFeatureConfig
                0x08005118       0xca build/stm32l4xx_hal_uart.o
                0x08005118                UART_AdvFeatureConfig
 .text.UART_WaitOnFlagUntilTimeout
                0x080051e2       0x9e build/stm32l4xx_hal_uart.o
                0x080051e2                UART_WaitOnFlagUntilTimeout
 .text.HAL_UART_Transmit
                0x08005280       0xd6 build/stm32l4xx_hal_uart.o
                0x08005280                HAL_UART_Transmit
 .text.UART_CheckIdleState
                0x08005356       0xc6 build/stm32l4xx_hal_uart.o
                0x08005356                UART_CheckIdleState
 .text.HAL_UART_Init
                0x0800541c       0x62 build/stm32l4xx_hal_uart.o
                0x0800541c                HAL_UART_Init
 *fill*         0x0800547e        0x2 
 .text.MX_GPIO_Init
                0x08005480       0x9c build/gpio.o
                0x08005480                MX_GPIO_Init
 .text.MX_I2C2_Init
                0x0800551c       0x60 build/i2c.o
                0x0800551c                MX_I2C2_Init
 .text.HAL_I2C_MspInit
                0x0800557c       0x8c build/i2c.o
                0x0800557c                HAL_I2C_MspInit
 .text.MX_SPI1_Init
                0x08005608       0x4c build/spi.o
                0x08005608                MX_SPI1_Init
 .text.MX_SPI2_Init
                0x08005654       0x4c build/spi.o
                0x08005654                MX_SPI2_Init
 .text.HAL_SPI_MspInit
                0x080056a0       0xb8 build/spi.o
                0x080056a0                HAL_SPI_MspInit
 .text.MX_USART1_UART_Init
                0x08005758       0x38 build/usart.o
                0x08005758                MX_USART1_UART_Init
 .text.HAL_UART_MspInit
                0x08005790       0x88 build/usart.o
                0x08005790                HAL_UART_MspInit
 .text.StartDefaultTask
                0x08005818       0x9c build/freertos.o
                0x08005818                StartDefaultTask
 .text.StartTask02
                0x080058b4       0x18 build/freertos.o
                0x080058b4                StartTask02
 .text.MX_FREERTOS_Init
                0x080058cc       0x38 build/freertos.o
                0x080058cc                MX_FREERTOS_Init
 .text.HAL_InitTick
                0x08005904       0x94 build/stm32l4xx_hal_timebase_tim.o
                0x08005904                HAL_InitTick
 .text.HAL_TIM_Base_MspInit
                0x08005998        0x2 build/stm32l4xx_hal_tim.o
                0x08005998                HAL_TIM_Base_MspInit
 *fill*         0x0800599a        0x2 
 .text.HAL_TIM_Base_Start_IT
                0x0800599c       0x6c build/stm32l4xx_hal_tim.o
                0x0800599c                HAL_TIM_Base_Start_IT
 .text.HAL_TIM_OC_DelayElapsedCallback
                0x08005a08        0x2 build/stm32l4xx_hal_tim.o
                0x08005a08                HAL_TIM_OC_DelayElapsedCallback
 .text.HAL_TIM_IC_CaptureCallback
                0x08005a0a        0x2 build/stm32l4xx_hal_tim.o
                0x08005a0a                HAL_TIM_IC_CaptureCallback
 .text.HAL_TIM_PWM_PulseFinishedCallback
                0x08005a0c        0x2 build/stm32l4xx_hal_tim.o
                0x08005a0c                HAL_TIM_PWM_PulseFinishedCallback
 .text.HAL_TIM_TriggerCallback
                0x08005a0e        0x2 build/stm32l4xx_hal_tim.o
                0x08005a0e                HAL_TIM_TriggerCallback
 .text.HAL_TIM_IRQHandler
                0x08005a10      0x17a build/stm32l4xx_hal_tim.o
                0x08005a10                HAL_TIM_IRQHandler
 *fill*         0x08005b8a        0x2 
 .text.TIM_Base_SetConfig
                0x08005b8c       0x78 build/stm32l4xx_hal_tim.o
                0x08005b8c                TIM_Base_SetConfig
 .text.HAL_TIM_Base_Init
                0x08005c04       0x60 build/stm32l4xx_hal_tim.o
                0x08005c04                HAL_TIM_Base_Init
 .text.HAL_TIMEx_CommutCallback
                0x08005c64        0x2 build/stm32l4xx_hal_tim_ex.o
                0x08005c64                HAL_TIMEx_CommutCallback
 .text.HAL_TIMEx_BreakCallback
                0x08005c66        0x2 build/stm32l4xx_hal_tim_ex.o
                0x08005c66                HAL_TIMEx_BreakCallback
 .text.HAL_TIMEx_Break2Callback
                0x08005c68        0x2 build/stm32l4xx_hal_tim_ex.o
                0x08005c68                HAL_TIMEx_Break2Callback
 .text.vListInitialise
                0x08005c6a       0x16 build/list.o
                0x08005c6a                vListInitialise
 .text.vListInitialiseItem
                0x08005c80        0x6 build/list.o
                0x08005c80                vListInitialiseItem
 .text.vListInsertEnd
                0x08005c86       0x16 build/list.o
                0x08005c86                vListInsertEnd
 .text.vListInsert
                0x08005c9c       0x32 build/list.o
                0x08005c9c                vListInsert
 .text.uxListRemove
                0x08005cce       0x26 build/list.o
                0x08005cce                uxListRemove
 .text.prvIsQueueFull
                0x08005cf4       0x1e build/queue.o
 .text.prvIsQueueEmpty
                0x08005d12       0x1a build/queue.o
 .text.prvCopyDataToQueue
                0x08005d2c       0x76 build/queue.o
 .text.prvCopyDataFromQueue
                0x08005da2       0x24 build/queue.o
 .text.prvUnlockQueue
                0x08005dc6       0x6e build/queue.o
 .text.xQueueGenericReset
                0x08005e34       0x84 build/queue.o
                0x08005e34                xQueueGenericReset
 .text.prvInitialiseNewQueue
                0x08005eb8       0x22 build/queue.o
 .text.xQueueGenericCreateStatic
                0x08005eda       0x94 build/queue.o
                0x08005eda                xQueueGenericCreateStatic
 .text.xQueueGenericSend
                0x08005f6e      0x188 build/queue.o
                0x08005f6e                xQueueGenericSend
 .text.xQueueGenericSendFromISR
                0x080060f6       0xce build/queue.o
                0x080060f6                xQueueGenericSendFromISR
 .text.xQueueReceive
                0x080061c4      0x15e build/queue.o
                0x080061c4                xQueueReceive
 *fill*         0x08006322        0x2 
 .text.vQueueAddToRegistry
                0x08006324       0x28 build/queue.o
                0x08006324                vQueueAddToRegistry
 .text.vQueueWaitForMessageRestricted
                0x0800634c       0x52 build/queue.o
                0x0800634c                vQueueWaitForMessageRestricted
 *fill*         0x0800639e        0x2 
 .text.prvResetNextTaskUnblockTime
                0x080063a0       0x2c build/tasks.o
 .text.prvInitialiseNewTask
                0x080063cc       0xa2 build/tasks.o
 *fill*         0x0800646e        0x2 
 .text.prvInitialiseTaskLists
                0x08006470       0x68 build/tasks.o
 .text.prvAddNewTaskToReadyList
                0x080064d8       0xac build/tasks.o
 .text.prvDeleteTCB
                0x08006584       0x38 build/tasks.o
 .text.prvCheckTasksWaitingTermination
                0x080065bc       0x4c build/tasks.o
 .text.prvIdleTask
                0x08006608       0x28 build/tasks.o
 .text.prvAddCurrentTaskToDelayedList
                0x08006630       0x7c build/tasks.o
 .text.xTaskCreateStatic
                0x080066ac       0x76 build/tasks.o
                0x080066ac                xTaskCreateStatic
 .text.xTaskCreate
                0x08006722       0x64 build/tasks.o
                0x08006722                xTaskCreate
 *fill*         0x08006786        0x2 
 .text.vTaskStartScheduler
                0x08006788       0x98 build/tasks.o
                0x08006788                vTaskStartScheduler
 .text.vTaskSuspendAll
                0x08006820       0x10 build/tasks.o
                0x08006820                vTaskSuspendAll
 .text.xTaskGetTickCount
                0x08006830        0xc build/tasks.o
                0x08006830                xTaskGetTickCount
 .text.xTaskIncrementTick
                0x0800683c      0x118 build/tasks.o
                0x0800683c                xTaskIncrementTick
 .text.xTaskResumeAll
                0x08006954       0xf8 build/tasks.o
                0x08006954                xTaskResumeAll
 .text.vTaskDelay
                0x08006a4c       0x4c build/tasks.o
                0x08006a4c                vTaskDelay
 .text.vTaskSwitchContext
                0x08006a98       0x98 build/tasks.o
                0x08006a98                vTaskSwitchContext
 .text.vTaskPlaceOnEventList
                0x08006b30       0x30 build/tasks.o
                0x08006b30                vTaskPlaceOnEventList
 .text.vTaskPlaceOnEventListRestricted
                0x08006b60       0x38 build/tasks.o
                0x08006b60                vTaskPlaceOnEventListRestricted
 .text.xTaskRemoveFromEventList
                0x08006b98       0x8c build/tasks.o
                0x08006b98                xTaskRemoveFromEventList
 .text.vTaskInternalSetTimeOutState
                0x08006c24       0x18 build/tasks.o
                0x08006c24                vTaskInternalSetTimeOutState
 .text.xTaskCheckForTimeOut
                0x08006c3c       0x88 build/tasks.o
                0x08006c3c                xTaskCheckForTimeOut
 .text.vTaskMissedYield
                0x08006cc4        0xc build/tasks.o
                0x08006cc4                vTaskMissedYield
 .text.xTaskGetSchedulerState
                0x08006cd0       0x20 build/tasks.o
                0x08006cd0                xTaskGetSchedulerState
 .text.xTaskPriorityDisinherit
                0x08006cf0       0x90 build/tasks.o
                0x08006cf0                xTaskPriorityDisinherit
 .text.prvGetNextExpireTime
                0x08006d80       0x20 build/timers.o
 .text.prvInsertTimerInActiveList
                0x08006da0       0x48 build/timers.o
 .text.prvCheckForValidListAndQueue
                0x08006de8       0x70 build/timers.o
 .text.xTimerCreateTimerTask
                0x08006e58       0x64 build/timers.o
                0x08006e58                xTimerCreateTimerTask
 .text.xTimerGenericCommand
                0x08006ebc       0x6c build/timers.o
                0x08006ebc                xTimerGenericCommand
 .text.prvSwitchTimerLists
                0x08006f28       0x7c build/timers.o
 .text.prvSampleTimeNow
                0x08006fa4       0x2c build/timers.o
 .text.prvProcessExpiredTimer
                0x08006fd0       0x6c build/timers.o
 .text.prvProcessTimerOrBlockTask
                0x0800703c       0x74 build/timers.o
 .text.prvProcessReceivedCommands
                0x080070b0      0x10c build/timers.o
 .text.prvTimerTask
                0x080071bc       0x16 build/timers.o
 .text.SysTick_Handler
                0x080071d2       0x18 build/cmsis_os2.o
                0x080071d2                SysTick_Handler
 *fill*         0x080071ea        0x2 
 .text.osKernelInitialize
                0x080071ec       0x24 build/cmsis_os2.o
                0x080071ec                osKernelInitialize
 .text.osKernelStart
                0x08007210       0x38 build/cmsis_os2.o
                0x08007210                osKernelStart
 .text.osThreadNew
                0x08007248       0xb4 build/cmsis_os2.o
                0x08007248                osThreadNew
 .text.osDelay  0x080072fc       0x1c build/cmsis_os2.o
                0x080072fc                osDelay
 .text.vApplicationGetIdleTaskMemory
                0x08007318       0x18 build/cmsis_os2.o
                0x08007318                vApplicationGetIdleTaskMemory
 .text.vApplicationGetTimerTaskMemory
                0x08007330       0x18 build/cmsis_os2.o
                0x08007330                vApplicationGetTimerTaskMemory
 .text.prvHeapInit
                0x08007348       0x68 build/heap_4.o
 .text.prvInsertBlockIntoFreeList
                0x080073b0       0x64 build/heap_4.o
 .text.pvPortMalloc
                0x08007414      0x104 build/heap_4.o
                0x08007414                pvPortMalloc
 .text.vPortFree
                0x08007518       0x7c build/heap_4.o
                0x08007518                vPortFree
 .text.prvTaskExitError
                0x08007594       0x40 build/port.o
 .text.prvPortStartFirstTask
                0x080075d4       0x28 build/port.o
 .text.vPortEnableVFP
                0x080075fc       0x14 build/port.o
 .text.pxPortInitialiseStack
                0x08007610       0x2c build/port.o
                0x08007610                pxPortInitialiseStack
 *fill*         0x0800763c        0x4 
 .text.SVC_Handler
                0x08007640       0x24 build/port.o
                0x08007640                SVC_Handler
 .text.vPortEnterCritical
                0x08007664       0x44 build/port.o
                0x08007664                vPortEnterCritical
 .text.vPortExitCritical
                0x080076a8       0x2c build/port.o
                0x080076a8                vPortExitCritical
 *fill*         0x080076d4        0xc 
 .text.PendSV_Handler
                0x080076e0       0x64 build/port.o
                0x080076e0                PendSV_Handler
 .text.xPortSysTickHandler
                0x08007744       0x2c build/port.o
                0x08007744                xPortSysTickHandler
 .text.vPortSetupTimerInterrupt
                0x08007770       0x28 build/port.o
                0x08007770                vPortSetupTimerInterrupt
 .text.xPortStartScheduler
                0x08007798      0x118 build/port.o
                0x08007798                xPortStartScheduler
 .text.vPortValidateInterruptPriority
                0x080078b0       0x5c build/port.o
                0x080078b0                vPortValidateInterruptPriority
 .text.MX_RTC_Init
                0x0800790c       0x34 build/rtc.o
                0x0800790c                MX_RTC_Init
 .text.HAL_RTC_MspInit
                0x08007940       0x50 build/rtc.o
                0x08007940                HAL_RTC_MspInit
 .text.HAL_RTC_WaitForSynchro
                0x08007990       0x34 build/stm32l4xx_hal_rtc.o
                0x08007990                HAL_RTC_WaitForSynchro
 .text.RTC_EnterInitMode
                0x080079c4       0x44 build/stm32l4xx_hal_rtc.o
                0x080079c4                RTC_EnterInitMode
 .text.RTC_ExitInitMode
                0x08007a08       0x4c build/stm32l4xx_hal_rtc.o
                0x08007a08                RTC_ExitInitMode
 .text.HAL_RTC_Init
                0x08007a54       0xa6 build/stm32l4xx_hal_rtc.o
                0x08007a54                HAL_RTC_Init
 .text.RTC_ByteToBcd2
                0x08007afa       0x16 build/stm32l4xx_hal_rtc.o
                0x08007afa                RTC_ByteToBcd2
 .text.HAL_RTC_SetTime
                0x08007b10       0xcc build/stm32l4xx_hal_rtc.o
                0x08007b10                HAL_RTC_SetTime
 .text.HAL_RTC_SetDate
                0x08007bdc       0xa4 build/stm32l4xx_hal_rtc.o
                0x08007bdc                HAL_RTC_SetDate
 .text.RTC_Bcd2ToByte
                0x08007c80       0x12 build/stm32l4xx_hal_rtc.o
                0x08007c80                RTC_Bcd2ToByte
 .text.HAL_RTC_GetTime
                0x08007c92       0x4c build/stm32l4xx_hal_rtc.o
                0x08007c92                HAL_RTC_GetTime
 .text.HAL_RTC_GetDate
                0x08007cde       0x3c build/stm32l4xx_hal_rtc.o
                0x08007cde                HAL_RTC_GetDate
 *fill*         0x08007d1a        0x2 
 .text.Reset_Handler
                0x08007d1c       0x50 build/startup_stm32l431xx.o
                0x08007d1c                Reset_Handler
 .text.Default_Handler
                0x08007d6c        0x2 build/startup_stm32l431xx.o
                0x08007d6c                RTC_Alarm_IRQHandler
                0x08007d6c                EXTI2_IRQHandler
                0x08007d6c                TIM1_CC_IRQHandler
                0x08007d6c                TSC_IRQHandler
                0x08007d6c                TAMP_STAMP_IRQHandler
                0x08007d6c                EXTI3_IRQHandler
                0x08007d6c                LPTIM2_IRQHandler
                0x08007d6c                I2C3_ER_IRQHandler
                0x08007d6c                EXTI0_IRQHandler
                0x08007d6c                I2C2_EV_IRQHandler
                0x08007d6c                CAN1_RX0_IRQHandler
                0x08007d6c                FPU_IRQHandler
                0x08007d6c                TIM1_UP_TIM16_IRQHandler
                0x08007d6c                SPI1_IRQHandler
                0x08007d6c                TIM6_DAC_IRQHandler
                0x08007d6c                DMA2_Channel2_IRQHandler
                0x08007d6c                DMA1_Channel4_IRQHandler
                0x08007d6c                ADC1_IRQHandler
                0x08007d6c                USART3_IRQHandler
                0x08007d6c                DMA1_Channel7_IRQHandler
                0x08007d6c                CAN1_RX1_IRQHandler
                0x08007d6c                DMA2_Channel1_IRQHandler
                0x08007d6c                QUADSPI_IRQHandler
                0x08007d6c                I2C1_EV_IRQHandler
                0x08007d6c                DMA1_Channel6_IRQHandler
                0x08007d6c                DMA2_Channel4_IRQHandler
                0x08007d6c                RCC_IRQHandler
                0x08007d6c                TIM1_TRG_COM_IRQHandler
                0x08007d6c                DMA1_Channel1_IRQHandler
                0x08007d6c                Default_Handler
                0x08007d6c                DMA2_Channel7_IRQHandler
                0x08007d6c                EXTI15_10_IRQHandler
                0x08007d6c                TIM7_IRQHandler
                0x08007d6c                SDMMC1_IRQHandler
                0x08007d6c                I2C3_EV_IRQHandler
                0x08007d6c                EXTI9_5_IRQHandler
                0x08007d6c                RTC_WKUP_IRQHandler
                0x08007d6c                PVD_PVM_IRQHandler
                0x08007d6c                SPI2_IRQHandler
                0x08007d6c                CAN1_TX_IRQHandler
                0x08007d6c                DMA2_Channel5_IRQHandler
                0x08007d6c                CRS_IRQHandler
                0x08007d6c                DMA1_Channel5_IRQHandler
                0x08007d6c                EXTI4_IRQHandler
                0x08007d6c                RNG_IRQHandler
                0x08007d6c                DMA1_Channel3_IRQHandler
                0x08007d6c                COMP_IRQHandler
                0x08007d6c                WWDG_IRQHandler
                0x08007d6c                LPUART1_IRQHandler
                0x08007d6c                DMA2_Channel6_IRQHandler
                0x08007d6c                TIM2_IRQHandler
                0x08007d6c                EXTI1_IRQHandler
                0x08007d6c                USART2_IRQHandler
                0x08007d6c                I2C2_ER_IRQHandler
                0x08007d6c                DMA1_Channel2_IRQHandler
                0x08007d6c                CAN1_SCE_IRQHandler
                0x08007d6c                FLASH_IRQHandler
                0x08007d6c                USART1_IRQHandler
                0x08007d6c                SPI3_IRQHandler
                0x08007d6c                I2C1_ER_IRQHandler
                0x08007d6c                SWPMI1_IRQHandler
                0x08007d6c                LPTIM1_IRQHandler
                0x08007d6c                SAI1_IRQHandler
                0x08007d6c                DMA2_Channel3_IRQHandler
 *fill*         0x08007d6e        0x2 
 .text.std      0x08007d70       0x6c C:/Program Files (x86)/Arm GNU Toolchain arm-none-eabi/14.3 rel1/bin/../lib/gcc/arm-none-eabi/14.3.1/../../../../arm-none-eabi/lib/thumb/v7e-m+fp/hard\libc_nano.a(libc_a-findfp.o)
 .text.stdio_exit_handler
                0x08007ddc       0x18 C:/Program Files (x86)/Arm GNU Toolchain arm-none-eabi/14.3 rel1/bin/../lib/gcc/arm-none-eabi/14.3.1/../../../../arm-none-eabi/lib/thumb/v7e-m+fp/hard\libc_nano.a(libc_a-findfp.o)
 .text.cleanup_stdio
                0x08007df4       0x40 C:/Program Files (x86)/Arm GNU Toolchain arm-none-eabi/14.3 rel1/bin/../lib/gcc/arm-none-eabi/14.3.1/../../../../arm-none-eabi/lib/thumb/v7e-m+fp/hard\libc_nano.a(libc_a-findfp.o)
 .text.global_stdio_init.part.0
                0x08007e34       0x40 C:/Program Files (x86)/Arm GNU Toolchain arm-none-eabi/14.3 rel1/bin/../lib/gcc/arm-none-eabi/14.3.1/../../../../arm-none-eabi/lib/thumb/v7e-m+fp/hard\libc_nano.a(libc_a-findfp.o)
 .text.__sfp_lock_acquire
                0x08007e74        0xc C:/Program Files (x86)/Arm GNU Toolchain arm-none-eabi/14.3 rel1/bin/../lib/gcc/arm-none-eabi/14.3.1/../../../../arm-none-eabi/lib/thumb/v7e-m+fp/hard\libc_nano.a(libc_a-findfp.o)
                0x08007e74                __sfp_lock_acquire
 .text.__sfp_lock_release
                0x08007e80        0xc C:/Program Files (x86)/Arm GNU Toolchain arm-none-eabi/14.3 rel1/bin/../lib/gcc/arm-none-eabi/14.3.1/../../../../arm-none-eabi/lib/thumb/v7e-m+fp/hard\libc_nano.a(libc_a-findfp.o)
                0x08007e80                __sfp_lock_release
 .text.__sinit  0x08007e8c       0x30 C:/Program Files (x86)/Arm GNU Toolchain arm-none-eabi/14.3 rel1/bin/../lib/gcc/arm-none-eabi/14.3.1/../../../../arm-none-eabi/lib/thumb/v7e-m+fp/hard\libc_nano.a(libc_a-findfp.o)
                0x08007e8c                __sinit
 .text._fwalk_sglue
                0x08007ebc       0x3c C:/Program Files (x86)/Arm GNU Toolchain arm-none-eabi/14.3 rel1/bin/../lib/gcc/arm-none-eabi/14.3.1/../../../../arm-none-eabi/lib/thumb/v7e-m+fp/hard\libc_nano.a(libc_a-fwalk.o)
                0x08007ebc                _fwalk_sglue
 .text.printf   0x08007ef8       0x24 C:/Program Files (x86)/Arm GNU Toolchain arm-none-eabi/14.3 rel1/bin/../lib/gcc/arm-none-eabi/14.3.1/../../../../arm-none-eabi/lib/thumb/v7e-m+fp/hard\libc_nano.a(libc_a-printf.o)
                0x08007ef8                iprintf
                0x08007ef8                printf
 .text.putchar  0x08007f1c       0x10 C:/Program Files (x86)/Arm GNU Toolchain arm-none-eabi/14.3 rel1/bin/../lib/gcc/arm-none-eabi/14.3.1/../../../../arm-none-eabi/lib/thumb/v7e-m+fp/hard\libc_nano.a(libc_a-putchar.o)
                0x08007f1c                putchar
 .text._puts_r  0x08007f2c       0xaa C:/Program Files (x86)/Arm GNU Toolchain arm-none-eabi/14.3 rel1/bin/../lib/gcc/arm-none-eabi/14.3.1/../../../../arm-none-eabi/lib/thumb/v7e-m+fp/hard\libc_nano.a(libc_a-puts.o)
                0x08007f2c                _puts_r
 *fill*         0x08007fd6        0x2 
 .text.puts     0x08007fd8       0x10 C:/Program Files (x86)/Arm GNU Toolchain arm-none-eabi/14.3 rel1/bin/../lib/gcc/arm-none-eabi/14.3.1/../../../../arm-none-eabi/lib/thumb/v7e-m+fp/hard\libc_nano.a(libc_a-puts.o)
                0x08007fd8                puts
 .text.snprintf
                0x08007fe8       0x6c C:/Program Files (x86)/Arm GNU Toolchain arm-none-eabi/14.3 rel1/bin/../lib/gcc/arm-none-eabi/14.3.1/../../../../arm-none-eabi/lib/thumb/v7e-m+fp/hard\libc_nano.a(libc_a-snprintf.o)
                0x08007fe8                sniprintf
                0x08007fe8                snprintf
 .text.__sread  0x08008054       0x22 C:/Program Files (x86)/Arm GNU Toolchain arm-none-eabi/14.3 rel1/bin/../lib/gcc/arm-none-eabi/14.3.1/../../../../arm-none-eabi/lib/thumb/v7e-m+fp/hard\libc_nano.a(libc_a-stdio.o)
                0x08008054                __sread
 .text.__swrite
                0x08008076       0x38 C:/Program Files (x86)/Arm GNU Toolchain arm-none-eabi/14.3 rel1/bin/../lib/gcc/arm-none-eabi/14.3.1/../../../../arm-none-eabi/lib/thumb/v7e-m+fp/hard\libc_nano.a(libc_a-stdio.o)
                0x08008076                __swrite
 .text.__sseek  0x080080ae       0x26 C:/Program Files (x86)/Arm GNU Toolchain arm-none-eabi/14.3 rel1/bin/../lib/gcc/arm-none-eabi/14.3.1/../../../../arm-none-eabi/lib/thumb/v7e-m+fp/hard\libc_nano.a(libc_a-stdio.o)
                0x080080ae                __sseek
 .text.__sclose
                0x080080d4        0x8 C:/Program Files (x86)/Arm GNU Toolchain arm-none-eabi/14.3 rel1/bin/../lib/gcc/arm-none-eabi/14.3.1/../../../../arm-none-eabi/lib/thumb/v7e-m+fp/hard\libc_nano.a(libc_a-stdio.o)
                0x080080d4                __sclose
 .text.__swbuf_r
                0x080080dc       0x7c C:/Program Files (x86)/Arm GNU Toolchain arm-none-eabi/14.3 rel1/bin/../lib/gcc/arm-none-eabi/14.3.1/../../../../arm-none-eabi/lib/thumb/v7e-m+fp/hard\libc_nano.a(libc_a-wbuf.o)
                0x080080dc                __swbuf_r
 .text.__swsetup_r
                0x08008158       0xa8 C:/Program Files (x86)/Arm GNU Toolchain arm-none-eabi/14.3 rel1/bin/../lib/gcc/arm-none-eabi/14.3.1/../../../../arm-none-eabi/lib/thumb/v7e-m+fp/hard\libc_nano.a(libc_a-wsetup.o)
                0x08008158                __swsetup_r
 .text.memset   0x08008200       0x10 C:/Program Files (x86)/Arm GNU Toolchain arm-none-eabi/14.3 rel1/bin/../lib/gcc/arm-none-eabi/14.3.1/../../../../arm-none-eabi/lib/thumb/v7e-m+fp/hard\libc_nano.a(libc_a-memset.o)
                0x08008200                memset
 .text.strncmp  0x08008210       0x24 C:/Program Files (x86)/Arm GNU Toolchain arm-none-eabi/14.3 rel1/bin/../lib/gcc/arm-none-eabi/14.3.1/../../../../arm-none-eabi/lib/thumb/v7e-m+fp/hard\libc_nano.a(libc_a-strncmp.o)
                0x08008210                strncmp
 .text.strncpy  0x08008234       0x26 C:/Program Files (x86)/Arm GNU Toolchain arm-none-eabi/14.3 rel1/bin/../lib/gcc/arm-none-eabi/14.3.1/../../../../arm-none-eabi/lib/thumb/v7e-m+fp/hard\libc_nano.a(libc_a-strncpy.o)
                0x08008234                strncpy
 *fill*         0x0800825a        0x2 
 .text._close_r
                0x0800825c       0x20 C:/Program Files (x86)/Arm GNU Toolchain arm-none-eabi/14.3 rel1/bin/../lib/gcc/arm-none-eabi/14.3.1/../../../../arm-none-eabi/lib/thumb/v7e-m+fp/hard\libc_nano.a(libc_a-closer.o)
                0x0800825c                _close_r
 .text._lseek_r
                0x0800827c       0x24 C:/Program Files (x86)/Arm GNU Toolchain arm-none-eabi/14.3 rel1/bin/../lib/gcc/arm-none-eabi/14.3.1/../../../../arm-none-eabi/lib/thumb/v7e-m+fp/hard\libc_nano.a(libc_a-lseekr.o)
                0x0800827c                _lseek_r
 .text._read_r  0x080082a0       0x24 C:/Program Files (x86)/Arm GNU Toolchain arm-none-eabi/14.3 rel1/bin/../lib/gcc/arm-none-eabi/14.3.1/../../../../arm-none-eabi/lib/thumb/v7e-m+fp/hard\libc_nano.a(libc_a-readr.o)
                0x080082a0                _read_r
 .text._write_r
                0x080082c4       0x24 C:/Program Files (x86)/Arm GNU Toolchain arm-none-eabi/14.3 rel1/bin/../lib/gcc/arm-none-eabi/14.3.1/../../../../arm-none-eabi/lib/thumb/v7e-m+fp/hard\libc_nano.a(libc_a-writer.o)
                0x080082c4                _write_r
 .text.__errno  0x080082e8        0xc C:/Program Files (x86)/Arm GNU Toolchain arm-none-eabi/14.3 rel1/bin/../lib/gcc/arm-none-eabi/14.3.1/../../../../arm-none-eabi/lib/thumb/v7e-m+fp/hard\libc_nano.a(libc_a-errno.o)
                0x080082e8                __errno
 .text.__libc_init_array
                0x080082f4       0x48 C:/Program Files (x86)/Arm GNU Toolchain arm-none-eabi/14.3 rel1/bin/../lib/gcc/arm-none-eabi/14.3.1/../../../../arm-none-eabi/lib/thumb/v7e-m+fp/hard\libc_nano.a(libc_a-init.o)
                0x080082f4                __libc_init_array
 .text.__retarget_lock_init_recursive
                0x0800833c        0x2 C:/Program Files (x86)/Arm GNU Toolchain arm-none-eabi/14.3 rel1/bin/../lib/gcc/arm-none-eabi/14.3.1/../../../../arm-none-eabi/lib/thumb/v7e-m+fp/hard\libc_nano.a(libc_a-lock.o)
                0x0800833c                __retarget_lock_init_recursive
 .text.__retarget_lock_acquire_recursive
                0x0800833e        0x2 C:/Program Files (x86)/Arm GNU Toolchain arm-none-eabi/14.3 rel1/bin/../lib/gcc/arm-none-eabi/14.3.1/../../../../arm-none-eabi/lib/thumb/v7e-m+fp/hard\libc_nano.a(libc_a-lock.o)
                0x0800833e                __retarget_lock_acquire_recursive
 .text.__retarget_lock_release_recursive
                0x08008340        0x2 C:/Program Files (x86)/Arm GNU Toolchain arm-none-eabi/14.3 rel1/bin/../lib/gcc/arm-none-eabi/14.3.1/../../../../arm-none-eabi/lib/thumb/v7e-m+fp/hard\libc_nano.a(libc_a-lock.o)
                0x08008340                __retarget_lock_release_recursive
 .text.memcpy   0x08008342       0x1c C:/Program Files (x86)/Arm GNU Toolchain arm-none-eabi/14.3 rel1/bin/../lib/gcc/arm-none-eabi/14.3.1/../../../../arm-none-eabi/lib/thumb/v7e-m+fp/hard\libc_nano.a(libc_a-memcpy-stub.o)
                0x08008342                memcpy
 *fill*         0x0800835e        0x2 
 .text._free_r  0x08008360       0x94 C:/Program Files (x86)/Arm GNU Toolchain arm-none-eabi/14.3 rel1/bin/../lib/gcc/arm-none-eabi/14.3.1/../../../../arm-none-eabi/lib/thumb/v7e-m+fp/hard\libc_nano.a(libc_a-freer.o)
                0x08008360                _free_r
 .text.sbrk_aligned
                0x080083f4       0x44 C:/Program Files (x86)/Arm GNU Toolchain arm-none-eabi/14.3 rel1/bin/../lib/gcc/arm-none-eabi/14.3.1/../../../../arm-none-eabi/lib/thumb/v7e-m+fp/hard\libc_nano.a(libc_a-mallocr.o)
 .text._malloc_r
                0x08008438      0x100 C:/Program Files (x86)/Arm GNU Toolchain arm-none-eabi/14.3 rel1/bin/../lib/gcc/arm-none-eabi/14.3.1/../../../../arm-none-eabi/lib/thumb/v7e-m+fp/hard\libc_nano.a(libc_a-mallocr.o)
                0x08008438                _malloc_r
 .text.__malloc_lock
                0x08008538        0xc C:/Program Files (x86)/Arm GNU Toolchain arm-none-eabi/14.3 rel1/bin/../lib/gcc/arm-none-eabi/14.3.1/../../../../arm-none-eabi/lib/thumb/v7e-m+fp/hard\libc_nano.a(libc_a-mlock.o)
                0x08008538                __malloc_lock
 .text.__malloc_unlock
                0x08008544        0xc C:/Program Files (x86)/Arm GNU Toolchain arm-none-eabi/14.3 rel1/bin/../lib/gcc/arm-none-eabi/14.3.1/../../../../arm-none-eabi/lib/thumb/v7e-m+fp/hard\libc_nano.a(libc_a-mlock.o)
                0x08008544                __malloc_unlock
 .text.__ssputs_r
                0x08008550       0xc0 C:/Program Files (x86)/Arm GNU Toolchain arm-none-eabi/14.3 rel1/bin/../lib/gcc/arm-none-eabi/14.3.1/../../../../arm-none-eabi/lib/thumb/v7e-m+fp/hard\libc_nano.a(libc_a-nano-svfprintf.o)
                0x08008550                __ssputs_r
 .text._svfprintf_r
                0x08008610      0x1f0 C:/Program Files (x86)/Arm GNU Toolchain arm-none-eabi/14.3 rel1/bin/../lib/gcc/arm-none-eabi/14.3.1/../../../../arm-none-eabi/lib/thumb/v7e-m+fp/hard\libc_nano.a(libc_a-nano-svfprintf.o)
                0x08008610                _svfiprintf_r
                0x08008610                _svfprintf_r
 .text.__sfputc_r
                0x08008800       0x2e C:/Program Files (x86)/Arm GNU Toolchain arm-none-eabi/14.3 rel1/bin/../lib/gcc/arm-none-eabi/14.3.1/../../../../arm-none-eabi/lib/thumb/v7e-m+fp/hard\libc_nano.a(libc_a-nano-vfprintf.o)
 .text.__sfputs_r
                0x0800882e       0x24 C:/Program Files (x86)/Arm GNU Toolchain arm-none-eabi/14.3 rel1/bin/../lib/gcc/arm-none-eabi/14.3.1/../../../../arm-none-eabi/lib/thumb/v7e-m+fp/hard\libc_nano.a(libc_a-nano-vfprintf.o)
                0x0800882e                __sfputs_r
 *fill*         0x08008852        0x2 
 .text._vfprintf_r
                0x08008854      0x228 C:/Program Files (x86)/Arm GNU Toolchain arm-none-eabi/14.3 rel1/bin/../lib/gcc/arm-none-eabi/14.3.1/../../../../arm-none-eabi/lib/thumb/v7e-m+fp/hard\libc_nano.a(libc_a-nano-vfprintf.o)
                0x08008854                _vfprintf_r
                0x08008854                _vfiprintf_r
 .text._printf_common
                0x08008a7c       0xda C:/Program Files (x86)/Arm GNU Toolchain arm-none-eabi/14.3 rel1/bin/../lib/gcc/arm-none-eabi/14.3.1/../../../../arm-none-eabi/lib/thumb/v7e-m+fp/hard\libc_nano.a(libc_a-nano-vfprintf_i.o)
                0x08008a7c                _printf_common
 *fill*         0x08008b56        0x2 
 .text._printf_i
                0x08008b58      0x24c C:/Program Files (x86)/Arm GNU Toolchain arm-none-eabi/14.3 rel1/bin/../lib/gcc/arm-none-eabi/14.3.1/../../../../arm-none-eabi/lib/thumb/v7e-m+fp/hard\libc_nano.a(libc_a-nano-vfprintf_i.o)
                0x08008b58                _printf_i
 .text.__sflush_r
                0x08008da4      0x104 C:/Program Files (x86)/Arm GNU Toolchain arm-none-eabi/14.3 rel1/bin/../lib/gcc/arm-none-eabi/14.3.1/../../../../arm-none-eabi/lib/thumb/v7e-m+fp/hard\libc_nano.a(libc_a-fflush.o)
                0x08008da4                __sflush_r
 .text._fflush_r
                0x08008ea8       0x50 C:/Program Files (x86)/Arm GNU Toolchain arm-none-eabi/14.3 rel1/bin/../lib/gcc/arm-none-eabi/14.3.1/../../../../arm-none-eabi/lib/thumb/v7e-m+fp/hard\libc_nano.a(libc_a-fflush.o)
                0x08008ea8                _fflush_r
 .text.__swhatbuf_r
                0x08008ef8       0x48 C:/Program Files (x86)/Arm GNU Toolchain arm-none-eabi/14.3 rel1/bin/../lib/gcc/arm-none-eabi/14.3.1/../../../../arm-none-eabi/lib/thumb/v7e-m+fp/hard\libc_nano.a(libc_a-makebuf.o)
                0x08008ef8                __swhatbuf_r
 .text.__smakebuf_r
                0x08008f40       0x72 C:/Program Files (x86)/Arm GNU Toolchain arm-none-eabi/14.3 rel1/bin/../lib/gcc/arm-none-eabi/14.3.1/../../../../arm-none-eabi/lib/thumb/v7e-m+fp/hard\libc_nano.a(libc_a-makebuf.o)
                0x08008f40                __smakebuf_r
 .text._putc_r  0x08008fb2       0x68 C:/Program Files (x86)/Arm GNU Toolchain arm-none-eabi/14.3 rel1/bin/../lib/gcc/arm-none-eabi/14.3.1/../../../../arm-none-eabi/lib/thumb/v7e-m+fp/hard\libc_nano.a(libc_a-putc.o)
                0x08008fb2                _putc_r
 .text.memmove  0x0800901a       0x32 C:/Program Files (x86)/Arm GNU Toolchain arm-none-eabi/14.3 rel1/bin/../lib/gcc/arm-none-eabi/14.3.1/../../../../arm-none-eabi/lib/thumb/v7e-m+fp/hard\libc_nano.a(libc_a-memmove.o)
                0x0800901a                memmove
 .text._fstat_r
                0x0800904c       0x24 C:/Program Files (x86)/Arm GNU Toolchain arm-none-eabi/14.3 rel1/bin/../lib/gcc/arm-none-eabi/14.3.1/../../../../arm-none-eabi/lib/thumb/v7e-m+fp/hard\libc_nano.a(libc_a-fstatr.o)
                0x0800904c                _fstat_r
 .text._isatty_r
                0x08009070       0x20 C:/Program Files (x86)/Arm GNU Toolchain arm-none-eabi/14.3 rel1/bin/../lib/gcc/arm-none-eabi/14.3.1/../../../../arm-none-eabi/lib/thumb/v7e-m+fp/hard\libc_nano.a(libc_a-isattyr.o)
                0x08009070                _isatty_r
 .text._sbrk_r  0x08009090       0x20 C:/Program Files (x86)/Arm GNU Toolchain arm-none-eabi/14.3 rel1/bin/../lib/gcc/arm-none-eabi/14.3.1/../../../../arm-none-eabi/lib/thumb/v7e-m+fp/hard\libc_nano.a(libc_a-sbrkr.o)
                0x08009090                _sbrk_r
 .text._realloc_r
                0x080090b0       0x5c C:/Program Files (x86)/Arm GNU Toolchain arm-none-eabi/14.3 rel1/bin/../lib/gcc/arm-none-eabi/14.3.1/../../../../arm-none-eabi/lib/thumb/v7e-m+fp/hard\libc_nano.a(libc_a-reallocr.o)
                0x080090b0                _realloc_r
 .text._malloc_usable_size_r
                0x0800910c       0x10 C:/Program Files (x86)/Arm GNU Toolchain arm-none-eabi/14.3 rel1/bin/../lib/gcc/arm-none-eabi/14.3.1/../../../../arm-none-eabi/lib/thumb/v7e-m+fp/hard\libc_nano.a(libc_a-msizer.o)
                0x0800910c                _malloc_usable_size_r
 .text.__udivmoddi4
                0x0800911c      0x2f8 C:/Program Files (x86)/Arm GNU Toolchain arm-none-eabi/14.3 rel1/bin/../lib/gcc/arm-none-eabi/14.3.1/thumb/v7e-m+fp/hard\libgcc.a(_udivmoddi4.o)
                0x0800911c                __udivmoddi4
 *(.glue_7)
 .glue_7        0x08009414        0x0 linker stubs
 *(.glue_7t)
 .glue_7t       0x08009414        0x0 linker stubs
 *(.eh_frame)
 .eh_frame      0x08009414        0x0 C:/Program Files (x86)/Arm GNU Toolchain arm-none-eabi/14.3 rel1/bin/../lib/gcc/arm-none-eabi/14.3.1/thumb/v7e-m+fp/hard/crtbegin.o
 *(.init)
 .init          0x08009414        0x4 C:/Program Files (x86)/Arm GNU Toolchain arm-none-eabi/14.3 rel1/bin/../lib/gcc/arm-none-eabi/14.3.1/thumb/v7e-m+fp/hard/crti.o
                0x08009414                _init
 .init          0x08009418        0x8 C:/Program Files (x86)/Arm GNU Toolchain arm-none-eabi/14.3 rel1/bin/../lib/gcc/arm-none-eabi/14.3.1/thumb/v7e-m+fp/hard/crtn.o
 *(.fini)
 .fini          0x08009420        0x4 C:/Program Files (x86)/Arm GNU Toolchain arm-none-eabi/14.3 rel1/bin/../lib/gcc/arm-none-eabi/14.3.1/thumb/v7e-m+fp/hard/crti.o
                0x08009420                _fini
 .fini          0x08009424        0x8 C:/Program Files (x86)/Arm GNU Toolchain arm-none-eabi/14.3 rel1/bin/../lib/gcc/arm-none-eabi/14.3.1/thumb/v7e-m+fp/hard/crtn.o
                0x08009430                        . = ALIGN (0x8)
 *fill*         0x0800942c        0x4 
                0x08009430                        _etext = .

.vfp11_veneer   0x08009430        0x0
 .vfp11_veneer  0x08009430        0x0 linker stubs

.v4_bx          0x08009430        0x0
 .v4_bx         0x08009430        0x0 linker stubs

.iplt           0x08009430        0x0
 .iplt          0x08009430        0x0 C:/Program Files (x86)/Arm GNU Toolchain arm-none-eabi/14.3 rel1/bin/../lib/gcc/arm-none-eabi/14.3.1/thumb/v7e-m+fp/hard/crtbegin.o

.rodata         0x08009430     0x15c8
                0x08009430                        . = ALIGN (0x8)
 *(.rodata)
 .rodata        0x08009430       0x10 build/main.o
 .rodata        0x08009440       0x20 build/st7735.o
 *(.rodata*)
 .rodata.main.str1.4
                0x08009460      0xc38 build/main.o
                                0x106 (size before relaxing)
 .rodata.str1.4
                0x0800a098       0x12 build/main.o
 .rodata.fal_init.str1.4
                0x0800a098       0xa5 build/fal.o
 .rodata.__func__.0
                0x0800a098        0x9 build/fal.o
 .rodata.check_and_update_part_cache.str1.4
                0x0800a0a1       0x71 build/fal_partition.o
 .rodata.fal_partition_read.str1.4
                0x0800a0a1       0xb7 build/fal_partition.o
 .rodata.fal_partition_write.str1.4
                0x0800a0a1       0xb9 build/fal_partition.o
 .rodata.fal_partition_erase.str1.4
                0x0800a0a1       0xb9 build/fal_partition.o
 *fill*         0x0800a0a1        0x3 
 .rodata.__func__.0
                0x0800a0a4       0x14 build/fal_partition.o
 .rodata.__func__.1
                0x0800a0b8       0x14 build/fal_partition.o
 .rodata.__func__.2
                0x0800a0cc       0x13 build/fal_partition.o
 *fill*         0x0800a0df        0x1 
 .rodata.__func__.3
                0x0800a0e0       0x1c build/fal_partition.o
 .rodata.partition_table_def
                0x0800a0fc       0x40 build/fal_partition.o
 .rodata._fdb_init_ex.str1.4
                0x0800a13c      0x15c build/fdb.o
 .rodata._fdb_init_finish.str1.4
                0x0800a13c       0xb0 build/fdb.o
 .rodata.__func__.2
                0x0800a13c        0xd build/fdb.o
 .rodata.read_kv.str1.4
                0x0800a149       0x83 build/fdb_kvdb.o
 .rodata.read_sector_info.str1.4
                0x0800a149       0x43 build/fdb_kvdb.o
 .rodata.gc_collect_by_free_size.str1.4
                0x0800a149       0x56 build/fdb_kvdb.o
 .rodata.alloc_kv.str1.4
                0x0800a149       0x2a build/fdb_kvdb.o
 .rodata.new_kv.str1.4
                0x0800a149       0x7d build/fdb_kvdb.o
 .rodata.del_kv.str1.4
                0x0800a149       0x17 build/fdb_kvdb.o
 .rodata.create_kv_blob.str1.4
                0x0800a149       0x71 build/fdb_kvdb.o
 .rodata.move_kv.str1.4
                0x0800a149       0x2e build/fdb_kvdb.o
 .rodata.check_and_recovery_kv_cb.str1.4
                0x0800a149       0xb7 build/fdb_kvdb.o
 .rodata.do_gc.str1.4
                0x0800a149       0x7b build/fdb_kvdb.o
 .rodata.check_sec_hdr_cb.str1.4
                0x0800a149       0x45 build/fdb_kvdb.o
 .rodata.fdb_kv_get_obj.str1.4
                0x0800a149       0x25 build/fdb_kvdb.o
 .rodata.fdb_kv_get.str1.4
                0x0800a149       0x8a build/fdb_kvdb.o
 .rodata._fdb_kv_load.str1.4
                0x0800a149       0x33 build/fdb_kvdb.o
 .rodata.fdb_kvdb_init.str1.4
                0x0800a149       0x85 build/fdb_kvdb.o
 *fill*         0x0800a149        0x3 
 .rodata.__func__.0
                0x0800a14c        0xe build/fdb_kvdb.o
 *fill*         0x0800a15a        0x2 
 .rodata.__func__.2
                0x0800a15c        0xe build/fdb_kvdb.o
 *fill*         0x0800a16a        0x2 
 .rodata.__func__.4
                0x0800a16c       0x11 build/fdb_kvdb.o
 .rodata._fdb_read_status.str1.4
                0x0800a17d       0x43 build/fdb_utils.o
 .rodata._fdb_write_status.str1.4
                0x0800a17d       0x1a build/fdb_utils.o
 *fill*         0x0800a17d        0x3 
 .rodata.__func__.0
                0x0800a180       0x11 build/fdb_utils.o
 *fill*         0x0800a191        0x3 
 .rodata.__func__.1
                0x0800a194       0x12 build/fdb_utils.o
 *fill*         0x0800a1a6        0x2 
 .rodata.crc32_table
                0x0800a1a8      0x400 build/fdb_utils.o
 .rodata.nor_flash0
                0x0800a5a8       0x38 build/fal_flash_w25q64.o
                0x0800a5a8                nor_flash0
 .rodata.ST7735_Init.str1.4
                0x0800a5e0       0x10 build/st7735.o
 .rodata.LCD_ShowUInt.str1.4
                0x0800a5e0        0x4 build/lcd_text.o
 .rodata.font8x16
                0x0800a5e0      0x350 build/lcd_text.o
 .rodata.MSIRangeTable
                0x0800a930       0x30 build/system_stm32l4xx.o
                0x0800a930                MSIRangeTable
 .rodata.APBPrescTable
                0x0800a960        0x8 build/system_stm32l4xx.o
                0x0800a960                APBPrescTable
 .rodata.AHBPrescTable
                0x0800a968       0x10 build/system_stm32l4xx.o
                0x0800a968                AHBPrescTable
 .rodata.StartDefaultTask.str1.4
                0x0800a978       0x22 build/freertos.o
 .rodata.str1.4
                0x0800a978       0x18 build/freertos.o
 .rodata.myTask02_attributes
                0x0800a978       0x24 build/freertos.o
                0x0800a978                myTask02_attributes
 .rodata.defaultTask_attributes
                0x0800a99c       0x24 build/freertos.o
                0x0800a99c                defaultTask_attributes
 .rodata.vTaskStartScheduler.str1.4
                0x0800a9c0        0x5 build/tasks.o
 .rodata.prvCheckForValidListAndQueue.str1.4
                0x0800a9c0        0x5 build/timers.o
 .rodata.xTimerCreateTimerTask.str1.4
                0x0800a9c0        0x8 build/timers.o
 .rodata._svfprintf_r.str1.1
                0x0800a9c0       0x33 C:/Program Files (x86)/Arm GNU Toolchain arm-none-eabi/14.3 rel1/bin/../lib/gcc/arm-none-eabi/14.3.1/../../../../arm-none-eabi/lib/thumb/v7e-m+fp/hard\libc_nano.a(libc_a-nano-svfprintf.o)
                                 0x11 (size before relaxing)
 .rodata._vfprintf_r.str1.1
                0x0800a9f3       0x11 C:/Program Files (x86)/Arm GNU Toolchain arm-none-eabi/14.3 rel1/bin/../lib/gcc/arm-none-eabi/14.3.1/../../../../arm-none-eabi/lib/thumb/v7e-m+fp/hard\libc_nano.a(libc_a-nano-vfprintf.o)
 .rodata._printf_i.str1.1
                0x0800a9f3       0x22 C:/Program Files (x86)/Arm GNU Toolchain arm-none-eabi/14.3 rel1/bin/../lib/gcc/arm-none-eabi/14.3.1/../../../../arm-none-eabi/lib/thumb/v7e-m+fp/hard\libc_nano.a(libc_a-nano-vfprintf_i.o)
                0x0800aa18                        . = ALIGN (0x8)
 *fill*         0x0800a9f3        0x5 

.ARM.extab      0x0800a9f8        0x0
                0x0800a9f8                        . = ALIGN (0x8)
 *(.ARM.extab* .gnu.linkonce.armextab.*)
                0x0800a9f8                        . = ALIGN (0x8)

.ARM            0x0800a9f8        0x8
                0x0800a9f8                        . = ALIGN (0x8)
                0x0800a9f8                        __exidx_start = .
 *(.ARM.exidx*)
 .ARM.exidx     0x0800a9f8        0x8 C:/Program Files (x86)/Arm GNU Toolchain arm-none-eabi/14.3 rel1/bin/../lib/gcc/arm-none-eabi/14.3.1/../../../../arm-none-eabi/lib/thumb/v7e-m+fp/hard\libc_nano.a(libc_a-strcmp.o)
 .ARM.exidx     0x0800aa00        0x0 C:/Program Files (x86)/Arm GNU Toolchain arm-none-eabi/14.3 rel1/bin/../lib/gcc/arm-none-eabi/14.3.1/../../../../arm-none-eabi/lib/thumb/v7e-m+fp/hard\libc_nano.a(libc_a-strlen.o)
                                  0x8 (size before relaxing)
 .ARM.exidx     0x0800aa00        0x0 C:/Program Files (x86)/Arm GNU Toolchain arm-none-eabi/14.3 rel1/bin/../lib/gcc/arm-none-eabi/14.3.1/../../../../arm-none-eabi/lib/thumb/v7e-m+fp/hard\libc_nano.a(libc_a-memchr.o)
                                  0x8 (size before relaxing)
 .ARM.exidx.text.__udivmoddi4
                0x0800aa00        0x0 C:/Program Files (x86)/Arm GNU Toolchain arm-none-eabi/14.3 rel1/bin/../lib/gcc/arm-none-eabi/14.3.1/thumb/v7e-m+fp/hard\libgcc.a(_udivmoddi4.o)
                                  0x8 (size before relaxing)
                0x0800aa00                        __exidx_end = .
                0x0800aa00                        . = ALIGN (0x8)

.preinit_array  0x0800aa00        0x0
                0x0800aa00                        . = ALIGN (0x8)
                0x0800aa00                        PROVIDE (__preinit_array_start = .)
 *(.preinit_array*)
                0x0800aa00                        PROVIDE (__preinit_array_end = .)
                0x0800aa00                        . = ALIGN (0x8)

.init_array     0x0800aa00        0x8
                0x0800aa00                        . = ALIGN (0x8)
                0x0800aa00                        PROVIDE (__init_array_start = .)
 *(SORT_BY_NAME(.init_array.*))
 *(.init_array*)
 .init_array    0x0800aa00        0x4 C:/Program Files (x86)/Arm GNU Toolchain arm-none-eabi/14.3 rel1/bin/../lib/gcc/arm-none-eabi/14.3.1/thumb/v7e-m+fp/hard/crtbegin.o
                0x0800aa04                        PROVIDE (__init_array_end = .)
                0x0800aa08                        . = ALIGN (0x8)
 *fill*         0x0800aa04        0x4 

.fini_array     0x0800aa08        0x8
                0x0800aa08                        . = ALIGN (0x8)
                [!provide]                        PROVIDE (__fini_array_start = .)
 *(SORT_BY_NAME(.fini_array.*))
 *(.fini_array*)
 .fini_array    0x0800aa08        0x4 C:/Program Files (x86)/Arm GNU Toolchain arm-none-eabi/14.3 rel1/bin/../lib/gcc/arm-none-eabi/14.3.1/thumb/v7e-m+fp/hard/crtbegin.o
                [!provide]                        PROVIDE (__fini_array_end = .)
                0x0800aa10                        . = ALIGN (0x8)
 *fill*         0x0800aa0c        0x4 
                0x0800aa10                        _sidata = LOADADDR (.data)

.rel.dyn        0x0800aa10        0x0
 .rel.iplt      0x0800aa10        0x0 C:/Program Files (x86)/Arm GNU Toolchain arm-none-eabi/14.3 rel1/bin/../lib/gcc/arm-none-eabi/14.3.1/thumb/v7e-m+fp/hard/crtbegin.o

.data           0x20000000       0x90 load address 0x0800aa10
                0x20000000                        . = ALIGN (0x8)
                0x20000000                        _sdata = .
 *(.data)
 *(.data*)
 .data.default_kv_table
                0x20000000        0x8 build/main.o
 .data.default_kv_nodes
                0x20000008       0x18 build/main.o
 .data.uwTickFreq
                0x20000020        0x1 build/stm32l4xx_hal.o
                0x20000020                uwTickFreq
 *fill*         0x20000021        0x3 
 .data.uwTickPrio
                0x20000024        0x4 build/stm32l4xx_hal.o
                0x20000024                uwTickPrio
 .data.SystemCoreClock
                0x20000028        0x4 build/system_stm32l4xx.o
                0x20000028                SystemCoreClock
 .data.uxCriticalNesting
                0x2000002c        0x4 build/port.o
 .data.__sglue  0x20000030        0xc C:/Program Files (x86)/Arm GNU Toolchain arm-none-eabi/14.3 rel1/bin/../lib/gcc/arm-none-eabi/14.3.1/../../../../arm-none-eabi/lib/thumb/v7e-m+fp/hard\libc_nano.a(libc_a-findfp.o)
                0x20000030                __sglue
 .data._impure_ptr
                0x2000003c        0x4 C:/Program Files (x86)/Arm GNU Toolchain arm-none-eabi/14.3 rel1/bin/../lib/gcc/arm-none-eabi/14.3.1/../../../../arm-none-eabi/lib/thumb/v7e-m+fp/hard\libc_nano.a(libc_a-impure.o)
                0x2000003c                _impure_ptr
 .data._impure_data
                0x20000040       0x4c C:/Program Files (x86)/Arm GNU Toolchain arm-none-eabi/14.3 rel1/bin/../lib/gcc/arm-none-eabi/14.3.1/../../../../arm-none-eabi/lib/thumb/v7e-m+fp/hard\libc_nano.a(libc_a-impure.o)
                0x20000040                _impure_data
 *(.RamFunc)
 *(.RamFunc*)
                0x20000090                        . = ALIGN (0x8)
 *fill*         0x2000008c        0x4 
                0x20000090                        _edata = .

.tm_clone_table
                0x20000090        0x0 load address 0x0800aaa0
 .tm_clone_table
                0x20000090        0x0 C:/Program Files (x86)/Arm GNU Toolchain arm-none-eabi/14.3 rel1/bin/../lib/gcc/arm-none-eabi/14.3.1/thumb/v7e-m+fp/hard/crtbegin.o
 .tm_clone_table
                0x20000090        0x0 C:/Program Files (x86)/Arm GNU Toolchain arm-none-eabi/14.3 rel1/bin/../lib/gcc/arm-none-eabi/14.3.1/thumb/v7e-m+fp/hard/crtend.o

.igot.plt       0x20000090        0x0 load address 0x0800aaa0
 .igot.plt      0x20000090        0x0 C:/Program Files (x86)/Arm GNU Toolchain arm-none-eabi/14.3 rel1/bin/../lib/gcc/arm-none-eabi/14.3.1/thumb/v7e-m+fp/hard/crtbegin.o
                0x20000090                        . = ALIGN (0x4)

.bss            0x20000090     0x209c load address 0x0800aaa0
                0x20000090                        _sbss = .
                0x20000090                        __bss_start__ = _sbss
 *(.bss)
 *(.bss*)
 .bss.completed.1
                0x20000090        0x1 C:/Program Files (x86)/Arm GNU Toolchain arm-none-eabi/14.3 rel1/bin/../lib/gcc/arm-none-eabi/14.3.1/thumb/v7e-m+fp/hard/crtbegin.o
 *fill*         0x20000091        0x3 
 .bss.object.0  0x20000094       0x18 C:/Program Files (x86)/Arm GNU Toolchain arm-none-eabi/14.3 rel1/bin/../lib/gcc/arm-none-eabi/14.3.1/thumb/v7e-m+fp/hard/crtbegin.o
 .bss.kvdb      0x200000ac      0x36c build/main.o
 .bss.init_ok   0x20000418        0x1 build/fal.o
 .bss.init_ok   0x20000419        0x1 build/fal_flash.o
 *fill*         0x2000041a        0x2 
 .bss.partition_table_len
                0x2000041c        0x4 build/fal_partition.o
 .bss.init_ok   0x20000420        0x1 build/fal_partition.o
 *fill*         0x20000421        0x3 
 .bss.part_flash_cache
                0x20000424        0x4 build/fal_partition.o
 .bss.partition_table
                0x20000428        0x4 build/fal_partition.o
 .bss.log_is_show.1
                0x2000042c        0x1 build/fdb.o
 *fill*         0x2000042d        0x3 
 .bss.value.3   0x20000430       0x81 build/fdb_kvdb.o
 *fill*         0x200004b1        0x3 
 .bss.uwTick    0x200004b4        0x4 build/stm32l4xx_hal.o
                0x200004b4                uwTick
 .bss.__sbrk_heap_end
                0x200004b8        0x4 build/sysmem.o
 .bss.hi2c2     0x200004bc       0x54 build/i2c.o
                0x200004bc                hi2c2
 .bss.hspi2     0x20000510       0x64 build/spi.o
                0x20000510                hspi2
 .bss.hspi1     0x20000574       0x64 build/spi.o
                0x20000574                hspi1
 .bss.huart1    0x200005d8       0x88 build/usart.o
                0x200005d8                huart1
 .bss.myTask02Handle
                0x20000660        0x4 build/freertos.o
                0x20000660                myTask02Handle
 .bss.defaultTaskHandle
                0x20000664        0x4 build/freertos.o
                0x20000664                defaultTaskHandle
 .bss.htim15    0x20000668       0x4c build/stm32l4xx_hal_timebase_tim.o
                0x20000668                htim15
 .bss.xQueueRegistry
                0x200006b4       0x40 build/queue.o
                0x200006b4                xQueueRegistry
 .bss.uxSchedulerSuspended
                0x200006f4        0x4 build/tasks.o
 .bss.xIdleTaskHandle
                0x200006f8        0x4 build/tasks.o
 .bss.xNextTaskUnblockTime
                0x200006fc        0x4 build/tasks.o
 .bss.uxTaskNumber
                0x20000700        0x4 build/tasks.o
 .bss.xNumOfOverflows
                0x20000704        0x4 build/tasks.o
 .bss.xYieldPending
                0x20000708        0x4 build/tasks.o
 .bss.xPendedTicks
                0x2000070c        0x4 build/tasks.o
 .bss.xSchedulerRunning
                0x20000710        0x4 build/tasks.o
 .bss.uxTopReadyPriority
                0x20000714        0x4 build/tasks.o
 .bss.xTickCount
                0x20000718        0x4 build/tasks.o
 .bss.uxCurrentNumberOfTasks
                0x2000071c        0x4 build/tasks.o
 .bss.xSuspendedTaskList
                0x20000720       0x14 build/tasks.o
 .bss.uxDeletedTasksWaitingCleanUp
                0x20000734        0x4 build/tasks.o
 .bss.xTasksWaitingTermination
                0x20000738       0x14 build/tasks.o
 .bss.xPendingReadyList
                0x2000074c       0x14 build/tasks.o
 .bss.pxOverflowDelayedTaskList
                0x20000760        0x4 build/tasks.o
 .bss.pxDelayedTaskList
                0x20000764        0x4 build/tasks.o
 .bss.xDelayedTaskList2
                0x20000768       0x14 build/tasks.o
 .bss.xDelayedTaskList1
                0x2000077c       0x14 build/tasks.o
 .bss.pxReadyTasksLists
                0x20000790      0x460 build/tasks.o
 .bss.pxCurrentTCB
                0x20000bf0        0x4 build/tasks.o
                0x20000bf0                pxCurrentTCB
 .bss.xStaticTimerQueue.0
                0x20000bf4       0x50 build/timers.o
 .bss.ucStaticTimerQueueStorage.1
                0x20000c44       0xa0 build/timers.o
 .bss.xLastTime.2
                0x20000ce4        0x4 build/timers.o
 .bss.xTimerTaskHandle
                0x20000ce8        0x4 build/timers.o
 .bss.xTimerQueue
                0x20000cec        0x4 build/timers.o
 .bss.pxOverflowTimerList
                0x20000cf0        0x4 build/timers.o
 .bss.pxCurrentTimerList
                0x20000cf4        0x4 build/timers.o
 .bss.xActiveTimerList2
                0x20000cf8       0x14 build/timers.o
 .bss.xActiveTimerList1
                0x20000d0c       0x14 build/timers.o
 .bss.Timer_Stack.0
                0x20000d20      0x400 build/cmsis_os2.o
 .bss.Timer_TCB.1
                0x20001120       0x5c build/cmsis_os2.o
 .bss.Idle_Stack.2
                0x2000117c      0x200 build/cmsis_os2.o
 .bss.Idle_TCB.3
                0x2000137c       0x5c build/cmsis_os2.o
 .bss.KernelState
                0x200013d8        0x4 build/cmsis_os2.o
 .bss.xBlockAllocatedBit
                0x200013dc        0x4 build/heap_4.o
 .bss.xNumberOfSuccessfulFrees
                0x200013e0        0x4 build/heap_4.o
 .bss.xNumberOfSuccessfulAllocations
                0x200013e4        0x4 build/heap_4.o
 .bss.xMinimumEverFreeBytesRemaining
                0x200013e8        0x4 build/heap_4.o
 .bss.xFreeBytesRemaining
                0x200013ec        0x4 build/heap_4.o
 .bss.pxEnd     0x200013f0        0x4 build/heap_4.o
 .bss.xStart    0x200013f4        0x8 build/heap_4.o
 .bss.ucHeap    0x200013fc      0xbb8 build/heap_4.o
 .bss.ulMaxPRIGROUPValue
                0x20001fb4        0x4 build/port.o
 .bss.ucMaxSysCallPriority
                0x20001fb8        0x1 build/port.o
 *fill*         0x20001fb9        0x3 
 .bss.hrtc      0x20001fbc       0x24 build/rtc.o
                0x20001fbc                hrtc
 .bss.__sf      0x20001fe0      0x138 C:/Program Files (x86)/Arm GNU Toolchain arm-none-eabi/14.3 rel1/bin/../lib/gcc/arm-none-eabi/14.3.1/../../../../arm-none-eabi/lib/thumb/v7e-m+fp/hard\libc_nano.a(libc_a-findfp.o)
                0x20001fe0                __sf
 .bss.__stdio_exit_handler
                0x20002118        0x4 C:/Program Files (x86)/Arm GNU Toolchain arm-none-eabi/14.3 rel1/bin/../lib/gcc/arm-none-eabi/14.3.1/../../../../arm-none-eabi/lib/thumb/v7e-m+fp/hard\libc_nano.a(libc_a-findfp.o)
                0x20002118                __stdio_exit_handler
 .bss.errno     0x2000211c        0x4 C:/Program Files (x86)/Arm GNU Toolchain arm-none-eabi/14.3 rel1/bin/../lib/gcc/arm-none-eabi/14.3.1/../../../../arm-none-eabi/lib/thumb/v7e-m+fp/hard\libc_nano.a(libc_a-reent.o)
                0x2000211c                errno
 .bss.__lock___malloc_recursive_mutex
                0x20002120        0x1 C:/Program Files (x86)/Arm GNU Toolchain arm-none-eabi/14.3 rel1/bin/../lib/gcc/arm-none-eabi/14.3.1/../../../../arm-none-eabi/lib/thumb/v7e-m+fp/hard\libc_nano.a(libc_a-lock.o)
                0x20002120                __lock___malloc_recursive_mutex
 .bss.__lock___sfp_recursive_mutex
                0x20002121        0x1 C:/Program Files (x86)/Arm GNU Toolchain arm-none-eabi/14.3 rel1/bin/../lib/gcc/arm-none-eabi/14.3.1/../../../../arm-none-eabi/lib/thumb/v7e-m+fp/hard\libc_nano.a(libc_a-lock.o)
                0x20002121                __lock___sfp_recursive_mutex
 *fill*         0x20002122        0x2 
 .bss.__malloc_sbrk_start
                0x20002124        0x4 C:/Program Files (x86)/Arm GNU Toolchain arm-none-eabi/14.3 rel1/bin/../lib/gcc/arm-none-eabi/14.3.1/../../../../arm-none-eabi/lib/thumb/v7e-m+fp/hard\libc_nano.a(libc_a-mallocr.o)
                0x20002124                __malloc_sbrk_start
 .bss.__malloc_free_list
                0x20002128        0x4 C:/Program Files (x86)/Arm GNU Toolchain arm-none-eabi/14.3 rel1/bin/../lib/gcc/arm-none-eabi/14.3.1/../../../../arm-none-eabi/lib/thumb/v7e-m+fp/hard\libc_nano.a(libc_a-mallocr.o)
                0x20002128                __malloc_free_list
 *(COMMON)
                0x2000212c                        . = ALIGN (0x4)
                0x2000212c                        _ebss = .
                0x2000212c                        __bss_end__ = _ebss

._user_heap_stack
                0x2000212c      0x604 load address 0x0800aaa0
                0x20002130                        . = ALIGN (0x8)
 *fill*         0x2000212c        0x4 
                [!provide]                        PROVIDE (end = .)
                0x20002130                        PROVIDE (_end = .)
                0x20002330                        . = (. + _Min_Heap_Size)
 *fill*         0x20002130      0x200 
                0x20002730                        . = (. + _Min_Stack_Size)
 *fill*         0x20002330      0x400 
                0x20002730                        . = ALIGN (0x8)

/DISCARD/
 libc.a(*)
 libm.a(*)
 libgcc.a(*)
OUTPUT(build/L4.elf elf32-littlearm)
LOAD linker stubs
LOAD C:/Program Files (x86)/Arm GNU Toolchain arm-none-eabi/14.3 rel1/bin/../lib/gcc/arm-none-eabi/14.3.1/../../../../arm-none-eabi/lib/thumb/v7e-m+fp/hard\libc.a
LOAD C:/Program Files (x86)/Arm GNU Toolchain arm-none-eabi/14.3 rel1/bin/../lib/gcc/arm-none-eabi/14.3.1/../../../../arm-none-eabi/lib/thumb/v7e-m+fp/hard\libm.a
LOAD C:/Program Files (x86)/Arm GNU Toolchain arm-none-eabi/14.3 rel1/bin/../lib/gcc/arm-none-eabi/14.3.1/thumb/v7e-m+fp/hard\libgcc.a

.ARM.attributes
                0x00000000       0x30
 .ARM.attributes
                0x00000000       0x22 C:/Program Files (x86)/Arm GNU Toolchain arm-none-eabi/14.3 rel1/bin/../lib/gcc/arm-none-eabi/14.3.1/thumb/v7e-m+fp/hard/crti.o
 .ARM.attributes
                0x00000022       0x34 C:/Program Files (x86)/Arm GNU Toolchain arm-none-eabi/14.3 rel1/bin/../lib/gcc/arm-none-eabi/14.3.1/thumb/v7e-m+fp/hard/crtbegin.o
 .ARM.attributes
                0x00000056       0x34 build/main.o
 .ARM.attributes
                0x0000008a       0x34 build/fal.o
 .ARM.attributes
                0x000000be       0x34 build/fal_flash.o
 .ARM.attributes
                0x000000f2       0x34 build/fal_partition.o
 .ARM.attributes
                0x00000126       0x34 build/fdb.o
 .ARM.attributes
                0x0000015a       0x34 build/fdb_kvdb.o
 .ARM.attributes
                0x0000018e       0x34 build/fdb_utils.o
 .ARM.attributes
                0x000001c2       0x34 build/fal_flash_w25q64.o
 .ARM.attributes
                0x000001f6       0x34 build/st7735.o
 .ARM.attributes
                0x0000022a       0x34 build/lcd_text.o
 .ARM.attributes
                0x0000025e       0x34 build/w25q64.o
 .ARM.attributes
                0x00000292       0x34 build/stm32l4xx_it.o
 .ARM.attributes
                0x000002c6       0x34 build/stm32l4xx_hal_msp.o
 .ARM.attributes
                0x000002fa       0x34 build/stm32l4xx_hal_spi.o
 .ARM.attributes
                0x0000032e       0x34 build/stm32l4xx_hal.o
 .ARM.attributes
                0x00000362       0x34 build/stm32l4xx_hal_rcc.o
 .ARM.attributes
                0x00000396       0x34 build/stm32l4xx_hal_rcc_ex.o
 .ARM.attributes
                0x000003ca       0x34 build/stm32l4xx_hal_gpio.o
 .ARM.attributes
                0x000003fe       0x34 build/stm32l4xx_hal_i2c.o
 .ARM.attributes
                0x00000432       0x34 build/stm32l4xx_hal_i2c_ex.o
 .ARM.attributes
                0x00000466       0x34 build/stm32l4xx_hal_pwr.o
 .ARM.attributes
                0x0000049a       0x34 build/stm32l4xx_hal_pwr_ex.o
 .ARM.attributes
                0x000004ce       0x34 build/stm32l4xx_hal_cortex.o
 .ARM.attributes
                0x00000502       0x34 build/system_stm32l4xx.o
 .ARM.attributes
                0x00000536       0x34 build/sysmem.o
 .ARM.attributes
                0x0000056a       0x34 build/syscalls.o
 .ARM.attributes
                0x0000059e       0x34 build/stm32l4xx_hal_uart.o
 .ARM.attributes
                0x000005d2       0x34 build/gpio.o
 .ARM.attributes
                0x00000606       0x34 build/i2c.o
 .ARM.attributes
                0x0000063a       0x34 build/spi.o
 .ARM.attributes
                0x0000066e       0x34 build/usart.o
 .ARM.attributes
                0x000006a2       0x34 build/freertos.o
 .ARM.attributes
                0x000006d6       0x34 build/stm32l4xx_hal_timebase_tim.o
 .ARM.attributes
                0x0000070a       0x34 build/stm32l4xx_hal_tim.o
 .ARM.attributes
                0x0000073e       0x34 build/stm32l4xx_hal_tim_ex.o
 .ARM.attributes
                0x00000772       0x34 build/list.o
 .ARM.attributes
                0x000007a6       0x34 build/queue.o
 .ARM.attributes
                0x000007da       0x34 build/tasks.o
 .ARM.attributes
                0x0000080e       0x34 build/timers.o
 .ARM.attributes
                0x00000842       0x34 build/cmsis_os2.o
 .ARM.attributes
                0x00000876       0x34 build/heap_4.o
 .ARM.attributes
                0x000008aa       0x34 build/port.o
 .ARM.attributes
                0x000008de       0x34 build/rtc.o
 .ARM.attributes
                0x00000912       0x34 build/stm32l4xx_hal_rtc.o
 .ARM.attributes
                0x00000946       0x21 build/startup_stm32l431xx.o
 .ARM.attributes
                0x00000967       0x34 C:/Program Files (x86)/Arm GNU Toolchain arm-none-eabi/14.3 rel1/bin/../lib/gcc/arm-none-eabi/14.3.1/../../../../arm-none-eabi/lib/thumb/v7e-m+fp/hard\libc_nano.a(libc_a-findfp.o)
 .ARM.attributes
                0x0000099b       0x34 C:/Program Files (x86)/Arm GNU Toolchain arm-none-eabi/14.3 rel1/bin/../lib/gcc/arm-none-eabi/14.3.1/../../../../arm-none-eabi/lib/thumb/v7e-m+fp/hard\libc_nano.a(libc_a-fwalk.o)
 .ARM.attributes
                0x000009cf       0x34 C:/Program Files (x86)/Arm GNU Toolchain arm-none-eabi/14.3 rel1/bin/../lib/gcc/arm-none-eabi/14.3.1/../../../../arm-none-eabi/lib/thumb/v7e-m+fp/hard\libc_nano.a(libc_a-printf.o)
 .ARM.attributes
                0x00000a03       0x34 C:/Program Files (x86)/Arm GNU Toolchain arm-none-eabi/14.3 rel1/bin/../lib/gcc/arm-none-eabi/14.3.1/../../../../arm-none-eabi/lib/thumb/v7e-m+fp/hard\libc_nano.a(libc_a-putchar.o)
 .ARM.attributes
                0x00000a37       0x34 C:/Program Files (x86)/Arm GNU Toolchain arm-none-eabi/14.3 rel1/bin/../lib/gcc/arm-none-eabi/14.3.1/../../../../arm-none-eabi/lib/thumb/v7e-m+fp/hard\libc_nano.a(libc_a-puts.o)
 .ARM.attributes
                0x00000a6b       0x34 C:/Program Files (x86)/Arm GNU Toolchain arm-none-eabi/14.3 rel1/bin/../lib/gcc/arm-none-eabi/14.3.1/../../../../arm-none-eabi/lib/thumb/v7e-m+fp/hard\libc_nano.a(libc_a-snprintf.o)
 .ARM.attributes
                0x00000a9f       0x34 C:/Program Files (x86)/Arm GNU Toolchain arm-none-eabi/14.3 rel1/bin/../lib/gcc/arm-none-eabi/14.3.1/../../../../arm-none-eabi/lib/thumb/v7e-m+fp/hard\libc_nano.a(libc_a-stdio.o)
 .ARM.attributes
                0x00000ad3       0x34 C:/Program Files (x86)/Arm GNU Toolchain arm-none-eabi/14.3 rel1/bin/../lib/gcc/arm-none-eabi/14.3.1/../../../../arm-none-eabi/lib/thumb/v7e-m+fp/hard\libc_nano.a(libc_a-wbuf.o)
 .ARM.attributes
                0x00000b07       0x34 C:/Program Files (x86)/Arm GNU Toolchain arm-none-eabi/14.3 rel1/bin/../lib/gcc/arm-none-eabi/14.3.1/../../../../arm-none-eabi/lib/thumb/v7e-m+fp/hard\libc_nano.a(libc_a-wsetup.o)
 .ARM.attributes
                0x00000b3b       0x34 C:/Program Files (x86)/Arm GNU Toolchain arm-none-eabi/14.3 rel1/bin/../lib/gcc/arm-none-eabi/14.3.1/../../../../arm-none-eabi/lib/thumb/v7e-m+fp/hard\libc_nano.a(libc_a-memset.o)
 .ARM.attributes
                0x00000b6f       0x34 C:/Program Files (x86)/Arm GNU Toolchain arm-none-eabi/14.3 rel1/bin/../lib/gcc/arm-none-eabi/14.3.1/../../../../arm-none-eabi/lib/thumb/v7e-m+fp/hard\libc_nano.a(libc_a-strncmp.o)
 .ARM.attributes
                0x00000ba3       0x34 C:/Program Files (x86)/Arm GNU Toolchain arm-none-eabi/14.3 rel1/bin/../lib/gcc/arm-none-eabi/14.3.1/../../../../arm-none-eabi/lib/thumb/v7e-m+fp/hard\libc_nano.a(libc_a-strncpy.o)
 .ARM.attributes
                0x00000bd7       0x34 C:/Program Files (x86)/Arm GNU Toolchain arm-none-eabi/14.3 rel1/bin/../lib/gcc/arm-none-eabi/14.3.1/../../../../arm-none-eabi/lib/thumb/v7e-m+fp/hard\libc_nano.a(libc_a-closer.o)
 .ARM.attributes
                0x00000c0b       0x34 C:/Program Files (x86)/Arm GNU Toolchain arm-none-eabi/14.3 rel1/bin/../lib/gcc/arm-none-eabi/14.3.1/../../../../arm-none-eabi/lib/thumb/v7e-m+fp/hard\libc_nano.a(libc_a-reent.o)
 .ARM.attributes
                0x00000c3f       0x34 C:/Program Files (x86)/Arm GNU Toolchain arm-none-eabi/14.3 rel1/bin/../lib/gcc/arm-none-eabi/14.3.1/../../../../arm-none-eabi/lib/thumb/v7e-m+fp/hard\libc_nano.a(libc_a-impure.o)
 .ARM.attributes
                0x00000c73       0x34 C:/Program Files (x86)/Arm GNU Toolchain arm-none-eabi/14.3 rel1/bin/../lib/gcc/arm-none-eabi/14.3.1/../../../../arm-none-eabi/lib/thumb/v7e-m+fp/hard\libc_nano.a(libc_a-lseekr.o)
 .ARM.attributes
                0x00000ca7       0x34 C:/Program Files (x86)/Arm GNU Toolchain arm-none-eabi/14.3 rel1/bin/../lib/gcc/arm-none-eabi/14.3.1/../../../../arm-none-eabi/lib/thumb/v7e-m+fp/hard\libc_nano.a(libc_a-readr.o)
 .ARM.attributes
                0x00000cdb       0x34 C:/Program Files (x86)/Arm GNU Toolchain arm-none-eabi/14.3 rel1/bin/../lib/gcc/arm-none-eabi/14.3.1/../../../../arm-none-eabi/lib/thumb/v7e-m+fp/hard\libc_nano.a(libc_a-writer.o)
 .ARM.attributes
                0x00000d0f       0x34 C:/Program Files (x86)/Arm GNU Toolchain arm-none-eabi/14.3 rel1/bin/../lib/gcc/arm-none-eabi/14.3.1/../../../../arm-none-eabi/lib/thumb/v7e-m+fp/hard\libc_nano.a(libc_a-errno.o)
 .ARM.attributes
                0x00000d43       0x34 C:/Program Files (x86)/Arm GNU Toolchain arm-none-eabi/14.3 rel1/bin/../lib/gcc/arm-none-eabi/14.3.1/../../../../arm-none-eabi/lib/thumb/v7e-m+fp/hard\libc_nano.a(libc_a-init.o)
 .ARM.attributes
                0x00000d77       0x34 C:/Program Files (x86)/Arm GNU Toolchain arm-none-eabi/14.3 rel1/bin/../lib/gcc/arm-none-eabi/14.3.1/../../../../arm-none-eabi/lib/thumb/v7e-m+fp/hard\libc_nano.a(libc_a-lock.o)
 .ARM.attributes
                0x00000dab       0x20 C:/Program Files (x86)/Arm GNU Toolchain arm-none-eabi/14.3 rel1/bin/../lib/gcc/arm-none-eabi/14.3.1/../../../../arm-none-eabi/lib/thumb/v7e-m+fp/hard\libc_nano.a(libc_a-strcmp.o)
 .ARM.attributes
                0x00000dcb       0x34 C:/Program Files (x86)/Arm GNU Toolchain arm-none-eabi/14.3 rel1/bin/../lib/gcc/arm-none-eabi/14.3.1/../../../../arm-none-eabi/lib/thumb/v7e-m+fp/hard\libc_nano.a(libc_a-memcpy-stub.o)
 .ARM.attributes
                0x00000dff       0x17 C:/Program Files (x86)/Arm GNU Toolchain arm-none-eabi/14.3 rel1/bin/../lib/gcc/arm-none-eabi/14.3.1/../../../../arm-none-eabi/lib/thumb/v7e-m+fp/hard\libc_nano.a(libc_a-strlen.o)
 .ARM.attributes
                0x00000e16       0x34 C:/Program Files (x86)/Arm GNU Toolchain arm-none-eabi/14.3 rel1/bin/../lib/gcc/arm-none-eabi/14.3.1/../../../../arm-none-eabi/lib/thumb/v7e-m+fp/hard\libc_nano.a(libc_a-freer.o)
 .ARM.attributes
                0x00000e4a       0x34 C:/Program Files (x86)/Arm GNU Toolchain arm-none-eabi/14.3 rel1/bin/../lib/gcc/arm-none-eabi/14.3.1/../../../../arm-none-eabi/lib/thumb/v7e-m+fp/hard\libc_nano.a(libc_a-mallocr.o)
 .ARM.attributes
                0x00000e7e       0x34 C:/Program Files (x86)/Arm GNU Toolchain arm-none-eabi/14.3 rel1/bin/../lib/gcc/arm-none-eabi/14.3.1/../../../../arm-none-eabi/lib/thumb/v7e-m+fp/hard\libc_nano.a(libc_a-mlock.o)
 .ARM.attributes
                0x00000eb2       0x34 C:/Program Files (x86)/Arm GNU Toolchain arm-none-eabi/14.3 rel1/bin/../lib/gcc/arm-none-eabi/14.3.1/../../../../arm-none-eabi/lib/thumb/v7e-m+fp/hard\libc_nano.a(libc_a-nano-svfprintf.o)
 .ARM.attributes
                0x00000ee6       0x34 C:/Program Files (x86)/Arm GNU Toolchain arm-none-eabi/14.3 rel1/bin/../lib/gcc/arm-none-eabi/14.3.1/../../../../arm-none-eabi/lib/thumb/v7e-m+fp/hard\libc_nano.a(libc_a-nano-vfprintf.o)
 .ARM.attributes